[2026-08-19 17:26:32] testing.INFO: settings.updated {"audit_id":"01m0cx74wmhfytp1fszmbxnfnj","actor_id":"01m0cx749ferkqr6psfx9f6rvq","target":":","request_id":"50563d90-48b4-43b4-8ae5-b83658a5ba24"} 
[2026-08-19 17:26:32] testing.INFO: settings.updated {"audit_id":"01m0cx760j031zfrjf3ps46c47","actor_id":"01m0cx7609crpb1vmmt6dvbvsk","target":":","request_id":"9e2f329c-154d-42a2-9f93-3dfb20242198"} 
[2026-08-19 17:26:32] testing.INFO: role.updated {"audit_id":"01m0cx768h8546cm9vj5xx1cde","actor_id":"01m0cx76867ej0ydjyxdxzfrvm","target":"Role:01m0cx766sqjc4ytktwyykh2mt","request_id":"4777e00d-e210-467e-a55f-1f1e0639eb16"} 
[2026-08-19 17:26:33] testing.INFO: settings.payment_method_qr_updated {"audit_id":"01m0cx77bbm1cy63jsa9nw547e","actor_id":"01m0cx7708rspx0g9a5a5n77kw","target":"PaymentMethod:01m0cx76bchtn17nxjb7dc0zr9","request_id":"b4d046da-b99b-4464-928d-2bc9a2124d99"} 
[2026-08-19 17:26:34] testing.INFO: settings.payment_method_qr_removed {"audit_id":"01m0cx77gj7hn8rftrhkgmtav5","actor_id":"01m0cx7708rspx0g9a5a5n77kw","target":"PaymentMethod:01m0cx76bchtn17nxjb7dc0zr9","request_id":"1bc1baf6-5e36-4c17-aa48-4d0d8ba0d4bb"} 
[2026-08-19 17:26:34] testing.INFO: settings.updated {"audit_id":"01m0cx77qeg0znrjtgxnvrarnk","actor_id":"01m0cx77q3kwstscjks726edmp","target":":","request_id":"2559d669-a3cd-4559-948b-311539adc142"} 
[2026-08-19 17:26:34] testing.INFO: faq.created {"audit_id":"01m0cx77v4y2jz8avv9x0nz2hh","actor_id":"01m0cx77tsfjj7zzwjajp642bq","target":"Faq:01m0cx77v3z1v28ajzn8j5as3f","request_id":"7d47b8b4-6863-4b5e-9cdc-4e9de786aa9e"} 
[2026-08-19 17:26:34] testing.INFO: faq.updated {"audit_id":"01m0cx77vdygv2435grkj3hgnh","actor_id":"01m0cx77tsfjj7zzwjajp642bq","target":"Faq:01m0cx77v3z1v28ajzn8j5as3f","request_id":"57c73264-d151-4a1b-b5d4-9bf0dad07833"} 
[2026-08-19 17:26:34] testing.INFO: faq.deleted {"audit_id":"01m0cx77vs09ptc64nesjsqt2b","actor_id":"01m0cx77tsfjj7zzwjajp642bq","target":"Faq:01m0cx77v3z1v28ajzn8j5as3f","request_id":"53ddfab3-02ce-4a88-98a0-80e2f6310329"} 
[2026-08-19 17:26:34] testing.INFO: attempt.started {"audit_id":"01m0cx787p9rb617ryqvq28h8m","actor_id":"01m0cx785qnc0nxv7qgx9sz14j","target":"TestAttempt:01m0cx787n2j0jfmq4v7hcb3gd","request_id":"d08982ac-191c-47eb-8bd9-2623f92295fe"} 
[2026-08-19 17:26:35] testing.INFO: attempt.started {"audit_id":"01m0cx78jq6ndefcyaye38rqzc","actor_id":"01m0cx78j98mrkhxv4ashap8fz","target":"TestAttempt:01m0cx78jpedbhjn97k1enynmj","request_id":"71febdde-5025-450d-a2a5-6f1ae54b8bf0"} 
[2026-08-19 17:26:35] testing.INFO: attempt.started {"audit_id":"01m0cx78k00c6mk3b20p9ry30v","actor_id":"01m0cx78j98mrkhxv4ashap8fz","target":"TestAttempt:01m0cx78jpedbhjn97k1enynmj","request_id":"423eba7b-000a-4a5a-9eef-388a8f899eb7"} 
[2026-08-19 17:26:35] testing.INFO: attempt.started {"audit_id":"01m0cx78pjdwsz974pnx4jk2y7","actor_id":"01m0cx78p62ys3jy1gcn1tw7z1","target":"TestAttempt:01m0cx78phw2zvhkjv230qcqpz","request_id":"d667e7a8-5c80-4066-b64a-07253d7e70d7"} 
[2026-08-19 17:26:35] testing.INFO: attempt.started {"audit_id":"01m0cx78vaz28xtqda07znk8bk","actor_id":"01m0cx78ty142mn3svknmpasqh","target":"TestAttempt:01m0cx78v9a2zj03gmakr3py88","request_id":"c64dcc2c-a17b-4465-9b9b-ff2eda19b0ff"} 
[2026-08-19 17:26:35] testing.INFO: attempt.submitted {"audit_id":"01m0cx78vtn6q63wt12yexp6kf","actor_id":"01m0cx78ty142mn3svknmpasqh","target":"TestAttempt:01m0cx78v9a2zj03gmakr3py88","request_id":"0e0bd2a1-a079-4c52-af1f-a1d542589d82"} 
[2026-08-19 17:26:35] testing.INFO: auth.logged_in {"audit_id":"01m0cx7939s8vmdbjkr6r3r7j0","actor_id":"01m0cx792cqpr2rv432vx2gwzs","target":"User:01m0cx792cqpr2rv432vx2gwzs","request_id":"d38b68ac-8073-48ce-9464-1b0bfbde2015"} 
[2026-08-19 17:26:35] testing.INFO: auth.logged_out {"audit_id":"01m0cx7949v4h6f260tczn3txc","actor_id":"01m0cx792cqpr2rv432vx2gwzs","target":"User:01m0cx792cqpr2rv432vx2gwzs","request_id":"59de85c3-426e-451d-8f4b-7960d9729f1e"} 
[2026-08-19 17:26:35] testing.INFO: auth.logged_in {"audit_id":"01m0cx794d713rhjw4cd04a7tg","actor_id":"01m0cx792cqpr2rv432vx2gwzs","target":"User:01m0cx792cqpr2rv432vx2gwzs","request_id":"42ad0d84-679c-45dd-af52-c7ea689770a8"} 
[2026-08-19 17:26:36] testing.INFO: auth.account_locked {"audit_id":"01m0cx79cxdd5mdpkkvkbh3dn2","actor_id":"01m0cx79c55hcpm7f66bgjx80z","target":"User:01m0cx79c55hcpm7f66bgjx80z","request_id":"ce888b38-9108-4af9-843b-6dd72bcfa7e2"} 
[2026-08-19 17:26:36] testing.INFO: auth.password_changed {"audit_id":"01m0cx79kqedqnrtnxk5r64w5z","actor_id":"01m0cx79gbq6hn5e3gs5syb57r","target":"User:01m0cx79gbq6hn5e3gs5syb57r","request_id":"7df8c59e-a04d-4a9e-a2ef-7ccb5a62293f"} 
[2026-08-19 17:26:36] testing.INFO: account.profile_updated {"audit_id":"01m0cx79qceqa7rbfajwej2xz3","actor_id":"01m0cx79q3qajhk8sys9sbvs68","target":"User:01m0cx79q3qajhk8sys9sbvs68","request_id":"aa26233a-546d-42a4-9501-5a19b877a0cc"} 
[2026-08-19 17:26:36] testing.INFO: course.updated {"audit_id":"01m0cx7a0akwhy5xn9r3avkj7z","actor_id":"01m0cx79zt1akjm654e8h9vg02","target":"Course:01m0cx79zw3b13tw8y6dzj6akn","request_id":"ca54d978-1760-4b43-90e3-0e34b9275e8a"} 
[2026-08-19 17:26:36] testing.INFO: course.updated {"audit_id":"01m0cx7a3vxw7mpwdw9hqknxvf","actor_id":"01m0cx7a3g40hwdgmxzw0tqq7z","target":"Course:01m0cx7a3j8f9wp6s9e4yk0qyp","request_id":"afb93562-3822-4410-b022-f453c4f9c159"} 
[2026-08-19 17:26:36] testing.INFO: course.thumbnail_updated {"audit_id":"01m0cx7a7y2t656mf9epan3jjp","actor_id":"01m0cx7a6yfte6b5rd8m9aagq1","target":"Course:01m0cx7a6z6bvcjt06t4b2rb3p","request_id":"c7818bab-5182-4c57-adaf-5fd64c479817"} 
[2026-08-19 17:26:36] testing.INFO: course.thumbnail_updated {"audit_id":"01m0cx7a8ej2jmrpzxn1wf92es","actor_id":"01m0cx7a6yfte6b5rd8m9aagq1","target":"Course:01m0cx7a6z6bvcjt06t4b2rb3p","request_id":"e5b797ec-28d6-4fde-9eb2-271394324330"} 
[2026-08-19 17:26:37] testing.INFO: course.thumbnail_updated {"audit_id":"01m0cx7achm1hsc9f7nrm5trxg","actor_id":"01m0cx7abqvq8ee0ethp2nr3kg","target":"Course:01m0cx7abspbnyt36kfyv4jmtt","request_id":"aa15fb17-3698-409d-bb25-80c68016382d"} 
[2026-08-19 17:26:37] testing.INFO: course.thumbnail_removed {"audit_id":"01m0cx7acsteedbth8m7k7nsgr","actor_id":"01m0cx7abqvq8ee0ethp2nr3kg","target":"Course:01m0cx7abspbnyt36kfyv4jmtt","request_id":"76f6f4a0-1fb9-43fb-8ad5-d317c6fe835e"} 
[2026-08-19 17:26:37] testing.INFO: course.thumbnail_updated {"audit_id":"01m0cx7agb8yxk1cx0atay543f","actor_id":"01m0cx7afss8259np4aqtbpdv7","target":"Course:01m0cx7afv7xcj4qesytmsv7xh","request_id":"fc4b43bf-8950-443d-a1ee-eff7f18c551d"} 
[2026-08-19 17:26:41] testing.INFO: payment.approved {"audit_id":"01m0cx7egrf3n34mnc7ddcgcbz","actor_id":"01m0cx7avgdfr8752v1awf0tkz","target":"Payment:01m0cx7avn6z7svf9ds2nmeemb","request_id":"e083bd09-6042-4e29-8680-1f4b9f3ae53c"} 
[2026-08-19 17:26:41] testing.INFO: auth.logged_in {"audit_id":"01m0cx7erb47er492vv64v0say","actor_id":"01m0cx7er2v7x613q8ztq5cgjt","target":"User:01m0cx7er2v7x613q8ztq5cgjt","request_id":"b8659b15-272e-413b-b60d-68d7478d4b52"} 
[2026-08-19 17:26:41] testing.INFO: auth.logged_out {"audit_id":"01m0cx7erjt01pernxjqfgy9sh","actor_id":"01m0cx7er2v7x613q8ztq5cgjt","target":"User:01m0cx7er2v7x613q8ztq5cgjt","request_id":"5cd93360-5338-43f6-a9b3-5c538312b759"} 
[2026-08-19 17:26:41] testing.INFO: auth.logged_in {"audit_id":"01m0cx7errs5k1mxbaek8gw450","actor_id":"01m0cx7er2v7x613q8ztq5cgjt","target":"User:01m0cx7er2v7x613q8ztq5cgjt","request_id":"28aa9763-0a1b-4c85-b66d-71d98a7df7c0"} 
[2026-08-19 17:26:41] testing.INFO: auth.logged_in {"audit_id":"01m0cx7evya101shshwew36sbv","actor_id":"01m0cx7evq3k0jrfsb41nvmydw","target":"User:01m0cx7evq3k0jrfsb41nvmydw","request_id":"e180338d-a9ce-4889-9ce4-629d2abf632d"} 
[2026-08-19 17:26:41] testing.INFO: user.devices_reset {"audit_id":"01m0cx7ezm0bwgncevrexbqqhy","actor_id":"01m0cx7ez6p4tax7sacxat5mrx","target":"User:01m0cx7ez8kk88anw56dbwqj7h","request_id":"c31c9189-adb4-4e8e-9654-6ddba55b82f0"} 
[2026-08-19 17:26:42] testing.INFO: enrollment_request.approved {"audit_id":"01m0cx7fdm4571ykh28vjxn2xa","actor_id":"01m0cx7f2v2w70bpm5mbrqnnmm","target":"EnrollmentRequest:01m0cx7f2xn7xea7fwd6tty7ez","request_id":"1aca43e3-f548-4fb3-aff2-7a62bed06deb"} 
[2026-08-19 17:26:42] testing.INFO: enrollment_request.approved {"audit_id":"01m0cx7fmr38hxpkmtv1dvf48v","actor_id":"01m0cx7fmbw24y67d5axz6w1vx","target":"EnrollmentRequest:01m0cx7fmcctn1f8k455a42dt6","request_id":"c0fe8202-7bd9-4465-bb34-9683cec5e478"} 
[2026-08-19 17:26:42] testing.INFO: enrollment_request.rejected {"audit_id":"01m0cx7fraz7v2kteazw7v7wzn","actor_id":"01m0cx7fqynt0s4af6f06nmxnt","target":"EnrollmentRequest:01m0cx7fqzzmy0q6x4s0echwhz","request_id":"c98f1458-bf6e-4432-b018-9602e2498a15"} 
[2026-08-19 17:26:42] testing.INFO: settings.updated {"audit_id":"01m0cx7g5fye6p5k6pcv9a0232","actor_id":"01m0cx7g55xj028ndyjmf7bfv1","target":":","request_id":"5961c3db-0a9e-4e42-af4e-b740493d767d"} 
[2026-08-19 17:26:43] testing.INFO: settings.updated {"audit_id":"01m0cx7g94g65m9mwahqxhrxtf","actor_id":"01m0cx7g8st7qdk7wvd88cyg38","target":":","request_id":"6db928cb-c748-4fbd-b4a2-cec9690d3408"} 
[2026-08-19 17:26:43] testing.INFO: settings.updated {"audit_id":"01m0cx7g9f65446bdvqdxcnk8m","actor_id":"01m0cx7g8st7qdk7wvd88cyg38","target":":","request_id":"7efe33d7-ec81-48e6-b85c-801dd4832f70"} 
[2026-08-19 17:26:43] testing.INFO: payment.approved {"audit_id":"01m0cx7gzyqgd7yn54zct28db0","actor_id":"01m0cx7gss1b2jakpmdhbhwfkx","target":"Payment:01m0cx7gst5vy6hjb2tqz2sakx","request_id":"2c30e842-a37c-49db-a8ed-57afcab89948"} 
[2026-08-19 17:26:44] testing.INFO: payment.approved {"audit_id":"01m0cx7h95s0pty7c34mprm3gy","actor_id":"01m0cx7h32j0f0h09svz18rh69","target":"Payment:01m0cx7h33bnrmmfgv2xttaje2","request_id":"c0a18049-d296-4571-836b-e5ca4b54aaf4"} 
[2026-08-19 17:26:44] testing.INFO: payment.approved {"audit_id":"01m0cx7hyzfgxehhrwmdtcgmf6","actor_id":"01m0cx7hs5p4332y02bhzeg7aj","target":"Payment:01m0cx7hs6v5ar594885kjq8jw","request_id":"e55c36b0-6e70-43f9-8e6b-1412d82cf962"} 
[2026-08-19 17:26:45] testing.INFO: payment.rejected {"audit_id":"01m0cx7j67rjcfyetnfgvfjrda","actor_id":"01m0cx7j5tp26280nm82rywexn","target":"Payment:01m0cx7j5wa1ddyjwbe0teryzt","request_id":"b9fdbf45-939f-4e6f-b294-46d467b26a5a"} 
[2026-08-19 17:26:45] testing.INFO: refund.recorded {"audit_id":"01m0cx7jh38esp4kwref5nd9ec","actor_id":"01m0cx7jgjpr8f3ag0kjb79zxx","target":"Refund:01m0cx7jh2g8qp9ckec7q44nbn","request_id":"fc20134f-1bea-44f6-b6c8-999ac309ed2b"} 
[2026-08-19 17:26:45] testing.INFO: refund.processed {"audit_id":"01m0cx7jhpds12hn7s1cdgfvk2","actor_id":"01m0cx7jgm06yj2pnawye7wxe0","target":"Refund:01m0cx7jh2g8qp9ckec7q44nbn","request_id":"c152bd5e-b592-49ab-a978-37558f52cb8e"} 
[2026-08-19 17:26:47] testing.INFO: user.suspend {"audit_id":"01m0cx7m91cd4nvm465waq5dtc","actor_id":"01m0cx7m87eg1m46t9vpg78xj8","target":"User:01m0cx7m8bpx4hper8pmwckny0","request_id":"2ff115b2-596a-4e51-af2e-94121cf6f2a7"} 
[2026-08-19 17:26:47] testing.INFO: user.archived {"audit_id":"01m0cx7md05gwb4a6n4jdvntfc","actor_id":"01m0cx7mc2qbmxzs7888ffr89h","target":"User:01m0cx7mc9nrbr6xj3efybnnk7","request_id":"bca2df80-91b3-4487-a864-e04cbe3e3844"} 
[2026-08-19 17:26:47] testing.INFO: user.archived {"audit_id":"01m0cx7mgd74gys7bf4gjkhqf5","actor_id":"01m0cx7mg7x4bzmys0qae355bz","target":"User:01m0cx7mfxeypt5vfhwtvwqqm4","request_id":"cd2bc710-a7cb-41bb-8871-c417f701750e"} 
[2026-08-19 17:26:47] testing.INFO: user.updated {"audit_id":"01m0cx7mknjz9vnjgrx1sgrje0","actor_id":"01m0cx7mkay3pfap01tvhjzkgj","target":"User:01m0cx7mkdx1n0xkj952vj6nh3","request_id":"bac82ff0-20ed-43cc-aeca-e8d4a526ce14"} 
[2026-08-19 17:26:48] testing.INFO: test.published {"audit_id":"01m0cx7n35qrczcks2q3dascff","actor_id":"01m0cx7n2915nk8dfpaf40dy7a","target":"Test:01m0cx7n2c4hwze2wt4tv49hcq","request_id":"91a45e16-ed94-4ae4-b681-c86d4b881f84"} 
[2026-08-19 17:26:49] testing.INFO: payment.submitted {"audit_id":"01m0cx7p2qhvgcf3nwx0771j69","actor_id":"01m0cx7p1v6t0eccs60smzxvrj","target":"Payment:01m0cx7p2pb36ap15yfyxb2y7c","request_id":"9b04f4da-6e79-4713-bb51-f9f7a34a8972"} 
[2026-08-19 17:26:49] testing.INFO: payment.approved_at_capture {"audit_id":"01m0cx7p8wvzch64w4zr9qgsm2","actor_id":"01m0cx7p1v6t0eccs60smzxvrj","target":"Payment:01m0cx7p2pb36ap15yfyxb2y7c","request_id":"9b04f4da-6e79-4713-bb51-f9f7a34a8972"} 
[2026-08-19 17:26:49] testing.INFO: payment.submitted {"audit_id":"01m0cx7pda6g3kw6hx1ctcr9xx","actor_id":"01m0cx7pcj7z50ncy4em8jbybf","target":"Payment:01m0cx7pd9m0717yg55xgrxfv7","request_id":"56c5c786-3ac1-44c0-95c4-b66c3bc92901"} 
[2026-08-19 17:26:49] testing.INFO: payment.approved_at_capture {"audit_id":"01m0cx7pk3nz6tn3fjgchet5de","actor_id":"01m0cx7pcj7z50ncy4em8jbybf","target":"Payment:01m0cx7pd9m0717yg55xgrxfv7","request_id":"56c5c786-3ac1-44c0-95c4-b66c3bc92901"} 
[2026-08-19 17:26:49] testing.INFO: payment.submitted {"audit_id":"01m0cx7pkrxvzvjd9z4x3nv2fx","actor_id":"01m0cx7pcj7z50ncy4em8jbybf","target":"Payment:01m0cx7pkqka25ejywn80z39y9","request_id":"2bd1c545-c6c7-48b9-96d6-322cc695a79b"} 
[2026-08-19 17:26:49] testing.INFO: payment.approved {"audit_id":"01m0cx7ptgsmpsxnb3eyjamm5p","actor_id":"01m0cx7pcmsdfr4qfys3jd4h04","target":"Payment:01m0cx7pkqka25ejywn80z39y9","request_id":"6a309840-c67b-4e93-a1d8-eddb13103887"} 
[2026-08-19 17:26:50] testing.INFO: recording.deleted {"audit_id":"01m0cx7qvvw56zj5v54b754w4w","actor_id":"01m0cx7qvdb75cdyhxb1ng9x3q","target":"Recording:01m0cx7qvej05sg5pa2nbk1tvw","request_id":"46705808-4d38-4ea2-90cc-0f319800c05b"} 
[2026-08-19 17:27:22] testing.INFO: settings.institution_logo_updated {"audit_id":"01m0cx8q15kagmm4te7mvwd2j3","actor_id":"01m0cx8pz7fwbfqya2w4tgyenv","target":":","request_id":"c32887ac-2c05-4355-96c7-5d08315879b1"} 
[2026-08-19 17:27:22] testing.INFO: settings.institution_logo_updated {"audit_id":"01m0cx8q2a53ych8f0aw7c0bvg","actor_id":"01m0cx8pz7fwbfqya2w4tgyenv","target":":","request_id":"8996cf23-4f6b-4465-8d74-79778b9a5184"} 
[2026-08-19 17:27:22] testing.INFO: settings.institution_logo_removed {"audit_id":"01m0cx8q2kyam7tvy2wz1havad","actor_id":"01m0cx8pz7fwbfqya2w4tgyenv","target":":","request_id":"09412901-63f9-4482-81ed-43a366492739"} 
[2026-08-19 17:27:22] testing.INFO: settings.institution_favicon_updated {"audit_id":"01m0cx8q6a30j4sgkx4gye2rs6","actor_id":"01m0cx8q5z8vt3v294wq8ad64j","target":":","request_id":"6ea9e11c-b070-4bf7-b616-16ee345957f4"} 
[2026-08-19 17:27:23] testing.INFO: settings.updated {"audit_id":"01m0cx8qa712es0zyw6c314ezm","actor_id":"01m0cx8q9tmcw75qmneaegjm3k","target":":","request_id":"ddc39653-28f5-46db-a833-24867efa8234"} 
[2026-08-19 17:27:36] testing.INFO: settings.institution_logo_updated {"audit_id":"01m0cx94fxevwe48wqcypff2eb","actor_id":"01m0cx94dq700vx3jjqx5f8jjv","target":":","request_id":"ab904370-3a5e-45dc-ab55-1266ab19d3f0"} 
[2026-08-19 17:27:36] testing.INFO: settings.institution_logo_updated {"audit_id":"01m0cx94h16tndxqqps08g3t0c","actor_id":"01m0cx94dq700vx3jjqx5f8jjv","target":":","request_id":"0d8cf83f-085c-486d-b957-a6ff12a9bce2"} 
[2026-08-19 17:27:37] testing.INFO: settings.institution_favicon_updated {"audit_id":"01m0cx959rxwhkvvwbhea6tv8s","actor_id":"01m0cx959bk3gqfhnf8ynfmhv3","target":":","request_id":"1ff6ae22-a3fa-450e-beb8-80118d719a8d"} 
[2026-08-19 17:27:37] testing.INFO: settings.updated {"audit_id":"01m0cx95dj627pxqw5haywm1ct","actor_id":"01m0cx95d5zhdhmd5w9w1yxrzp","target":":","request_id":"d4a60b1a-8d82-4b7e-80f1-ac4334ace2f4"} 
[2026-08-19 17:27:49] testing.INFO: settings.updated {"audit_id":"01m0cx9hkrwzhxpapyr3m17f5k","actor_id":"01m0cx9hjh5zf590gbb9tb5ne7","target":":","request_id":"58ec4fa7-27ab-42e4-acc6-f77aae6bf959"} 
[2026-08-19 17:27:50] testing.INFO: settings.updated {"audit_id":"01m0cx9hvgdgdp0vab5e85eg9h","actor_id":"01m0cx9hv7ff7xym7tvk34xyf3","target":":","request_id":"0e0c8550-f5af-43ce-8e8c-05590f66e860"} 
[2026-08-19 17:27:50] testing.INFO: role.updated {"audit_id":"01m0cx9j25qbnd57bppbzrsbs7","actor_id":"01m0cx9j1sztnw8tpye0ebm6jc","target":"Role:01m0cx9j0ebwxqmkqy798288ee","request_id":"4bc83854-332a-46f1-8165-3a459cd25dca"} 
[2026-08-19 17:27:50] testing.INFO: settings.payment_method_qr_updated {"audit_id":"01m0cx9j619hvqr0zzxzt9kd5j","actor_id":"01m0cx9j5cdpqvgzf112xr97k7","target":"PaymentMethod:01m0cx9j4zk7j48e1knpk3t3vg","request_id":"2db79d0d-d1ee-4407-8b24-fbf450dec5db"} 
[2026-08-19 17:27:50] testing.INFO: settings.payment_method_qr_removed {"audit_id":"01m0cx9j69sjkh81xremtyd9b9","actor_id":"01m0cx9j5cdpqvgzf112xr97k7","target":"PaymentMethod:01m0cx9j4zk7j48e1knpk3t3vg","request_id":"bf6dec18-da7c-41be-ad15-199c99a2fce7"} 
[2026-08-19 17:27:50] testing.INFO: settings.updated {"audit_id":"01m0cx9jcqmgyk544t8rfzfdn0","actor_id":"01m0cx9jcep4s6fdacb1rhbd9d","target":":","request_id":"6d78f5df-eaee-42e2-8c45-29ef7960cd6f"} 
[2026-08-19 17:27:50] testing.INFO: faq.created {"audit_id":"01m0cx9jgceazvmgvvkdwj00a0","actor_id":"01m0cx9jg06xg58a34z9cw5ybf","target":"Faq:01m0cx9jgbznv8p90nn2rzkk17","request_id":"258fe736-0ddd-4816-af08-be5b58f7ef13"} 
[2026-08-19 17:27:50] testing.INFO: faq.updated {"audit_id":"01m0cx9jgkfec782z8ebc48v26","actor_id":"01m0cx9jg06xg58a34z9cw5ybf","target":"Faq:01m0cx9jgbznv8p90nn2rzkk17","request_id":"b170a3bb-5cd0-440f-856a-8db80e6726c7"} 
[2026-08-19 17:27:50] testing.INFO: faq.deleted {"audit_id":"01m0cx9jgw810mqqtf7dx39j9q","actor_id":"01m0cx9jg06xg58a34z9cw5ybf","target":"Faq:01m0cx9jgbznv8p90nn2rzkk17","request_id":"9abc276f-b5f9-4d4b-93e1-be1cae1b9183"} 
[2026-08-19 17:27:51] testing.INFO: attempt.started {"audit_id":"01m0cx9jtfrvmtj4g2mgjts9wj","actor_id":"01m0cx9jsztf1fky90atwm9gcw","target":"TestAttempt:01m0cx9jte493chec7aw1af8js","request_id":"7186136b-ec3c-4d9f-851b-7655e72b76b3"} 
[2026-08-19 17:27:51] testing.INFO: attempt.started {"audit_id":"01m0cx9k10ba2cydjyqctzt0cm","actor_id":"01m0cx9k0m0n7vqxf9kzdqd246","target":"TestAttempt:01m0cx9k0zrd33wn0trs36sves","request_id":"5db6b080-5d15-4abe-9051-0fe837693ef8"} 
[2026-08-19 17:27:51] testing.INFO: attempt.started {"audit_id":"01m0cx9k18g5214txa3r1xvzgn","actor_id":"01m0cx9k0m0n7vqxf9kzdqd246","target":"TestAttempt:01m0cx9k0zrd33wn0trs36sves","request_id":"a7eae671-9e21-4baa-9ecf-aa482647a427"} 
[2026-08-19 17:27:51] testing.INFO: attempt.started {"audit_id":"01m0cx9k4c24vqjnnnx64x87mz","actor_id":"01m0cx9k407y0yfqhwv0ap4fp2","target":"TestAttempt:01m0cx9k4bd52e92cdrn0c37mb","request_id":"1beb376a-0748-400d-89a6-776f6d520149"} 
[2026-08-19 17:27:51] testing.INFO: attempt.started {"audit_id":"01m0cx9k88h8emx7dvr9v8zed9","actor_id":"01m0cx9k7vxch1d9h45cbw7ry9","target":"TestAttempt:01m0cx9k87ptvac27s6vceg4ae","request_id":"5cb0f585-1542-4e99-a78b-14fa439f5e65"} 
[2026-08-19 17:27:51] testing.INFO: attempt.submitted {"audit_id":"01m0cx9k8r2tqgsqbe614h4jnp","actor_id":"01m0cx9k7vxch1d9h45cbw7ry9","target":"TestAttempt:01m0cx9k87ptvac27s6vceg4ae","request_id":"84ae770c-d80c-4918-a2ae-88b7182ec628"} 
[2026-08-19 17:27:51] testing.INFO: auth.logged_in {"audit_id":"01m0cx9kfbjmfp69852byw5v2h","actor_id":"01m0cx9kezm623jr76x2bj44fn","target":"User:01m0cx9kezm623jr76x2bj44fn","request_id":"ec594ef4-b6a0-4aaf-9572-25f6c2449cf0"} 
[2026-08-19 17:27:51] testing.INFO: auth.logged_out {"audit_id":"01m0cx9kfn7sx80x75j56s081g","actor_id":"01m0cx9kezm623jr76x2bj44fn","target":"User:01m0cx9kezm623jr76x2bj44fn","request_id":"92991b66-f589-4706-856b-16001ade2301"} 
[2026-08-19 17:27:51] testing.INFO: auth.logged_in {"audit_id":"01m0cx9kfty0f4518cs7jjm4f2","actor_id":"01m0cx9kezm623jr76x2bj44fn","target":"User:01m0cx9kezm623jr76x2bj44fn","request_id":"b2a5e512-a2f5-4715-a82e-85dc5fccea33"} 
[2026-08-19 17:27:52] testing.INFO: auth.account_locked {"audit_id":"01m0cx9kpf36y1agb32sp9cjyv","actor_id":"01m0cx9knrv73n8gm436ggyna6","target":"User:01m0cx9knrv73n8gm436ggyna6","request_id":"b816d2b2-d297-4438-9d94-57e34de39c2e"} 
[2026-08-19 17:27:52] testing.INFO: auth.password_changed {"audit_id":"01m0cx9kt1m568jgh1hzh4fw8b","actor_id":"01m0cx9ksh59y39n90zevvtm9c","target":"User:01m0cx9ksh59y39n90zevvtm9c","request_id":"3ed2f81d-5bd6-47c2-9591-ba327763e9fb"} 
[2026-08-19 17:27:52] testing.INFO: account.profile_updated {"audit_id":"01m0cx9kxj8jr7pkb6av9wep85","actor_id":"01m0cx9kx9z0e95d5e6s5d76kq","target":"User:01m0cx9kx9z0e95d5e6s5d76kq","request_id":"910ad922-06fe-43bc-8e5a-33d251d3db78"} 
[2026-08-19 17:27:52] testing.INFO: course.updated {"audit_id":"01m0cx9m407chffnd3nnsjzbaa","actor_id":"01m0cx9m3gj1n3e2kv383x3avk","target":"Course:01m0cx9m3jy1bbnmwj2jzpdqhp","request_id":"00555daf-fa8a-4c5f-9fe5-1bf9d04fc865"} 
[2026-08-19 17:27:52] testing.INFO: course.updated {"audit_id":"01m0cx9m7g94xrdq4dqt1xzspd","actor_id":"01m0cx9m747bd8vgmsg1nr12rd","target":"Course:01m0cx9m76wsyhh4f2hpm0gabp","request_id":"94855aff-8f78-4b1f-ba26-d4ecba7c926f"} 
[2026-08-19 17:27:52] testing.INFO: course.thumbnail_updated {"audit_id":"01m0cx9mb2d6zfmjsvkm6sjpdy","actor_id":"01m0cx9maek7g5991d6s74vshk","target":"Course:01m0cx9mafwdjxc837s7fb62y1","request_id":"6202671d-ed59-40d5-a479-7133d398ecc3"} 
[2026-08-19 17:27:52] testing.INFO: course.thumbnail_updated {"audit_id":"01m0cx9mbh90gngkc69qb3ftn8","actor_id":"01m0cx9maek7g5991d6s74vshk","target":"Course:01m0cx9mafwdjxc837s7fb62y1","request_id":"9e7bee16-c268-441f-9eb8-9c54b934a05c"} 
[2026-08-19 17:27:52] testing.INFO: course.thumbnail_updated {"audit_id":"01m0cx9mf8svemr8xvp7t5bf4p","actor_id":"01m0cx9meeemyhm85772zt3xyy","target":"Course:01m0cx9megw2mecxh59v241b8v","request_id":"e3ad6a32-8c0f-4a6d-8678-fad6c3d758f9"} 
[2026-08-19 17:27:52] testing.INFO: course.thumbnail_removed {"audit_id":"01m0cx9mfg698eh5qv7eya1mjc","actor_id":"01m0cx9meeemyhm85772zt3xyy","target":"Course:01m0cx9megw2mecxh59v241b8v","request_id":"1dfebc53-753a-4cfc-9af6-0e462d8f663c"} 
[2026-08-19 17:27:53] testing.INFO: course.thumbnail_updated {"audit_id":"01m0cx9mjy40h0p7763m0zjsv6","actor_id":"01m0cx9mjbwb17rfztvtmth019","target":"Course:01m0cx9mjezbjfwaaaca6qctcr","request_id":"6206dd6d-f1e5-46db-b05c-93c93fe4dc9c"} 
[2026-08-19 17:27:53] testing.INFO: payment.approved {"audit_id":"01m0cx9n5dh3tfh7vnkwtp16h0","actor_id":"01m0cx9mx2rja4v7shgnresvxj","target":"Payment:01m0cx9mx7g8gd48cfkcq20c90","request_id":"625ceb13-2a21-4314-b2b1-0e1e8a635cc5"} 
[2026-08-19 17:27:53] testing.INFO: auth.logged_in {"audit_id":"01m0cx9ncp27z29trecngpx311","actor_id":"01m0cx9ncd18wmzphc2eysn35d","target":"User:01m0cx9ncd18wmzphc2eysn35d","request_id":"d5537cf4-b089-4d61-aabd-69b95f5bc4b5"} 
[2026-08-19 17:27:53] testing.INFO: auth.logged_out {"audit_id":"01m0cx9ncw5yjf9jhcptx752ge","actor_id":"01m0cx9ncd18wmzphc2eysn35d","target":"User:01m0cx9ncd18wmzphc2eysn35d","request_id":"7da605eb-c986-4cbe-ae9d-a5a5993b790e"} 
[2026-08-19 17:27:53] testing.INFO: auth.logged_in {"audit_id":"01m0cx9nd3h1sw14nb9bgvm7a0","actor_id":"01m0cx9ncd18wmzphc2eysn35d","target":"User:01m0cx9ncd18wmzphc2eysn35d","request_id":"3a65b5ef-8754-4e18-bb14-b766c6ff5576"} 
[2026-08-19 17:27:53] testing.INFO: auth.logged_in {"audit_id":"01m0cx9ng914wnmny0rth4wjs5","actor_id":"01m0cx9ng1k5ftsfat12tekpzy","target":"User:01m0cx9ng1k5ftsfat12tekpzy","request_id":"b4d4b7bb-f81c-4a70-a180-6d26eee4b577"} 
[2026-08-19 17:27:54] testing.INFO: user.devices_reset {"audit_id":"01m0cx9nkjxdyknk5dn9v27q9p","actor_id":"01m0cx9nk47dnbz4bbpfz8vgk1","target":"User:01m0cx9nk71tsmrnp1k11dfz9x","request_id":"1a5bfa1a-928c-4443-8fde-0da19f352f34"} 
[2026-08-19 17:27:54] testing.INFO: enrollment_request.approved {"audit_id":"01m0cx9nq4sweyjsdd03b2pz30","actor_id":"01m0cx9npn8xftrs6j7eajjvy3","target":"EnrollmentRequest:01m0cx9npqqhprtf8ky2nh3dxv","request_id":"2d4666b9-bca3-4533-8449-47851e2912a1"} 
[2026-08-19 17:27:54] testing.INFO: enrollment_request.approved {"audit_id":"01m0cx9nxsd4wped8nzyqe2ka9","actor_id":"01m0cx9nxdpsvs4ahb2wt4hx6m","target":"EnrollmentRequest:01m0cx9nxefz4ndxgar478enh3","request_id":"f48c4898-c4ea-4f6c-b6e6-c21737c0c74f"} 
[2026-08-19 17:27:54] testing.INFO: enrollment_request.rejected {"audit_id":"01m0cx9p18zdraqthngzn4t260","actor_id":"01m0cx9p0xdhn1pzw2vr9rgq79","target":"EnrollmentRequest:01m0cx9p0yekm1zxb2wemszd1s","request_id":"44d56fe5-a561-4dde-868f-746e9a55ffcd"} 
[2026-08-19 17:27:54] testing.INFO: settings.updated {"audit_id":"01m0cx9pdrqr5tvq0gm51kwf2f","actor_id":"01m0cx9pdetmcd5db9p1anz47a","target":":","request_id":"6b5dc9db-4e57-4568-86dc-6cffae2081a8"} 
[2026-08-19 17:27:55] testing.INFO: settings.updated {"audit_id":"01m0cx9ph5tktyv4vmc3rpbhvk","actor_id":"01m0cx9pgvezsgw6xpx5a8phc9","target":":","request_id":"3cce486b-66e3-416c-96e1-571889b95016"} 
[2026-08-19 17:27:55] testing.INFO: settings.updated {"audit_id":"01m0cx9phdyhhmk03827f0exsk","actor_id":"01m0cx9pgvezsgw6xpx5a8phc9","target":":","request_id":"ce4aa124-e29a-4f43-adcb-416ca3f979ac"} 
[2026-08-19 17:27:55] testing.INFO: settings.institution_logo_updated {"audit_id":"01m0cx9pqzhrfjs0rx4mhvvjx4","actor_id":"01m0cx9pqh69ssmg57yst17vez","target":":","request_id":"f070778b-773e-4d05-868d-a99b26c187e0"} 
[2026-08-19 17:27:55] testing.INFO: settings.institution_logo_updated {"audit_id":"01m0cx9pre0f63g0vqhfbras80","actor_id":"01m0cx9pqh69ssmg57yst17vez","target":":","request_id":"4cb677eb-c071-435f-8674-3003802ea939"} 
[2026-08-19 17:27:55] testing.INFO: settings.institution_logo_removed {"audit_id":"01m0cx9prn7z9mm6r2t66z5eft","actor_id":"01m0cx9pqh69ssmg57yst17vez","target":":","request_id":"82a52f4f-503b-4e66-a693-f75867e238e2"} 
[2026-08-19 17:27:55] testing.INFO: settings.institution_favicon_updated {"audit_id":"01m0cx9pw4ys2kfshkvbe39dqb","actor_id":"01m0cx9pvr45a880zjk06sa9sv","target":":","request_id":"f95ecbad-330e-4d1e-bf9c-77a70f2e3626"} 
[2026-08-19 17:27:55] testing.INFO: settings.updated {"audit_id":"01m0cx9q00qnrx3eem5xxsxx1z","actor_id":"01m0cx9pznadbwzeryen5xg6jg","target":":","request_id":"13a9bc0f-3403-4657-8021-59ce9865e3f9"} 
[2026-08-19 17:27:56] testing.INFO: payment.approved {"audit_id":"01m0cx9qp91rv12m45h620c24y","actor_id":"01m0cx9qg8xkakj6zzpymqjtbd","target":"Payment:01m0cx9qgabjw7qqnhzft67fbs","request_id":"c864cd5a-430f-485d-aef5-ff22e16c3f6f"} 
[2026-08-19 17:27:56] testing.INFO: payment.approved {"audit_id":"01m0cx9r0fsjhbeqwqgdngfzm4","actor_id":"01m0cx9qsvx87jj3580gj474cy","target":"Payment:01m0cx9qsyzt6swfanvym98dvg","request_id":"30100dd4-d193-4395-b425-add76e1c9983"} 
[2026-08-19 17:27:56] testing.INFO: payment.approved {"audit_id":"01m0cx9rcx5cxxzjv2qqxqemaz","actor_id":"01m0cx9r779trfzk58an4wcdmj","target":"Payment:01m0cx9r7913p1dqgwyk0s95e8","request_id":"5d871536-d135-4c07-ac76-8af33b0ac62a"} 
[2026-08-19 17:27:57] testing.INFO: payment.rejected {"audit_id":"01m0cx9rgdqcmzm8gsw0qrr9k5","actor_id":"01m0cx9rg0b121ebw1kqatnd36","target":"Payment:01m0cx9rg1tvjwmw02sx1v88sp","request_id":"58bd303e-d697-4ef1-b98c-07fa0eda8218"} 
[2026-08-19 17:27:57] testing.INFO: refund.recorded {"audit_id":"01m0cx9rtj54fx3d62a85skhb3","actor_id":"01m0cx9rt1xqvcr2bk49hna8yq","target":"Refund:01m0cx9rtgjnsdty2yt0gbfawp","request_id":"5e6c122f-4026-40d6-b0b5-5fa5fd343889"} 
[2026-08-19 17:27:57] testing.INFO: refund.processed {"audit_id":"01m0cx9rv2pvb4nqv34cec1apd","actor_id":"01m0cx9rt3gshy1sn174qe5g6s","target":"Refund:01m0cx9rtgjnsdty2yt0gbfawp","request_id":"5f23a76d-c8fb-4ed2-bac7-c1384ba48ed6"} 
[2026-08-19 17:27:59] testing.INFO: user.suspend {"audit_id":"01m0cx9tfbtyfacewbdhkea01z","actor_id":"01m0cx9tefc4p32rmt1d3jfmrv","target":"User:01m0cx9teknezgkcf24nt4frrk","request_id":"3a7e524c-8253-4880-b8eb-3a9ce8e26aeb"} 
[2026-08-19 17:27:59] testing.INFO: user.archived {"audit_id":"01m0cx9tksav1eanrm9yfs37e8","actor_id":"01m0cx9tjtz4da7kpnnhggd8r6","target":"User:01m0cx9tk0df6f1cenv3cdj9a0","request_id":"8cbe9cb5-875d-4097-ba84-b8a7b18ab5a9"} 
[2026-08-19 17:27:59] testing.INFO: user.archived {"audit_id":"01m0cx9tq2t2krt13pk43mwbqk","actor_id":"01m0cx9tpw38e5ny1a2m78bzy1","target":"User:01m0cx9tpkdap0awk0bbpb0rr3","request_id":"06ba7141-3fd3-4788-80f5-8218472ba5da"} 
[2026-08-19 17:27:59] testing.INFO: user.updated {"audit_id":"01m0cx9tt7j384qjfvf9j9r97m","actor_id":"01m0cx9tsxtr6a2xnjf7fc9b5a","target":"User:01m0cx9tszssypcfps01kxegha","request_id":"28ecbb2e-24b0-41dc-aadb-966e8aee0968"} 
[2026-08-19 17:27:59] testing.INFO: test.published {"audit_id":"01m0cx9v8efzvvttsdxwy9381s","actor_id":"01m0cx9v7kmpr006qmxjs0g7g5","target":"Test:01m0cx9v7q12g3wdb2gfq5wtvy","request_id":"0a807849-1529-4ca4-9f31-cd83391f8bde"} 
[2026-08-19 17:28:00] testing.INFO: payment.submitted {"audit_id":"01m0cx9w03mshm2ktmnk8bc0ky","actor_id":"01m0cx9vzc1k4rh8az7rr2mxm4","target":"Payment:01m0cx9w02p5vecgxhc1e2sgqc","request_id":"de513372-101c-45c9-8aa5-cd2981c0d0e4"} 
[2026-08-19 17:28:00] testing.INFO: payment.approved_at_capture {"audit_id":"01m0cx9w5p93drc5y33kv2skr3","actor_id":"01m0cx9vzc1k4rh8az7rr2mxm4","target":"Payment:01m0cx9w02p5vecgxhc1e2sgqc","request_id":"de513372-101c-45c9-8aa5-cd2981c0d0e4"} 
[2026-08-19 17:28:00] testing.INFO: payment.submitted {"audit_id":"01m0cx9wa4nfkrvm2e8fdd220f","actor_id":"01m0cx9w915nv3ep44bpfef6mr","target":"Payment:01m0cx9wa34sk7d563rt2mmr6r","request_id":"eb279d31-0599-4cfe-a594-338ef40495b1"} 
[2026-08-19 17:28:01] testing.INFO: payment.approved_at_capture {"audit_id":"01m0cx9wft8f9f09egcrn01evf","actor_id":"01m0cx9w915nv3ep44bpfef6mr","target":"Payment:01m0cx9wa34sk7d563rt2mmr6r","request_id":"eb279d31-0599-4cfe-a594-338ef40495b1"} 
[2026-08-19 17:28:01] testing.INFO: payment.submitted {"audit_id":"01m0cx9wgeczvmjs60bhm76e2y","actor_id":"01m0cx9w915nv3ep44bpfef6mr","target":"Payment:01m0cx9wgd1ywnnypa0ry1ph8q","request_id":"045078f6-3563-412a-8b06-5f1ffe80ddf4"} 
[2026-08-19 17:28:01] testing.INFO: payment.approved {"audit_id":"01m0cx9wphm432whz47jjwctq3","actor_id":"01m0cx9w93ebmg7yvz4425q7vg","target":"Payment:01m0cx9wgd1ywnnypa0ry1ph8q","request_id":"b1a78af5-200a-4888-9976-13a08ecdb846"} 
[2026-08-19 17:28:02] testing.INFO: recording.deleted {"audit_id":"01m0cx9xp5hhdhk9z08h23ac56","actor_id":"01m0cx9xnndqbjjn6s767yfb22","target":"Recording:01m0cx9xnqv589z3kkq5jqg39n","request_id":"91e6fe9a-80d8-4b1e-b0c5-c829dee44bd4"} 
[2026-08-19 17:37:48] testing.INFO: settings.updated {"audit_id":"01m0cxvt13jgvygwc70ct9ee8p","actor_id":"01m0cxvsmy8x28t584k1n7eggp","target":":","request_id":"6b1a6f15-c283-4783-962d-91e8591d2857"} 
[2026-08-19 17:37:48] testing.INFO: settings.updated {"audit_id":"01m0cxvtcb5cvhe7azgz3am4fk","actor_id":"01m0cxvtbzqg8xkea3bbd25vt8","target":":","request_id":"f7115f82-641c-4bff-bc68-19273a386623"} 
[2026-08-19 17:37:49] testing.INFO: role.updated {"audit_id":"01m0cxvtne85adm48trmemq8j6","actor_id":"01m0cxvtmygkmh2dmk6xeyhjh1","target":"Role:01m0cxvtk4r9t0w9k4phfqd4ms","request_id":"805c9bcf-9a52-4262-8495-2376e3338d5e"} 
[2026-08-19 17:37:49] testing.INFO: settings.payment_method_qr_updated {"audit_id":"01m0cxvtv9ysqn1s4x3vqvt2vz","actor_id":"01m0cxvtt58bqec0135zcmvgmf","target":"PaymentMethod:01m0cxvts5q9eqqc5etcshtn31","request_id":"6ffe5039-71b4-4672-9c61-1bcef7b62c95"} 
[2026-08-19 17:37:49] testing.INFO: settings.payment_method_qr_removed {"audit_id":"01m0cxvtvpk5n157nanww7whq9","actor_id":"01m0cxvtt58bqec0135zcmvgmf","target":"PaymentMethod:01m0cxvts5q9eqqc5etcshtn31","request_id":"231f9c20-fadd-407c-a9c4-6bdef7bbe7a2"} 
[2026-08-19 17:37:49] testing.INFO: settings.updated {"audit_id":"01m0cxvv61k6k5asxdcsq5r62h","actor_id":"01m0cxvv5etygz9dmpz3e9r9tt","target":":","request_id":"1067130c-32c8-4a5c-8800-7a1554f136bf"} 
[2026-08-19 17:37:49] testing.INFO: faq.created {"audit_id":"01m0cxvvbtzr2c4yt07j0fzafs","actor_id":"01m0cxvvb8vg1hyn0ga2tpeq07","target":"Faq:01m0cxvvbr624h6x6htefypd5s","request_id":"143b1bf8-5a25-4656-ac19-e36b93cfad3d"} 
[2026-08-19 17:37:49] testing.INFO: faq.updated {"audit_id":"01m0cxvvc7vzksk477g9x9b8zz","actor_id":"01m0cxvvb8vg1hyn0ga2tpeq07","target":"Faq:01m0cxvvbr624h6x6htefypd5s","request_id":"bf5eddb1-28ab-4feb-b418-9d39284cc5ff"} 
[2026-08-19 17:37:49] testing.INFO: faq.deleted {"audit_id":"01m0cxvvcmy39vb73n68sbdw4z","actor_id":"01m0cxvvb8vg1hyn0ga2tpeq07","target":"Faq:01m0cxvvbr624h6x6htefypd5s","request_id":"a4b85f8b-289c-4edf-8823-7c7d538cc9be"} 
[2026-08-19 17:37:50] testing.INFO: attempt.started {"audit_id":"01m0cxvvwpafcmz6habds5pr6t","actor_id":"01m0cxvvvn8y2wmyteha7dnf48","target":"TestAttempt:01m0cxvvwkjtvr3d7dty2t8rjg","request_id":"531e9c2d-6d44-49ba-8b7a-60607e6f5df1"} 
[2026-08-19 17:37:50] testing.INFO: attempt.started {"audit_id":"01m0cxvwcp73pv076y0pfn9qyn","actor_id":"01m0cxvwc2ahffrcm2s915bcpy","target":"TestAttempt:01m0cxvwcm7y4fs8h6jx6q9vp8","request_id":"ebef7646-a46c-4245-ba0b-a257c89e5bc3"} 
[2026-08-19 17:37:50] testing.INFO: attempt.started {"audit_id":"01m0cxvwd2d7pknj495xkag8vp","actor_id":"01m0cxvwc2ahffrcm2s915bcpy","target":"TestAttempt:01m0cxvwcm7y4fs8h6jx6q9vp8","request_id":"135937e9-cc6d-46a3-9d27-b4c5ef2e5179"} 
[2026-08-19 17:37:51] testing.INFO: attempt.started {"audit_id":"01m0cxvwj2v7bh54r4cj29rsnj","actor_id":"01m0cxvwhdj9pvfz62ty4wrbp3","target":"TestAttempt:01m0cxvwj0hkkb61182wh77c89","request_id":"1edec090-5fbb-425b-b59d-bbd453840b6f"} 
[2026-08-19 17:37:51] testing.INFO: attempt.started {"audit_id":"01m0cxvwrbdkjgyyc4g3941w4c","actor_id":"01m0cxvwqr4w30tj20ea04qaja","target":"TestAttempt:01m0cxvwraqmrzht286m5y0ff7","request_id":"f7692226-6faf-436a-a192-b881f80cb6a9"} 
[2026-08-19 17:37:51] testing.INFO: attempt.submitted {"audit_id":"01m0cxvws2a2shbvn1xrg988xd","actor_id":"01m0cxvwqr4w30tj20ea04qaja","target":"TestAttempt:01m0cxvwraqmrzht286m5y0ff7","request_id":"54769ee5-06ad-4d09-b2b7-1ccf3b160682"} 
[2026-08-19 17:37:51] testing.INFO: auth.logged_in {"audit_id":"01m0cxvx3z6497y4bydztvx52c","actor_id":"01m0cxvx3d3zh2183j8z7t2jj9","target":"User:01m0cxvx3d3zh2183j8z7t2jj9","request_id":"309eba6a-94ba-4c57-ba2a-e02cf1c916ab"} 
[2026-08-19 17:37:51] testing.INFO: auth.logged_out {"audit_id":"01m0cxvx4rcsgv2r8nq2ebrwn7","actor_id":"01m0cxvx3d3zh2183j8z7t2jj9","target":"User:01m0cxvx3d3zh2183j8z7t2jj9","request_id":"aabfd99f-5fc2-48c2-9f3c-c2ba04aa4c64"} 
[2026-08-19 17:37:51] testing.INFO: auth.logged_in {"audit_id":"01m0cxvx4y1n7p0cq4a8d1z7p6","actor_id":"01m0cxvx3d3zh2183j8z7t2jj9","target":"User:01m0cxvx3d3zh2183j8z7t2jj9","request_id":"1210045d-e869-4dff-ad7c-11fdd92fa03b"} 
[2026-08-19 17:37:51] testing.INFO: auth.account_locked {"audit_id":"01m0cxvxeqm9tgb7w9qbgpqhzh","actor_id":"01m0cxvxdv9fy6gek91e8c8xfr","target":"User:01m0cxvxdv9fy6gek91e8c8xfr","request_id":"370b3ab9-ef1a-4e36-8f59-19f0bd064a27"} 
[2026-08-19 17:37:52] testing.INFO: auth.password_changed {"audit_id":"01m0cxvxm8hfya961ff6sc7qkn","actor_id":"01m0cxvxkfdfs96t08c7d4pj9p","target":"User:01m0cxvxkfdfs96t08c7d4pj9p","request_id":"aaf738cd-18f7-4a7b-a5a7-3df56b8ebe46"} 
[2026-08-19 17:37:52] testing.INFO: account.profile_updated {"audit_id":"01m0cxvxsr7fv7fa2pg907kyaa","actor_id":"01m0cxvxsdmt4hhsdynbkr1yyc","target":"User:01m0cxvxsdmt4hhsdynbkr1yyc","request_id":"6794e755-86f7-4829-8612-8be386a4ef81"} 
[2026-08-19 17:37:52] testing.INFO: course.updated {"audit_id":"01m0cxvy3m0skgqg12s7k3vwpj","actor_id":"01m0cxvy2vpz8ca5qn1rzvv5ge","target":"Course:01m0cxvy2xqwtq6bx5tqqj6z4c","request_id":"4805de11-7829-4b5d-a4d3-55af72f92f66"} 
[2026-08-19 17:37:52] testing.INFO: course.updated {"audit_id":"01m0cxvy8wvf17g9f61pcy5eqm","actor_id":"01m0cxvy8avfekntrfqgckhpvj","target":"Course:01m0cxvy8e88hc2xpqwx1paqrq","request_id":"939f6b8a-8fad-452b-ab12-02b0f5164593"} 
[2026-08-19 17:37:52] testing.INFO: course.thumbnail_updated {"audit_id":"01m0cxvyed1gp2sxv7jvprdehe","actor_id":"01m0cxvyd3ka1zspyzmtqr7k1a","target":"Course:01m0cxvyd7xz3d3dqzxbzb0pf2","request_id":"ec25f384-e021-4fec-923c-5bfd0d127ce0"} 
[2026-08-19 17:37:52] testing.INFO: course.thumbnail_updated {"audit_id":"01m0cxvyf76cparjkqgff1h7cg","actor_id":"01m0cxvyd3ka1zspyzmtqr7k1a","target":"Course:01m0cxvyd7xz3d3dqzxbzb0pf2","request_id":"5ccec0c9-5faa-482e-947d-1135418c9367"} 
[2026-08-19 17:37:53] testing.INFO: course.thumbnail_updated {"audit_id":"01m0cxvyp2n2xnb294scczn2j6","actor_id":"01m0cxvymtvkqch1r3sjrd6xht","target":"Course:01m0cxvymzy3hr1z2zjh8759xh","request_id":"0f8cc1de-fa81-4bbc-bc2a-4e05db37ab3c"} 
[2026-08-19 17:37:53] testing.INFO: course.thumbnail_removed {"audit_id":"01m0cxvypc2ds433mdbr0cd0jg","actor_id":"01m0cxvymtvkqch1r3sjrd6xht","target":"Course:01m0cxvymzy3hr1z2zjh8759xh","request_id":"e88048f1-2a2d-4013-8536-548efb7ab910"} 
[2026-08-19 17:37:53] testing.INFO: course.thumbnail_updated {"audit_id":"01m0cxvyvtca3hghp76fa277ye","actor_id":"01m0cxvyv39d8zcvxrrecv36jz","target":"Course:01m0cxvyv77yzp3f1jq3zv1tgw","request_id":"ccdb2b49-b99f-4c63-9302-6fd480963664"} 
[2026-08-19 17:37:54] testing.INFO: payment.approved {"audit_id":"01m0cxvzrwms308nr7d8e1fnjj","actor_id":"01m0cxvzb5hjw1pjmgrjb13wzs","target":"Payment:01m0cxvzbe55w9dja6ke5x60zq","request_id":"fe39d4d9-3399-4dea-88f1-22d59c4023b2"} 
[2026-08-19 17:37:54] testing.INFO: auth.logged_in {"audit_id":"01m0cxw04gf348qfxxvmsj3ene","actor_id":"01m0cxw03tzs7hfd52t11mz8tr","target":"User:01m0cxw03tzs7hfd52t11mz8tr","request_id":"37b8e9f3-21a7-44ef-bb77-74f997d37c92"} 
[2026-08-19 17:37:54] testing.INFO: auth.logged_out {"audit_id":"01m0cxw04wp7hbpw4n35x0fbpv","actor_id":"01m0cxw03tzs7hfd52t11mz8tr","target":"User:01m0cxw03tzs7hfd52t11mz8tr","request_id":"0a6b86c2-7398-410d-8533-d78016ae52d8"} 
[2026-08-19 17:37:54] testing.INFO: auth.logged_in {"audit_id":"01m0cxw056r632hyx5srh7b5db","actor_id":"01m0cxw03tzs7hfd52t11mz8tr","target":"User:01m0cxw03tzs7hfd52t11mz8tr","request_id":"ede914bb-c2de-484d-b233-68f6dea70652"} 
[2026-08-19 17:37:54] testing.INFO: auth.logged_in {"audit_id":"01m0cxw0afnv3pcyytmhvykd18","actor_id":"01m0cxw0a52c7fnd744vp14f21","target":"User:01m0cxw0a52c7fnd744vp14f21","request_id":"6fc545b4-70b8-48d1-9d9a-64e0368c3ec3"} 
[2026-08-19 17:37:55] testing.INFO: user.devices_reset {"audit_id":"01m0cxw0gcpa63aqmctjw0xckz","actor_id":"01m0cxw0fnep68cczsj9azwhpa","target":"User:01m0cxw0frer98jfcjv58n9y0s","request_id":"bd65501f-40f8-4837-be93-4650e6b28859"} 
[2026-08-19 17:37:55] testing.INFO: enrollment_request.approved {"audit_id":"01m0cxw0pgdb19hh1d4fbxj6tw","actor_id":"01m0cxw0nhv6ptne2zwdyjbqfn","target":"EnrollmentRequest:01m0cxw0nmrj4s06191y23qt0g","request_id":"5a8aecef-be3d-4470-bdc2-408aebec610b"} 
[2026-08-19 17:37:55] testing.INFO: enrollment_request.approved {"audit_id":"01m0cxw1357b6eemy3mpm86vwg","actor_id":"01m0cxw12jfy5qngf6fre4cp0r","target":"EnrollmentRequest:01m0cxw12mgr81z103vfn4nq4m","request_id":"ce447fd0-dcdd-406f-875f-26b1b3fe0bb4"} 
[2026-08-19 17:37:55] testing.INFO: enrollment_request.rejected {"audit_id":"01m0cxw18890a1aazfm772yp58","actor_id":"01m0cxw17nxh1b81qnxnr7pq93","target":"EnrollmentRequest:01m0cxw17r5zky8bb1fqpcjtwp","request_id":"e39c2fb2-c2bd-4b82-b530-ccde6162886f"} 
[2026-08-19 17:37:56] testing.INFO: settings.updated {"audit_id":"01m0cxw1yd4perm5h0tg2ef469","actor_id":"01m0cxw1xvwb326f59yaht3s99","target":":","request_id":"f0d5e463-830e-4a52-b85a-a54b34c42655"} 
[2026-08-19 17:37:56] testing.INFO: settings.updated {"audit_id":"01m0cxw23t0v7z20v0mbyqw30h","actor_id":"01m0cxw23ceth222nnkhjb4hzs","target":":","request_id":"ab09fd8d-0f38-46eb-9a3b-8324d0e47a6c"} 
[2026-08-19 17:37:56] testing.INFO: settings.updated {"audit_id":"01m0cxw246vdtmq5n8xs38nbrd","actor_id":"01m0cxw23ceth222nnkhjb4hzs","target":":","request_id":"269b3c6d-a742-4546-9ea7-8c24893e66a6"} 
[2026-08-19 17:37:57] testing.INFO: settings.institution_logo_updated {"audit_id":"01m0cxw2dpxcn3yqnp71r0r6v0","actor_id":"01m0cxw2d4ewbd819qeycqqy4a","target":":","request_id":"27bf5557-1a92-41f9-8785-a4f4ba15280f"} 
[2026-08-19 17:37:57] testing.INFO: settings.institution_logo_updated {"audit_id":"01m0cxw2e7fm0w7way4vgfm2gn","actor_id":"01m0cxw2d4ewbd819qeycqqy4a","target":":","request_id":"a908d981-4bd1-4c9b-a0c8-5568af03907f"} 
[2026-08-19 17:37:57] testing.INFO: settings.institution_logo_removed {"audit_id":"01m0cxw2egjcb5b2wwsjg13xsg","actor_id":"01m0cxw2d4ewbd819qeycqqy4a","target":":","request_id":"4f0dfd06-c330-4d78-8bed-07fc7de2e7e5"} 
[2026-08-19 17:37:57] testing.INFO: settings.institution_favicon_updated {"audit_id":"01m0cxw2kgs9zbbawbzkbsrjyb","actor_id":"01m0cxw2k0fyqbwq7nw11h3jt6","target":":","request_id":"25ea28b4-36b0-43f5-8f7f-675952e83007"} 
[2026-08-19 17:37:57] testing.INFO: settings.updated {"audit_id":"01m0cxw2rx3dmt4vj64s5t8ey5","actor_id":"01m0cxw2rgp24w6y7c26dr9v2r","target":":","request_id":"893824cd-6f25-431e-a647-d49f9560353b"} 
[2026-08-19 17:37:58] testing.INFO: payment.approved {"audit_id":"01m0cxw3smkz12pazh1c7xa6j1","actor_id":"01m0cxw3hhn619aq0r454k2v8p","target":"Payment:01m0cxw3hma4msc700gj5ba8js","request_id":"e1929fc3-4b1a-49bb-9bd1-74c19de13b82"} 
[2026-08-19 17:37:58] testing.INFO: payment.approved {"audit_id":"01m0cxw479pjrfzbtdx5gksba8","actor_id":"01m0cxw3yshqsjcm6585m3b5kx","target":"Payment:01m0cxw3ywn2eq840js1r92f41","request_id":"763ebc33-0c95-44c3-8ec9-fb01ee95207c"} 
[2026-08-19 17:37:59] testing.INFO: payment.approved {"audit_id":"01m0cxw4sx2nsm0b4sb1e1hz7w","actor_id":"01m0cxw4htmznh2rre0gk0z6cp","target":"Payment:01m0cxw4hx479221sv61q7ffbv","request_id":"c5a2780f-ebe4-49cd-ae7a-5d4d34fcd611"} 
[2026-08-19 17:37:59] testing.INFO: payment.rejected {"audit_id":"01m0cxw4zmgaztbbshwgaacv19","actor_id":"01m0cxw4z29rrh7pe6p04psw3v","target":"Payment:01m0cxw4z4s7yppej9z1pw4qnr","request_id":"24b3c2d1-dc1a-44e6-a015-bcab0e938141"} 
[2026-08-19 17:38:00] testing.INFO: refund.recorded {"audit_id":"01m0cxw5j4g3dv88mh8szt3w7n","actor_id":"01m0cxw5h9ntpph748fbr4k75c","target":"Refund:01m0cxw5j28sg9y1j22cfahh64","request_id":"749909e3-49b7-48ac-b7b7-14aceb6105c9"} 
[2026-08-19 17:38:00] testing.INFO: refund.processed {"audit_id":"01m0cxw5jy01s00gx1c2ypw7mn","actor_id":"01m0cxw5hcwdy2qc2sp2getbb2","target":"Refund:01m0cxw5j28sg9y1j22cfahh64","request_id":"e8c97047-6d84-44db-b925-9a3b81150f8e"} 
[2026-08-19 17:38:02] testing.INFO: user.suspend {"audit_id":"01m0cxw7wycfty2sntc0zv5mgv","actor_id":"01m0cxw7vwckb5avnj1xbb9fns","target":"User:01m0cxw7w2ydbns263c2495bwx","request_id":"b72b5052-3c82-4b60-bd94-14ec37511494"} 
[2026-08-19 17:38:02] testing.INFO: user.archived {"audit_id":"01m0cxw82j20hxx51xwd2yfabw","actor_id":"01m0cxw8140yksxjqaszwydbs8","target":"User:01m0cxw81d596akpsdkt2ph9gr","request_id":"03405437-00db-46dd-bfee-4651c8f3f559"} 
[2026-08-19 17:38:02] testing.INFO: user.archived {"audit_id":"01m0cxw87c9gq2g2xaeg4bm6ez","actor_id":"01m0cxw8752qp49fz6g66yx5zj","target":"User:01m0cxw86rxa7hzzx8m1rpz103","request_id":"de9fc3e7-8bd1-4651-81e9-dbdde66cd304"} 
[2026-08-19 17:38:03] testing.INFO: user.updated {"audit_id":"01m0cxw8cbx3g3yqyd49x13zyz","actor_id":"01m0cxw8bnp6krbjcbxt0vr4c3","target":"User:01m0cxw8bszw8tseysr5jxbv9b","request_id":"f043d22a-658f-42d3-a040-a6721d619aef"} 
[2026-08-19 17:38:03] testing.INFO: test.published {"audit_id":"01m0cxw92qd99r2n32x3x8p4e3","actor_id":"01m0cxw91byx5k34pqj4a5rnr4","target":"Test:01m0cxw91gq7c28dy7nbwv2v2v","request_id":"6da6f103-236a-436f-88c7-3a85883f41f3"} 
[2026-08-19 17:38:04] testing.INFO: payment.submitted {"audit_id":"01m0cxwa3v2tzz310f80pp7pmc","actor_id":"01m0cxwa2qgysfeysr2r1ehhxa","target":"Payment:01m0cxwa3sfxy3n4fyypmj9qnq","request_id":"f2842551-60ed-4e2e-bf05-deedd8012da3"} 
[2026-08-19 17:38:05] testing.INFO: payment.approved_at_capture {"audit_id":"01m0cxwaazb5e72qjytkmcbfyj","actor_id":"01m0cxwa2qgysfeysr2r1ehhxa","target":"Payment:01m0cxwa3sfxy3n4fyypmj9qnq","request_id":"f2842551-60ed-4e2e-bf05-deedd8012da3"} 
[2026-08-19 17:38:05] testing.INFO: payment.submitted {"audit_id":"01m0cxwah3jmmvktxys39y3xxy","actor_id":"01m0cxwafgvcr8m8r2333hv4x2","target":"Payment:01m0cxwah1exrz9w4bc9p8c3aq","request_id":"77c3ca52-1e6a-4004-a6a9-db10055e604d"} 
[2026-08-19 17:38:05] testing.INFO: payment.approved_at_capture {"audit_id":"01m0cxwarkztte6gxc9p5w56kh","actor_id":"01m0cxwafgvcr8m8r2333hv4x2","target":"Payment:01m0cxwah1exrz9w4bc9p8c3aq","request_id":"77c3ca52-1e6a-4004-a6a9-db10055e604d"} 
[2026-08-19 17:38:05] testing.INFO: payment.submitted {"audit_id":"01m0cxwasd7fwb17naaa4tm98a","actor_id":"01m0cxwafgvcr8m8r2333hv4x2","target":"Payment:01m0cxwasbedyn5myna4xqqpge","request_id":"aa79ffb2-b296-4845-a979-fcdd048c2141"} 
[2026-08-19 17:38:05] testing.INFO: payment.approved {"audit_id":"01m0cxwb1hb9jht8a069m0p385","actor_id":"01m0cxwafkpgj8k8czpergpzj2","target":"Payment:01m0cxwasbedyn5myna4xqqpge","request_id":"5ec43261-f7fb-4bf5-8e68-80e8aea1f8e4"} 
[2026-08-19 17:38:07] testing.INFO: recording.deleted {"audit_id":"01m0cxwck5f9qj8n9w1hvpdcs3","actor_id":"01m0cxwcjd3ws7h2kfpvanv2xn","target":"Recording:01m0cxwcjg8j2x77gfx61vp3es","request_id":"da9e0f08-c9f6-436e-b508-d9fa1a636bc3"} 
