[2026-08-13 07:39:28] local.INFO: auth.logged_in {"audit_id":"01kzwd7xb5kqd6r4vjh8s3rw3j","actor_id":"01kzwcmb0pey1djqv1dwen7t6z","target":"User:01kzwcmb0pey1djqv1dwen7t6z","request_id":"c65d4d8a-f39c-485a-9461-c7a078bcfdc4"} 
[2026-08-13 07:39:50] local.INFO: auth.password_changed {"audit_id":"01kzwd8k9ywq0n9cfnh874754h","actor_id":"01kzwcmb0pey1djqv1dwen7t6z","target":"User:01kzwcmb0pey1djqv1dwen7t6z","request_id":"b0f71a14-8ba0-40fa-bd93-c15f1838d959"} 
[2026-08-13 07:40:22] local.INFO: category.created {"audit_id":"01kzwd9jf6a0jpxq1yamnp6zrz","actor_id":"01kzwcmb0pey1djqv1dwen7t6z","target":"Category:01kzwd9jf0kr63cx4st9k8nsrm","request_id":"dbf6f5a1-4749-4601-8793-38a910335a8c"} 
[2026-08-13 07:41:59] local.INFO: course.created {"audit_id":"01kzwdch2tq6130y4zfn18varn","actor_id":"01kzwcmb0pey1djqv1dwen7t6z","target":"Course:01kzwdch2kdtb1a981qhtp9c2s","request_id":"1937cae1-66ca-4269-9edd-176ebdd3fa5e"} 
[2026-08-13 07:43:48] local.INFO: settings.updated {"audit_id":"01kzwdfvp456tc3t8qtfbj7afr","actor_id":"01kzwcmb0pey1djqv1dwen7t6z","target":":","request_id":"98f22cdd-0f6e-4d39-abcb-b1be709f7ccf"} 
[2026-08-13 07:45:28] local.INFO: user.created {"audit_id":"01kzwdjx96gzzgcncwpajp5w51","actor_id":"01kzwcmb0pey1djqv1dwen7t6z","target":"User:01kzwdjx8kwma39wh75y982343","request_id":"5cecd3e9-8ed1-4796-82a5-26bac4d3c903"} 
[2026-08-13 07:45:35] local.INFO: auth.logged_out {"audit_id":"01kzwdk3mh2ts5b3w59n5knar9","actor_id":"01kzwcmb0pey1djqv1dwen7t6z","target":"User:01kzwcmb0pey1djqv1dwen7t6z","request_id":"5721a995-c578-4b04-a68f-3fb465148a38"} 
[2026-08-13 07:45:57] local.INFO: auth.logged_in {"audit_id":"01kzwdksdp8h782qj0hnp4pccq","actor_id":"01kzwdjx8kwma39wh75y982343","target":"User:01kzwdjx8kwma39wh75y982343","request_id":"99237870-da5e-4806-b7f7-431e79be7528"} 
[2026-08-13 07:46:55] local.INFO: auth.password_changed {"audit_id":"01kzwdnj20j70gdkh612wsq1c4","actor_id":"01kzwdjx8kwma39wh75y982343","target":"User:01kzwdjx8kwma39wh75y982343","request_id":"c680435d-42b3-475d-b222-b3460e8e4521"} 
[2026-08-13 10:09:27] local.INFO: auth.logged_out {"audit_id":"01kzwntha670ttna41t8at39ny","actor_id":"01kzwdjx8kwma39wh75y982343","target":"User:01kzwdjx8kwma39wh75y982343","request_id":"70050b29-2282-476a-a25c-61a866f692c6"} 
[2026-08-13 10:09:48] local.INFO: auth.logged_in {"audit_id":"01kzwnv6cp8zd4g60qehd9j5yn","actor_id":"01kzwcmb0pey1djqv1dwen7t6z","target":"User:01kzwcmb0pey1djqv1dwen7t6z","request_id":"058beab0-c8ff-49e6-815e-ac747896f28a"} 
[2026-08-13 10:11:35] local.INFO: user.created {"audit_id":"01kzwnyesk6xg7rfaq4mq1hpnq","actor_id":"01kzwcmb0pey1djqv1dwen7t6z","target":"User:01kzwnyes9jdftjapf26h7j23d","request_id":"1b8c925a-c73b-4975-a8ba-d6a3a3069f4f"} 
[2026-08-13 10:12:29] local.INFO: batch.created {"audit_id":"01kzwp03e9778ay4rwhfbhz7k1","actor_id":"01kzwcmb0pey1djqv1dwen7t6z","target":"Batch:01kzwp03e257ka4f23ccazvyyx","request_id":"635c0e3f-129c-4cd6-b825-897aa82cc3db"} 
[2026-08-13 10:12:37] local.INFO: auth.logged_out {"audit_id":"01kzwp0arzbk4vww3ktzqpmaaj","actor_id":"01kzwcmb0pey1djqv1dwen7t6z","target":"User:01kzwcmb0pey1djqv1dwen7t6z","request_id":"e1dc3b01-a519-499e-b739-eb433dd360c1"} 
[2026-08-13 10:13:36] local.INFO: auth.account_locked {"audit_id":"01kzwp25135w9yke871gt118e9","actor_id":"01kzwdjx8kwma39wh75y982343","target":"User:01kzwdjx8kwma39wh75y982343","request_id":"b1c7adf7-5344-4601-9d1c-26a2516cc596"} 
[2026-08-13 10:14:15] local.INFO: auth.account_locked {"audit_id":"01kzwp3akrgv8n3cw9z05a71j3","actor_id":"01kzwdjx8kwma39wh75y982343","target":"User:01kzwdjx8kwma39wh75y982343","request_id":"d6c73f22-a73c-4507-90ac-c05bf60acd0a"} 
[2026-08-13 10:14:21] local.INFO: auth.account_locked {"audit_id":"01kzwp3gnc1btzw9sjvh1ycenb","actor_id":"01kzwdjx8kwma39wh75y982343","target":"User:01kzwdjx8kwma39wh75y982343","request_id":"f5b7a944-377c-4062-b1b9-1745d57b7783"} 
[2026-08-13 10:14:29] local.INFO: auth.account_locked {"audit_id":"01kzwp3r4tpn06apkz5t0q6b0w","actor_id":"01kzwdjx8kwma39wh75y982343","target":"User:01kzwdjx8kwma39wh75y982343","request_id":"d1af99c4-c5db-44cd-847d-aa689dc79d23"} 
[2026-08-13 10:14:37] local.INFO: auth.account_locked {"audit_id":"01kzwp40cgfnc1dz0g35wjhp1a","actor_id":"01kzwdjx8kwma39wh75y982343","target":"User:01kzwdjx8kwma39wh75y982343","request_id":"e951aead-6a56-4e24-ad23-8e77a7e1b2b4"} 
[2026-08-13 10:14:40] local.INFO: auth.account_locked {"audit_id":"01kzwp42z687e41ws5aevyygva","actor_id":"01kzwdjx8kwma39wh75y982343","target":"User:01kzwdjx8kwma39wh75y982343","request_id":"09cf0320-7055-4afc-a0ab-011cddcbc5bf"} 
[2026-08-13 10:15:20] local.INFO: auth.account_locked {"audit_id":"01kzwp59w8ywas4hxmzra5nszt","actor_id":"01kzwdjx8kwma39wh75y982343","target":"User:01kzwdjx8kwma39wh75y982343","request_id":"ce90c3c6-e6e2-4c44-9d2b-350df55480c8"} 
[2026-08-13 10:15:55] local.INFO: auth.account_locked {"audit_id":"01kzwp6cy2gd7vcn9rf4115g7q","actor_id":"01kzwdjx8kwma39wh75y982343","target":"User:01kzwdjx8kwma39wh75y982343","request_id":"a1bdbbac-0745-42e3-bb45-7a5bb2e71d1f"} 
[2026-08-13 10:16:46] local.INFO: auth.logged_in {"audit_id":"01kzwp7xxx8q04er95v2sm5ezq","actor_id":"01kzwcmb0pey1djqv1dwen7t6z","target":"User:01kzwcmb0pey1djqv1dwen7t6z","request_id":"d385610f-8eea-4a03-a193-1971535cba48"} 
[2026-08-13 10:17:15] local.INFO: user.password_reset {"audit_id":"01kzwp8tzvsqejd00sed8c10hr","actor_id":"01kzwcmb0pey1djqv1dwen7t6z","target":"User:01kzwcmb0pey1djqv1dwen7t6z","request_id":"6c3b30be-c83e-4294-9c90-de7cce43dcdd"} 
[2026-08-13 10:18:30] local.INFO: user.suspend {"audit_id":"01kzwpb4asm3x97gw169snsh66","actor_id":"01kzwcmb0pey1djqv1dwen7t6z","target":"User:01kzwdjx8kwma39wh75y982343","request_id":"dc0f3e51-1ecd-423e-a6c6-ee664ea4aa89"} 
[2026-08-13 10:19:03] local.INFO: user.reactivate {"audit_id":"01kzwpc3yve74r08tcx8q2xdz5","actor_id":"01kzwcmb0pey1djqv1dwen7t6z","target":"User:01kzwdjx8kwma39wh75y982343","request_id":"83355a3b-b88f-4026-88ab-8d06e2402410"} 
[2026-08-13 10:19:32] local.INFO: auth.logged_out {"audit_id":"01kzwpd0g38950jmgn70y30fhk","actor_id":"01kzwcmb0pey1djqv1dwen7t6z","target":"User:01kzwcmb0pey1djqv1dwen7t6z","request_id":"b51903f6-c5ac-4935-af1b-52f151c0e984"} 
[2026-08-13 10:19:56] local.INFO: auth.account_locked {"audit_id":"01kzwpdqgzpzqj7yzfkqtndnv7","actor_id":"01kzwdjx8kwma39wh75y982343","target":"User:01kzwdjx8kwma39wh75y982343","request_id":"da61ceb1-750a-4b8a-8040-aa4099167f7a"} 
[2026-08-13 10:20:01] local.INFO: auth.account_locked {"audit_id":"01kzwpdx0591f6qr92f7xxteem","actor_id":"01kzwdjx8kwma39wh75y982343","target":"User:01kzwdjx8kwma39wh75y982343","request_id":"cb90f786-eea0-400a-9465-89484e61f0bb"} 
[2026-08-13 10:20:09] local.INFO: auth.account_locked {"audit_id":"01kzwpe4y45f30vq17qs9sqygz","actor_id":"01kzwdjx8kwma39wh75y982343","target":"User:01kzwdjx8kwma39wh75y982343","request_id":"a422072b-458f-4adb-af1b-78418244d89a"} 
[2026-08-13 10:20:42] local.INFO: auth.logged_in {"audit_id":"01kzwpf4t8ez4qxqkbzct4yj3f","actor_id":"01kzwcmb0pey1djqv1dwen7t6z","target":"User:01kzwcmb0pey1djqv1dwen7t6z","request_id":"5c5f47a7-196b-43e8-be65-a25670364224"} 
[2026-08-13 10:21:15] local.INFO: user.created {"audit_id":"01kzwpg5cbr5e1n7spvmpbb5ay","actor_id":"01kzwcmb0pey1djqv1dwen7t6z","target":"User:01kzwpg5bwwz65npwwynex5fr9","request_id":"02b03cbc-7153-4f39-9f66-eddc3417de37"} 
[2026-08-13 10:21:20] local.INFO: auth.logged_out {"audit_id":"01kzwpg9pgvx18r5v2cx0v1mt6","actor_id":"01kzwcmb0pey1djqv1dwen7t6z","target":"User:01kzwcmb0pey1djqv1dwen7t6z","request_id":"40ae1498-4dac-4d88-89bd-211baff790a7"} 
[2026-08-13 10:21:38] local.INFO: auth.logged_in {"audit_id":"01kzwpgvgcc41d1cwn4929wj5b","actor_id":"01kzwpg5bwwz65npwwynex5fr9","target":"User:01kzwpg5bwwz65npwwynex5fr9","request_id":"abe53266-4d57-4cf5-8aba-73d2457707c1"} 
[2026-08-13 10:21:52] local.INFO: auth.password_changed {"audit_id":"01kzwph9f4zkxw1rcyxbh9jfpp","actor_id":"01kzwpg5bwwz65npwwynex5fr9","target":"User:01kzwpg5bwwz65npwwynex5fr9","request_id":"52f22877-83e1-4ccc-9e45-996b782a2a16"} 
[2026-08-13 10:23:28] local.INFO: auth.logged_out {"audit_id":"01kzwpm6d33pe9d53qr0vy01gm","actor_id":"01kzwpg5bwwz65npwwynex5fr9","target":"User:01kzwpg5bwwz65npwwynex5fr9","request_id":"2515c143-fd6b-4038-a0a1-05ef3860b2d0"} 
[2026-08-13 10:23:36] local.INFO: auth.logged_in {"audit_id":"01kzwpmeb383vp2vh67spnd76m","actor_id":"01kzwcmb0pey1djqv1dwen7t6z","target":"User:01kzwcmb0pey1djqv1dwen7t6z","request_id":"a8e89d09-0488-4676-9c7f-7389e065b9a7"} 
[2026-08-13 14:41:50] local.INFO: auth.logged_out {"audit_id":"01kzx5d9zbv2sk6gryank3s60b","actor_id":"01kzwcmb0pey1djqv1dwen7t6z","target":"User:01kzwcmb0pey1djqv1dwen7t6z","request_id":"a09d8eb2-2728-454f-acef-34376d279faf"} 
[2026-08-13 14:42:37] local.INFO: auth.logged_in {"audit_id":"01kzx5eq789cshn02zj206hw5x","actor_id":"01kzwpg5bwwz65npwwynex5fr9","target":"User:01kzwpg5bwwz65npwwynex5fr9","request_id":"53299b2d-89b1-45eb-b931-8899cc0364db"} 
