[2026-08-22 12:52:42] local.INFO: auth.logged_in {"audit_id":"01m0m4qxqq5tv1y4553yaa4d5s","actor_id":"01m09q7v3xq02bgadbj9an0w3q","target":"User:01m09q7v3xq02bgadbj9an0w3q","request_id":"0c56b675-4642-4aea-a5e5-2542772ec2cb"} 
[2026-08-22 12:59:40] local.INFO: auth.logged_in {"audit_id":"01m0m54p66a4ehddspxdx6ja2a","actor_id":"01m09q7v3xq02bgadbj9an0w3q","target":"User:01m09q7v3xq02bgadbj9an0w3q","request_id":"7ac77972-d923-472a-bdbd-35c999097034"} 
[2026-08-22 13:13:55] testing.INFO: account.password_changed {"audit_id":"01m0m5yskb61capz7ne55swwzs","actor_id":"01m0m5ysbb3my9je1z02grbct6","target":"User:01m0m5ysbb3my9je1z02grbct6","request_id":"1ad24dc4-28d7-4db2-9bda-727ad189fab9"} 
[2026-08-22 13:13:57] testing.INFO: account.password_changed {"audit_id":"01m0m5yv5jrgmbsbz7x0t53qy6","actor_id":"01m0m5ytxq86e875w9vw6se0as","target":"User:01m0m5ytxq86e875w9vw6se0as","request_id":"5f56f2ad-5417-491e-ab7b-780fe2b56b6f"} 
[2026-08-22 13:13:57] testing.INFO: account.two_factor_enabled {"audit_id":"01m0m5yvkn7rqyqnxg03kt77nw","actor_id":"01m0m5yvbh5vtpfjb96hf51xs4","target":"User:01m0m5yvbh5vtpfjb96hf51xs4","request_id":"c7b2a979-52ea-46da-9dbc-35f6ed47c909"} 
[2026-08-22 13:13:58] testing.INFO: account.sessions_revoked {"audit_id":"01m0m5yvvxkzgh5pj6702wm2yp","actor_id":"01m0m5yvvjxxcde9hantwkjevh","target":"User:01m0m5yvvjxxcde9hantwkjevh","request_id":"6c59347b-bc2b-4bed-a136-bd61d92bfc8c"} 
[2026-08-22 13:14:39] testing.INFO: account.password_changed {"audit_id":"01m0m60413je01ayg77az72mf7","actor_id":"01m0m603zp0y58bkxmh6b619kz","target":"User:01m0m603zp0y58bkxmh6b619kz","request_id":"1510d91c-f700-4082-ad6c-76353d1474be"} 
[2026-08-22 13:14:39] testing.INFO: account.password_changed {"audit_id":"01m0m6046a2wr6vg7wfbgqc50w","actor_id":"01m0m6045vvz97xsdf5rm3gae9","target":"User:01m0m6045vvz97xsdf5rm3gae9","request_id":"4aeb2fb1-32ad-412c-be99-9bd61611fc93"} 
[2026-08-22 13:14:39] testing.INFO: account.two_factor_enabled {"audit_id":"01m0m604am3hr909kf2xbsf4c7","actor_id":"01m0m604a4wn3vf2f3s2v1cgdw","target":"User:01m0m604a4wn3vf2f3s2v1cgdw","request_id":"84ec0684-fe8e-4c04-9b25-a350923a9575"} 
[2026-08-22 13:14:39] testing.INFO: account.sessions_revoked {"audit_id":"01m0m604k499xzsm1njw97nacf","actor_id":"01m0m604jr69tbx0nf4eae6he0","target":"User:01m0m604jr69tbx0nf4eae6he0","request_id":"0e39011e-220e-4485-9aad-073326e74464"} 
[2026-08-22 13:14:40] testing.INFO: settings.updated {"audit_id":"01m0m6053cj45fy674j9ajrrxk","actor_id":"01m0m604qd9asa0nhm4gwwz540","target":":","request_id":"cd0c7dc8-7fb0-47a6-8701-b8ecf0d72b49"} 
[2026-08-22 13:14:40] testing.INFO: settings.updated {"audit_id":"01m0m605d05dyaezkaj3hz8nge","actor_id":"01m0m605cnf2ec065zrqfsdpct","target":":","request_id":"ee7a0e2f-e777-4963-850e-1f3c7e1eecf1"} 
[2026-08-22 13:14:41] testing.INFO: role.updated {"audit_id":"01m0m605q3pxxntpaf79sj0kd1","actor_id":"01m0m605psg5z5gtcj80vrcrpg","target":"Role:01m0m605n74tszg078pc9y3s1d","request_id":"7f51b265-352a-4af5-9031-1b262a9ddc1d"} 
[2026-08-22 13:14:41] testing.INFO: settings.payment_method_qr_updated {"audit_id":"01m0m60679xmmgxsjyw76bfzcm","actor_id":"01m0m605th1xsrxw77syp63kj9","target":"PaymentMethod:01m0m605taggw7j8cjf0fjwwk9","request_id":"31dd3b5f-4be0-402a-a2b5-bb53d8a3a8f8"} 
[2026-08-22 13:14:41] testing.INFO: settings.payment_method_qr_removed {"audit_id":"01m0m6067njcvqm1k8q6k38k3f","actor_id":"01m0m605th1xsrxw77syp63kj9","target":"PaymentMethod:01m0m605taggw7j8cjf0fjwwk9","request_id":"c536960c-d02a-4a67-bc96-48000eeab73d"} 
[2026-08-22 13:14:41] testing.INFO: settings.updated {"audit_id":"01m0m606gp9s83cnc8nbtb6pye","actor_id":"01m0m606fj5wm21btnax8ykepx","target":":","request_id":"1c08418d-5506-44ca-9707-2330b6cc67aa"} 
[2026-08-22 13:14:42] testing.INFO: faq.created {"audit_id":"01m0m606nn87v4szq5en68r6jh","actor_id":"01m0m606n6w4p5tmce0hgb6xh3","target":"Faq:01m0m606nkk17ca45zr3900142","request_id":"47dba994-4c1a-4d51-85d0-f39158457197"} 
[2026-08-22 13:14:42] testing.INFO: faq.updated {"audit_id":"01m0m606nx987sqhen653198js","actor_id":"01m0m606n6w4p5tmce0hgb6xh3","target":"Faq:01m0m606nkk17ca45zr3900142","request_id":"878289bd-3b15-4535-8073-9acc7f24ce00"} 
[2026-08-22 13:14:42] testing.INFO: faq.deleted {"audit_id":"01m0m606tpn7r4h7zz3x86byrx","actor_id":"01m0m606n6w4p5tmce0hgb6xh3","target":"Faq:01m0m606nkk17ca45zr3900142","request_id":"b0d45755-d89d-40d5-884a-22b386b715f8"} 
[2026-08-22 13:14:42] testing.INFO: attempt.started {"audit_id":"01m0m607bycef6efdv7ck2e7r2","actor_id":"01m0m60772y3q4vca57723bjfc","target":"TestAttempt:01m0m607bw4sxq7m2xqkr5mxjf","request_id":"08f87f79-ebed-4a8f-96c7-5cfe185faf2a"} 
[2026-08-22 13:14:43] testing.INFO: attempt.started {"audit_id":"01m0m607p6nr378k8jbrj1hgv6","actor_id":"01m0m607nr2mph97ywfkjjbv89","target":"TestAttempt:01m0m607p4qxhxyj8mevedersx","request_id":"cf8fa3b6-c744-4a79-96cd-07495e054a74"} 
[2026-08-22 13:14:43] testing.INFO: attempt.started {"audit_id":"01m0m607pfs7sy8x7kbxkjs9wx","actor_id":"01m0m607nr2mph97ywfkjjbv89","target":"TestAttempt:01m0m607p4qxhxyj8mevedersx","request_id":"e8ad1dae-c275-4a6a-bede-ac682d51422e"} 
[2026-08-22 13:14:43] testing.INFO: attempt.started {"audit_id":"01m0m607tvh3jfz2xqhgkfzfvv","actor_id":"01m0m607tabe9hvcnxbbw3pxvh","target":"TestAttempt:01m0m607tsxs3vzqs839596gyj","request_id":"30bee126-ea74-4f50-b1eb-9d88aa0a13e7"} 
[2026-08-22 13:14:43] testing.INFO: attempt.started {"audit_id":"01m0m60812g8te6pt6gxzw6t25","actor_id":"01m0m6080gk8jhkt9dtqf9kfr7","target":"TestAttempt:01m0m60811ygv9mxyn7bcya03r","request_id":"633088f3-e726-4e65-b7da-c4bd6c985b93"} 
[2026-08-22 13:14:43] testing.INFO: attempt.submitted {"audit_id":"01m0m60837f885vp8r4ctgj23p","actor_id":"01m0m6080gk8jhkt9dtqf9kfr7","target":"TestAttempt:01m0m60811ygv9mxyn7bcya03r","request_id":"f811124b-7ff6-48d1-9d84-e781fc69fd75"} 
[2026-08-22 13:14:43] testing.INFO: auth.logged_in {"audit_id":"01m0m608chn9wx1qr1bqc1065q","actor_id":"01m0m608ax5b29zw23zaf3nd5x","target":"User:01m0m608ax5b29zw23zaf3nd5x","request_id":"47e4dda7-8c70-4103-bca2-dd8da87d407c"} 
[2026-08-22 13:14:43] testing.INFO: auth.logged_out {"audit_id":"01m0m608f1psh5xr6j4gqqh38h","actor_id":"01m0m608ax5b29zw23zaf3nd5x","target":"User:01m0m608ax5b29zw23zaf3nd5x","request_id":"80c8a71e-91cd-4968-8284-580bb2452d81"} 
[2026-08-22 13:14:43] testing.INFO: auth.logged_in {"audit_id":"01m0m608f7bceyx1rkghqghqfj","actor_id":"01m0m608ax5b29zw23zaf3nd5x","target":"User:01m0m608ax5b29zw23zaf3nd5x","request_id":"019c596d-378a-4921-8f04-1b3af33babef"} 
[2026-08-22 13:14:44] testing.INFO: auth.account_locked {"audit_id":"01m0m608rqd8ap97tvkc7fa4j3","actor_id":"01m0m608qv7p59p7zkgc7v3aam","target":"User:01m0m608qv7p59p7zkgc7v3aam","request_id":"e8270c63-e4ac-444d-912b-7821a6bd8114"} 
[2026-08-22 13:14:44] testing.INFO: auth.password_changed {"audit_id":"01m0m608yznbn7mjvgx41dpkjh","actor_id":"01m0m608y8b2d3ffgak88ptfj9","target":"User:01m0m608y8b2d3ffgak88ptfj9","request_id":"bec0472b-9d9a-450b-b5a9-00913c49eec2"} 
[2026-08-22 13:14:44] testing.INFO: account.profile_updated {"audit_id":"01m0m6093ha0fngjc248rx18ds","actor_id":"01m0m60935pbr2t7mfakz5t49c","target":"User:01m0m60935pbr2t7mfakz5t49c","request_id":"881b7a3f-869a-4f17-bffb-fd5a0b8c5791"} 
[2026-08-22 13:14:44] testing.INFO: course.updated {"audit_id":"01m0m609gskd1pqz5a0cytvsf3","actor_id":"01m0m609f6er201edgdczfz0mf","target":"Course:01m0m609f8cptrtstknsg3jk24","request_id":"4666565b-939f-489f-ae7d-71a9231eff72"} 
[2026-08-22 13:14:45] testing.INFO: course.updated {"audit_id":"01m0m609nf8pha81gbch200sm8","actor_id":"01m0m609n2sewmy0ppmk79y2bc","target":"Course:01m0m609n3dth1ec784pmp5nyj","request_id":"2338212c-22bc-47f1-803e-52b77cdbe66b"} 
[2026-08-22 13:14:45] testing.INFO: course.thumbnail_updated {"audit_id":"01m0m609tasp7pwvnf7q294wj7","actor_id":"01m0m609s4npwherwfkv1aefr4","target":"Course:01m0m609s61wrvnwszk9v0rjbx","request_id":"4bf1f7bc-4556-40e0-b857-f132869056f6"} 
[2026-08-22 13:14:45] testing.INFO: course.thumbnail_updated {"audit_id":"01m0m609tx1aphdqyp0mqje9bp","actor_id":"01m0m609s4npwherwfkv1aefr4","target":"Course:01m0m609s61wrvnwszk9v0rjbx","request_id":"291ee1f2-4541-431c-9428-58fa4d797c96"} 
[2026-08-22 13:14:45] testing.INFO: course.thumbnail_updated {"audit_id":"01m0m609zmw0sdvczf147zk5x8","actor_id":"01m0m609yyt6qhdmbhnev3zf2g","target":"Course:01m0m609z0ck7trjwyeghn7m9y","request_id":"cdea3006-c824-4a2d-934b-0d1182479a39"} 
[2026-08-22 13:14:45] testing.INFO: course.thumbnail_removed {"audit_id":"01m0m60a00bhjn3s6z18bfngh6","actor_id":"01m0m609yyt6qhdmbhnev3zf2g","target":"Course:01m0m609z0ck7trjwyeghn7m9y","request_id":"95f0324d-61c7-4476-9631-dc09f22b67ad"} 
[2026-08-22 13:14:45] testing.INFO: course.thumbnail_updated {"audit_id":"01m0m60a55tbc9jy2thbfwhysr","actor_id":"01m0m60a4e5cgz68mzdqx8xb39","target":"Course:01m0m60a4hryvw90743rdyq416","request_id":"a82d15ca-5bce-42f3-a58f-0dce8fc8a7b7"} 
[2026-08-22 13:14:49] testing.INFO: payment.approved {"audit_id":"01m0m60decsfgybdnjrey34nnt","actor_id":"01m0m60akcyeh6s70mxwhx4p6k","target":"Payment:01m0m60akk5rkmqs65pcyj5hb1","request_id":"0cab67c4-50ec-4152-a316-2c7d2522b6f3"} 
[2026-08-22 13:14:49] testing.INFO: auth.logged_in {"audit_id":"01m0m60ds3zw1z9nbv1vx074kv","actor_id":"01m0m60drj068rk3t291j3nnkb","target":"User:01m0m60drj068rk3t291j3nnkb","request_id":"d3decaa2-29c8-4553-b233-26c6cc6d2b1e"} 
[2026-08-22 13:14:49] testing.INFO: auth.logged_out {"audit_id":"01m0m60dsc05sa6azxd4egfckr","actor_id":"01m0m60drj068rk3t291j3nnkb","target":"User:01m0m60drj068rk3t291j3nnkb","request_id":"47974002-a8d1-4bad-a787-60b21043e6cf"} 
[2026-08-22 13:14:49] testing.INFO: auth.logged_in {"audit_id":"01m0m60dsnrcnwvcqksdabb6dv","actor_id":"01m0m60drj068rk3t291j3nnkb","target":"User:01m0m60drj068rk3t291j3nnkb","request_id":"2ba83ac8-b73d-413a-baf8-06549c30c6bb"} 
[2026-08-22 13:14:49] testing.INFO: auth.logged_in {"audit_id":"01m0m60dxnwtp6xbc3sy6v9frq","actor_id":"01m0m60dxcvwds193k9at5835s","target":"User:01m0m60dxcvwds193k9at5835s","request_id":"550f463b-426a-4775-96c0-7dcfeb5f564a"} 
[2026-08-22 13:14:49] testing.INFO: user.devices_reset {"audit_id":"01m0m60e38jbrhtdvtzvwq0fjd","actor_id":"01m0m60e2npqmq9pc9ze9rfd9g","target":"User:01m0m60e2qs0edf9724t17555p","request_id":"3b55ad80-d494-4dd6-99a4-c09c42a51a95"} 
[2026-08-22 13:14:50] testing.INFO: settings.updated {"audit_id":"01m0m60ejrdynmr30vjj9wy2q1","actor_id":"01m0m60ejd8sw97bs96crjn3kz","target":":","request_id":"e0e611db-0298-4ec9-9b33-3ebbaf9bad0e"} 
[2026-08-22 13:14:50] testing.INFO: settings.updated {"audit_id":"01m0m60epp7bydqf6qa2qqf79y","actor_id":"01m0m60epc7npt8qjcfg3tz7ds","target":":","request_id":"62194bd9-8ad9-42e4-bcde-e630dc83ceec"} 
[2026-08-22 13:14:50] testing.INFO: settings.updated {"audit_id":"01m0m60eq2nthz2jjf44gtr581","actor_id":"01m0m60epc7npt8qjcfg3tz7ds","target":":","request_id":"365ec7d1-dc6a-46dd-b6f2-5443dddfdcbf"} 
[2026-08-22 13:14:50] testing.INFO: settings.institution_logo_updated {"audit_id":"01m0m60f005rcyhhf2cqfsm7q7","actor_id":"01m0m60ezgb3zern6kmvgwp39w","target":":","request_id":"569578a2-9604-4a19-b423-8c60d083849c"} 
[2026-08-22 13:14:50] testing.INFO: settings.institution_logo_updated {"audit_id":"01m0m60f0gbp2x4hd3e7snz374","actor_id":"01m0m60ezgb3zern6kmvgwp39w","target":":","request_id":"51577220-9542-4ccf-8840-fecceea3bd66"} 
[2026-08-22 13:14:50] testing.INFO: settings.institution_logo_removed {"audit_id":"01m0m60f0sp1hxvfw0hxktpv3m","actor_id":"01m0m60ezgb3zern6kmvgwp39w","target":":","request_id":"0a1b3bf1-c78f-4f56-ad09-0870411bde38"} 
[2026-08-22 13:14:50] testing.INFO: settings.institution_favicon_updated {"audit_id":"01m0m60f5jnb6keqn4yvhrf4w3","actor_id":"01m0m60f5227sjrv134s6zx3te","target":":","request_id":"19b58025-579c-4ef2-83d5-f5c10f344c0a"} 
[2026-08-22 13:14:50] testing.INFO: settings.updated {"audit_id":"01m0m60fcaqy8skzwbnkcdrvj8","actor_id":"01m0m60fbvrb46m97hpx3q89d4","target":":","request_id":"6a716259-9c36-43d8-b281-b0e9cb42eb55"} 
[2026-08-22 13:14:51] testing.INFO: auth.logged_in {"audit_id":"01m0m60g24ehr0n58zdm7t69kq","actor_id":"01m0m60g1t5prqn6em4hs4jx11","target":"User:01m0m60g1t5prqn6em4hs4jx11","request_id":"45ef8434-3a74-4a93-b5f3-6695e41e5308"} 
[2026-08-22 13:14:51] testing.INFO: auth.login_blocked_suspended {"audit_id":"01m0m60ga19pnkyqsnp2n2c59z","actor_id":"01m0m60g9rsazk7g1w46j6h0cp","target":"User:01m0m60g9rsazk7g1w46j6h0cp","request_id":"5e99e96e-990f-4235-bc1a-d2240fc65127"} 
[2026-08-22 13:14:52] testing.INFO: auth.logged_out {"audit_id":"01m0m60ghsk5y2x9tyrsgn085d","actor_id":"01m0m60ghg15vk4k7314890mp4","target":"User:01m0m60ghg15vk4k7314890mp4","request_id":"186d58c7-c5e7-4582-822b-5d05d71fd508"} 
[2026-08-22 13:14:52] testing.INFO: auth.logged_in {"audit_id":"01m0m60gpnhsvnq4y752dqg2qw","actor_id":"01m0m60gpc44mp361fkem118yf","target":"User:01m0m60gpc44mp361fkem118yf","request_id":"147567f5-0366-429b-9f2a-c113d221dc91"} 
[2026-08-22 13:14:52] testing.INFO: payment.approved {"audit_id":"01m0m60h2ywez13mn320dfhfkr","actor_id":"01m0m60gvrtdzs25hwcfgbtaht","target":"Payment:01m0m60gvt4h7w9bp7htp107bp","request_id":"5a1ff7cf-9a77-4c24-aa2c-32d5622e3a8a"} 
[2026-08-22 13:14:53] testing.INFO: payment.approved {"audit_id":"01m0m60hdvqjy7a3k1tncewtyk","actor_id":"01m0m60h6jhpv0s17w51s8k6yg","target":"Payment:01m0m60h6mwpvsa457x8pzz80r","request_id":"5a411d8d-1881-401c-8b1d-c5bc90296695"} 
[2026-08-22 13:14:53] testing.INFO: payment.approved {"audit_id":"01m0m60j6wcbwq4n1vdf0djsjt","actor_id":"01m0m60j0118j0d006skx7bews","target":"Payment:01m0m60j03mtj00v0b1c5fxd5d","request_id":"e85ebd6e-acce-4891-8a98-14952cacc2b0"} 
[2026-08-22 13:14:54] testing.INFO: payment.rejected {"audit_id":"01m0m60jdpde6h7dvd2scq04ez","actor_id":"01m0m60jd68rk6332xbcv1b41v","target":"Payment:01m0m60jd8k1nf4s1bmbe66yth","request_id":"09656feb-8e93-4959-82a4-e30cf1285cb7"} 
[2026-08-22 13:14:54] testing.INFO: refund.recorded {"audit_id":"01m0m60jxkzdr9mzbgwyh0wq30","actor_id":"01m0m60jty0vc6p2jcpxb8gxes","target":"Refund:01m0m60jxh9gn5jx163w7rxes0","request_id":"94ed8563-1892-4ed0-b94d-8b4be24cd9b5"} 
[2026-08-22 13:14:54] testing.INFO: refund.processed {"audit_id":"01m0m60jy820ah9nfhw06mtdm6","actor_id":"01m0m60jv15p9x3y5az2cyfczx","target":"Refund:01m0m60jxh9gn5jx163w7rxes0","request_id":"873697db-05bf-4efb-b693-e6c4eefd7f09"} 
[2026-08-22 13:14:56] testing.INFO: user.suspend {"audit_id":"01m0m60n32w3zemqnbhxya1ev6","actor_id":"01m0m60n231xke7fp5npq0y1q7","target":"User:01m0m60n291jjkd0zv35s4vkw0","request_id":"f91ee9c0-b4c1-4823-b128-84fa1ac0569b"} 
[2026-08-22 13:14:57] testing.INFO: user.archived {"audit_id":"01m0m60n8nfds4k4yeaxabh4y5","actor_id":"01m0m60n791c1qmgbg2mp0fcm8","target":"User:01m0m60n7jt18zkcs9j1k7q486","request_id":"8256723f-218e-43a8-a068-720a81db0656"} 
[2026-08-22 13:14:57] testing.INFO: user.archived {"audit_id":"01m0m60nd917tzp13ab7vdbxfq","actor_id":"01m0m60nd2hrg2khnye2szqph8","target":"User:01m0m60ncnbg8158w507ywvnyp","request_id":"468a065b-651b-4abf-b9c4-1c695b5c8948"} 
[2026-08-22 13:14:57] testing.INFO: user.updated {"audit_id":"01m0m60nhmdbz0cpnk1wvj0018","actor_id":"01m0m60nh6ns3x677btxmjezmm","target":"User:01m0m60nh9871k9aajek1v5ayk","request_id":"975b613f-a7f3-4404-aed4-453a84a6cc31"} 
[2026-08-22 13:14:58] testing.INFO: test.published {"audit_id":"01m0m60p8qgqsw080n4a0tw7dq","actor_id":"01m0m60p7pnvr19bcqwppw9tyr","target":"Test:01m0m60p7tjmwjvt1k6tf8je4n","request_id":"e423e8ee-ee04-4027-9646-4da4616e6ab5"} 
[2026-08-22 13:14:58] testing.INFO: course.thumbnail_updated {"audit_id":"01m0m60phxnbr30j6xds3gag37","actor_id":"01m0m60ph7evgrdstzb0vpphxr","target":"Course:01m0m60phat7k2kcgww0xkrsza","request_id":"1a588c86-a5a1-40eb-906a-e1576a8c5b09"} 
[2026-08-22 13:14:58] testing.INFO: course.updated {"audit_id":"01m0m60pq0tgzvsgs44c9bzv9n","actor_id":"01m0m60ppft78h8ge3st0h4hym","target":"Course:01m0m60pphvrp3mdr7k3gegdey","request_id":"f08eecf2-bc1e-472f-ae85-eb21ef51be51"} 
[2026-08-22 13:14:58] testing.INFO: settings.payment_method_qr_updated {"audit_id":"01m0m60pws3z0g4ryyv3nm4vb2","actor_id":"01m0m60pwa0jgter7vt3x90g7c","target":"PaymentMethod:01m0m60pw5csqsn3psrc2jgrmn","request_id":"9c0cf59f-027d-4f25-926e-719c7732c56d"} 
[2026-08-22 13:14:58] testing.INFO: settings.institution_logo_updated {"audit_id":"01m0m60q10gb5h8zngbn3w57wf","actor_id":"01m0m60q0f72w1ygjdc1mhc5vf","target":":","request_id":"29b2f767-5bc2-4c03-93fd-f0989b4a1b3f"} 
[2026-08-22 13:15:02] testing.INFO: payment.submitted {"audit_id":"01m0m60tnne3sgasjtbt3yhdpd","actor_id":"01m0m60tmrm7z3qp5z1272s1bf","target":"Payment:01m0m60tnmqhk4pqhzmrpzmseh","request_id":"fa6d3b0c-40bd-40ac-b4fa-58d5e63e13ef"} 
[2026-08-22 13:15:02] testing.INFO: payment.approved_at_capture {"audit_id":"01m0m60tw885582793e66d0nw9","actor_id":"01m0m60tmrm7z3qp5z1272s1bf","target":"Payment:01m0m60tnmqhk4pqhzmrpzmseh","request_id":"fa6d3b0c-40bd-40ac-b4fa-58d5e63e13ef"} 
[2026-08-22 13:15:02] testing.INFO: payment.submitted {"audit_id":"01m0m60v1gcdn0jkj8h4wqxk2k","actor_id":"01m0m60v0g86gjkfnfwxsv0n14","target":"Payment:01m0m60v1ee29xse4vngd68skj","request_id":"fb1c634c-d282-4857-8239-f190d3cee044"} 
[2026-08-22 13:15:03] testing.INFO: payment.approved {"audit_id":"01m0m60v9a0hav6gf8bzvyaqn4","actor_id":"01m0m60v0jh8h9v2svchpxa84c","target":"Payment:01m0m60v1ee29xse4vngd68skj","request_id":"3ebe9755-b168-4e32-af5d-fa9718f3e3e3"} 
[2026-08-22 13:15:03] testing.INFO: payment.submitted {"audit_id":"01m0m60vg6xba5km56f5gx45s7","actor_id":"01m0m60vesm137yg2qwaj4ywp2","target":"Payment:01m0m60vg3gxxccjb99enhkhj0","request_id":"dda2ffa4-40b4-46ba-84f0-1261f4074a7f"} 
[2026-08-22 13:15:03] testing.INFO: payment.approved_at_capture {"audit_id":"01m0m60vqb7x44rnp16xagjre7","actor_id":"01m0m60vesm137yg2qwaj4ywp2","target":"Payment:01m0m60vg3gxxccjb99enhkhj0","request_id":"dda2ffa4-40b4-46ba-84f0-1261f4074a7f"} 
[2026-08-22 13:15:03] testing.INFO: payment.submitted {"audit_id":"01m0m60vr5xk7147ewvt6jqddd","actor_id":"01m0m60vesm137yg2qwaj4ywp2","target":"Payment:01m0m60vr3kyg8q0tmkpta0gra","request_id":"6addfa5c-95e7-4098-a495-d4252a2a2433"} 
[2026-08-22 13:15:03] testing.INFO: payment.approved {"audit_id":"01m0m60w0h5n3rm6memn1ce2tt","actor_id":"01m0m60vewj4jfhtfhv7ayqfwa","target":"Payment:01m0m60vr3kyg8q0tmkpta0gra","request_id":"d5e6279f-d721-4878-a56b-6fffe29497ff"} 
[2026-08-22 13:15:04] testing.INFO: course.created {"audit_id":"01m0m60w66ha0b1r18r4hgvb2r","actor_id":"01m0m60w4v0v0qmy6t1394yqn4","target":"Course:01m0m60w65e3c8cmyernvv8y7b","request_id":"2876af7f-6df0-4806-b4e8-ac840f28b332"} 
[2026-08-22 13:15:04] testing.INFO: category.created {"audit_id":"01m0m60wbyarm8cd4g8qnsq1zx","actor_id":"01m0m60w9xk4eap1y8gx98ydb8","target":"Category:01m0m60wbwe4gzav3tz2z9gp1z","request_id":"795d79ab-e63c-46f8-bf8e-8004c5ec4102"} 
[2026-08-22 13:15:04] testing.INFO: syllabus.updated {"audit_id":"01m0m60whrbnwwkf9ps7h6jf2a","actor_id":"01m0m60wfp5632kfs7s4jwfjf2","target":"Course:01m0m60wfrshde6atnmz753nab","request_id":"0754a0cf-b388-471a-b2f0-fa79b0614be8"} 
[2026-08-22 13:15:04] testing.INFO: export.generated {"audit_id":"01m0m60wqh9n1yaqk9fatrkc79","actor_id":"01m0m60wnq17h62k4m0wbekh8x","target":":","request_id":"173547c7-7a57-4585-9681-c2cd1a1aee78"} 
[2026-08-22 13:15:06] testing.INFO: payment.approved {"audit_id":"01m0m60y37vds6ky2gysmmkmrp","actor_id":"01m0m60xw3rqek5hbdzs5kfvtq","target":"Payment:01m0m60xw51yma9ny9ysh3jp89","request_id":"c0fea950-8daf-4db5-a82e-183d634a709d"} 
[2026-08-22 13:15:06] testing.INFO: recording.deleted {"audit_id":"01m0m60yz99y8se0xvqt6zcfjd","actor_id":"01m0m60yxrxcbhj2kcv9d0fgas","target":"Recording:01m0m60yxtdze11k1ebn96r2p9","request_id":"ab1ad69e-2eb1-4cee-93d9-aa1716931e67"} 
[2026-08-22 13:15:58] local.INFO: auth.logged_in {"audit_id":"01m0m62h2gqkhr0mz66mdj3rg4","actor_id":"01m09q7tew3njjzstq74javh4k","target":"User:01m09q7tew3njjzstq74javh4k","request_id":"384dfe6a-4087-49f4-93ba-07677e1ca5a7"} 
[2026-08-22 13:17:05] local.INFO: auth.logged_in {"audit_id":"01m0m64js6t40xx5p8sa8xedwd","actor_id":"01m09q7tnv5crbr4xt5e70pdcy","target":"User:01m09q7tnv5crbr4xt5e70pdcy","request_id":"b616f56e-12ef-4a8a-b133-49515284bb32"} 
[2026-08-22 13:28:29] testing.INFO: account.password_changed {"audit_id":"01m0m6sea37vmnrse1mqh4jaec","actor_id":"01m0m6se78s1v2kqhy6pjy6wjs","target":"User:01m0m6se78s1v2kqhy6pjy6wjs","request_id":"8a1a70c3-0d8e-4fa1-84b1-a50461d48d7a"} 
[2026-08-22 13:28:29] testing.INFO: account.password_changed {"audit_id":"01m0m6sefspz7pzxscyd9xzng2","actor_id":"01m0m6sef922ts555ctnz8p31g","target":"User:01m0m6sef922ts555ctnz8p31g","request_id":"7d29ad05-9e12-4977-8bc3-1c77a588002a"} 
[2026-08-22 13:28:29] testing.INFO: account.two_factor_enabled {"audit_id":"01m0m6sekz7e5s1byt9n9c06fw","actor_id":"01m0m6sekeh38ckqrn10e6zts4","target":"User:01m0m6sekeh38ckqrn10e6zts4","request_id":"1b6c736d-f1ad-44cf-9091-8167a73687b9"} 
[2026-08-22 13:28:29] testing.INFO: account.sessions_revoked {"audit_id":"01m0m6sety57bj0z1cmkqydyhp","actor_id":"01m0m6setj0rvmj9kzvbkjawcj","target":"User:01m0m6setj0rvmj9kzvbkjawcj","request_id":"f2c7eb8d-122b-447b-94be-4d99cfb715d6"} 
[2026-08-22 13:28:29] testing.INFO: settings.updated {"audit_id":"01m0m6seyz491hv744errbpxv1","actor_id":"01m0m6sey4yr3nphyt8rdhse7q","target":":","request_id":"d348f9ec-df66-4825-899b-f6d773e586d1"} 
[2026-08-22 13:28:30] testing.INFO: settings.updated {"audit_id":"01m0m6sf74pjmg3wkfx97bqa6f","actor_id":"01m0m6sf6w8y9ng9qeyv1mras6","target":":","request_id":"fe3ff213-a3d8-479c-a4ee-814dbb281d82"} 
[2026-08-22 13:28:30] testing.INFO: role.updated {"audit_id":"01m0m6sfep1zzhx494grqdmkj6","actor_id":"01m0m6sfe9wbmyy0swrsrjrg9w","target":"Role:01m0m6sfcez9exaey26t32j1ys","request_id":"bd50a8d5-2f13-4527-a108-2dc9dab50f3a"} 
[2026-08-22 13:28:30] testing.INFO: settings.payment_method_qr_updated {"audit_id":"01m0m6sfkmby3n39y41gayev1d","actor_id":"01m0m6sfje63p34pqd5wqty5mq","target":"PaymentMethod:01m0m6sfj8nyhv9ycjebwzpe90","request_id":"72841485-a29f-4297-9c99-47a34901f17f"} 
[2026-08-22 13:28:30] testing.INFO: settings.payment_method_qr_removed {"audit_id":"01m0m6sfkvymvhpjjne7s3y5cx","actor_id":"01m0m6sfje63p34pqd5wqty5mq","target":"PaymentMethod:01m0m6sfj8nyhv9ycjebwzpe90","request_id":"f06fb367-a0f5-4638-9b7b-f093af273676"} 
[2026-08-22 13:28:30] testing.INFO: settings.updated {"audit_id":"01m0m6sftqcjgm12vvjhkg0j93","actor_id":"01m0m6sftczm8p435srg6hpfdp","target":":","request_id":"c95a11fc-7833-475d-a1ec-75f9754b2728"} 
[2026-08-22 13:28:30] testing.INFO: faq.created {"audit_id":"01m0m6sfyqg86wf4y6nk7vnd5e","actor_id":"01m0m6sfy9fpd9g3ktw1ev4wk9","target":"Faq:01m0m6sfypga3mct8pj2t739m7","request_id":"65ce664c-efc4-49ff-97e5-7e56f460a687"} 
[2026-08-22 13:28:30] testing.INFO: faq.updated {"audit_id":"01m0m6sfyzwj2c3a5x2b8nyhn1","actor_id":"01m0m6sfy9fpd9g3ktw1ev4wk9","target":"Faq:01m0m6sfypga3mct8pj2t739m7","request_id":"63b9a425-aa00-4bc0-9a5b-b0a360518762"} 
[2026-08-22 13:28:30] testing.INFO: faq.deleted {"audit_id":"01m0m6sfzbd3j7q0htxg7qwpa1","actor_id":"01m0m6sfy9fpd9g3ktw1ev4wk9","target":"Faq:01m0m6sfypga3mct8pj2t739m7","request_id":"17556aa8-187b-4e06-89a9-62599eec491c"} 
[2026-08-22 13:28:31] testing.INFO: attempt.started {"audit_id":"01m0m6sga2vrtx5n7g093fjpd1","actor_id":"01m0m6sg995hzh78emhdy2e3jb","target":"TestAttempt:01m0m6sga1scdk1x5hth8mb6h5","request_id":"9ac2634f-7739-4c4b-a82b-782ae1baeb73"} 
[2026-08-22 13:28:31] testing.INFO: attempt.started {"audit_id":"01m0m6sgh37xw89e9ddqt4gp0v","actor_id":"01m0m6sggnny4pjrr779t6a8zz","target":"TestAttempt:01m0m6sgh2b9f1n2qjwvsg1ehr","request_id":"6e684470-9149-4eb4-b2ce-5dfc0019338c"} 
[2026-08-22 13:28:31] testing.INFO: attempt.started {"audit_id":"01m0m6sghchq4q17ppw49jy62k","actor_id":"01m0m6sggnny4pjrr779t6a8zz","target":"TestAttempt:01m0m6sgh2b9f1n2qjwvsg1ehr","request_id":"c7b930d6-2074-46db-a61a-f591e9d00026"} 
[2026-08-22 13:28:31] testing.INFO: attempt.started {"audit_id":"01m0m6sgn5c1nnfv8kazxxqs8k","actor_id":"01m0m6sgmqb1tzz3wbjye0ra5k","target":"TestAttempt:01m0m6sgn42c7e4fqcfe1c77qv","request_id":"c678b93f-2312-474f-b032-bc1634395b00"} 
[2026-08-22 13:28:31] testing.INFO: attempt.started {"audit_id":"01m0m6sgsdnz5c5fsa4jnfxysp","actor_id":"01m0m6sgs0f02cxrj08wrwybk2","target":"TestAttempt:01m0m6sgsc4de1pqxzxy4mpqzr","request_id":"5d5d0a5f-ea9c-432a-b047-3076af9d0a89"} 
[2026-08-22 13:28:31] testing.INFO: attempt.submitted {"audit_id":"01m0m6sgsy2441ydb4fknfnx88","actor_id":"01m0m6sgs0f02cxrj08wrwybk2","target":"TestAttempt:01m0m6sgsc4de1pqxzxy4mpqzr","request_id":"f43d5b65-2222-4200-8dcc-44d43821c732"} 
[2026-08-22 13:28:31] testing.INFO: auth.logged_in {"audit_id":"01m0m6sh13rwmafcvnppfkb1zc","actor_id":"01m0m6sh0q9pektd8jfc4kqct6","target":"User:01m0m6sh0q9pektd8jfc4kqct6","request_id":"737ce98c-48e3-4826-9d99-c91d44845e0e"} 
[2026-08-22 13:28:31] testing.INFO: auth.logged_out {"audit_id":"01m0m6sh1dyxjnj336e4kx7f1d","actor_id":"01m0m6sh0q9pektd8jfc4kqct6","target":"User:01m0m6sh0q9pektd8jfc4kqct6","request_id":"b6f4ea9a-cd7c-4405-814a-81ab3a963baa"} 
[2026-08-22 13:28:31] testing.INFO: auth.logged_in {"audit_id":"01m0m6sh1h88wjafyg2dkh9ga7","actor_id":"01m0m6sh0q9pektd8jfc4kqct6","target":"User:01m0m6sh0q9pektd8jfc4kqct6","request_id":"840f12be-5da0-4c57-96bb-e16c4c556445"} 
[2026-08-22 13:28:32] testing.INFO: auth.account_locked {"audit_id":"01m0m6sh8fcj89gfcsmppsw29x","actor_id":"01m0m6sh7r9fvv06j8dnpqphyq","target":"User:01m0m6sh7r9fvv06j8dnpqphyq","request_id":"9cc2a265-66d5-4432-82ae-ba01b6257baa"} 
[2026-08-22 13:28:32] testing.INFO: auth.password_changed {"audit_id":"01m0m6shc6hvf58njqa4585yxe","actor_id":"01m0m6shbq1zcje5w9r5navpv6","target":"User:01m0m6shbq1zcje5w9r5navpv6","request_id":"44c5cfdd-029e-4e94-8e42-fa3bea7ce8d0"} 
[2026-08-22 13:28:32] testing.INFO: account.profile_updated {"audit_id":"01m0m6shfwzhx72b5hc6cvktwg","actor_id":"01m0m6shfmdvdn6pb4b3vk3fqr","target":"User:01m0m6shfmdvdn6pb4b3vk3fqr","request_id":"2836503d-708f-49fb-b5c2-ac88257e2dc1"} 
[2026-08-22 13:28:32] testing.INFO: course.updated {"audit_id":"01m0m6shpwa1cm45k5w2j4zagd","actor_id":"01m0m6shpbtkqra5q8rnnyd976","target":"Course:01m0m6shpcbn5zc9b6nc2d2nx1","request_id":"973d1a78-f7eb-4aed-84ef-4af1bc196233"} 
[2026-08-22 13:28:32] testing.INFO: course.updated {"audit_id":"01m0m6shtk51zq64vx22d7a5j5","actor_id":"01m0m6sht6w8e376typ5gwwr4z","target":"Course:01m0m6sht8grxknrqtet33ajgh","request_id":"d4538c6d-5281-41da-a452-71e49b72e78a"} 
[2026-08-22 13:28:32] testing.INFO: course.thumbnail_updated {"audit_id":"01m0m6shyqab8ycebsbn6r45zb","actor_id":"01m0m6shxx2j5aq42mdtmx5fwg","target":"Course:01m0m6shy015kx5a15ejqrbqz9","request_id":"d903fcd1-d659-42e1-b7f5-f47677eb686d"} 
[2026-08-22 13:28:32] testing.INFO: course.thumbnail_updated {"audit_id":"01m0m6shz6cgsqj4jk9ex0j237","actor_id":"01m0m6shxx2j5aq42mdtmx5fwg","target":"Course:01m0m6shy015kx5a15ejqrbqz9","request_id":"ceec7588-0850-4ecc-bef8-ccc21b60e43c"} 
[2026-08-22 13:28:32] testing.INFO: course.thumbnail_updated {"audit_id":"01m0m6sj316gg1xryzj93pvmkh","actor_id":"01m0m6sj2f4123635k2yyfpmbt","target":"Course:01m0m6sj2hf0apgjf0tscpf8gb","request_id":"47caa86f-4576-4a98-833e-0a85bb4d2ac4"} 
[2026-08-22 13:28:32] testing.INFO: course.thumbnail_removed {"audit_id":"01m0m6sj3adk2kdnyw73508j4c","actor_id":"01m0m6sj2f4123635k2yyfpmbt","target":"Course:01m0m6sj2hf0apgjf0tscpf8gb","request_id":"56a4df78-f49a-423a-aa71-b2f1dc237e8d"} 
[2026-08-22 13:28:33] testing.INFO: course.thumbnail_updated {"audit_id":"01m0m6sj8grmrzd91gv0r91pa0","actor_id":"01m0m6sj7x7c59q15wfjjdtakf","target":"Course:01m0m6sj7zgt94dbtefmavbnht","request_id":"397f0bc9-c908-4877-a76e-2447f7c80cec"} 
[2026-08-22 13:28:33] testing.INFO: payment.approved {"audit_id":"01m0m6sjxmxa0cec7fwvc4v6mg","actor_id":"01m0m6sjk1rtg3pbzb3btswznw","target":"Payment:01m0m6sjk6gk9v9ty93nk9f8m7","request_id":"bd20a641-9757-47fb-966b-dc41ed3f8618"} 
[2026-08-22 13:28:34] testing.INFO: auth.logged_in {"audit_id":"01m0m6sk5m62xj530g2dc8qdn0","actor_id":"01m0m6sk5a7vky8q23ne9b7zy9","target":"User:01m0m6sk5a7vky8q23ne9b7zy9","request_id":"4d9d042a-45ec-4534-ab5c-4ced2e45610f"} 
[2026-08-22 13:28:34] testing.INFO: auth.logged_out {"audit_id":"01m0m6sk5tf9k1yfv73y3gmdj2","actor_id":"01m0m6sk5a7vky8q23ne9b7zy9","target":"User:01m0m6sk5a7vky8q23ne9b7zy9","request_id":"561152df-227f-4bcc-91a4-d90521cd60b2"} 
[2026-08-22 13:28:34] testing.INFO: auth.logged_in {"audit_id":"01m0m6sk602224z7n9yp2jz57n","actor_id":"01m0m6sk5a7vky8q23ne9b7zy9","target":"User:01m0m6sk5a7vky8q23ne9b7zy9","request_id":"8561e000-8452-4892-a7e9-d0d1363ab821"} 
[2026-08-22 13:28:34] testing.INFO: auth.logged_in {"audit_id":"01m0m6sk9fpmg020wzz2pdg3ek","actor_id":"01m0m6sk96aw1d7scx0s5vcwsc","target":"User:01m0m6sk96aw1d7scx0s5vcwsc","request_id":"8b7833a1-4932-42da-9e6a-ab8d8364e311"} 
[2026-08-22 13:28:34] testing.INFO: user.devices_reset {"audit_id":"01m0m6skd5gjc8zg1twb8gvw3c","actor_id":"01m0m6skcntnezw9qz88c9kchx","target":"User:01m0m6skcqqqs3k131hbkxk01j","request_id":"7d4bd107-a8e3-44e1-9c08-3145886ed955"} 
[2026-08-22 13:28:34] testing.INFO: settings.updated {"audit_id":"01m0m6skt4hswqzcgwtm1myg7k","actor_id":"01m0m6skstn1xsgstv28mw51q4","target":":","request_id":"81ebe655-ac1d-42e4-a59a-b3076669d102"} 
[2026-08-22 13:28:34] testing.INFO: settings.updated {"audit_id":"01m0m6skxp406ab1w2avne7c32","actor_id":"01m0m6skxc5bhb4agm8tvfh95g","target":":","request_id":"31624b15-404d-4062-a12b-8d85121a1f65"} 
[2026-08-22 13:28:34] testing.INFO: settings.updated {"audit_id":"01m0m6skxza06kwdb3tkq6g73d","actor_id":"01m0m6skxc5bhb4agm8tvfh95g","target":":","request_id":"d3dd398f-d9f3-41f0-984d-e8defd4ea573"} 
[2026-08-22 13:28:35] testing.INFO: settings.institution_logo_updated {"audit_id":"01m0m6sm50mvrsv7d4nd6pgqak","actor_id":"01m0m6sm4hcj70h5w3a6aadg15","target":":","request_id":"56b1ae74-9adb-45eb-891b-bde3e1f59121"} 
[2026-08-22 13:28:35] testing.INFO: settings.institution_logo_updated {"audit_id":"01m0m6sm5e6vfpy2ejhckta8f8","actor_id":"01m0m6sm4hcj70h5w3a6aadg15","target":":","request_id":"61f76b3d-79fe-4745-93ac-0449a4bafc6c"} 
[2026-08-22 13:28:35] testing.INFO: settings.institution_logo_removed {"audit_id":"01m0m6sm5pywfmeqt7nyatmgky","actor_id":"01m0m6sm4hcj70h5w3a6aadg15","target":":","request_id":"3cd7100c-4d77-435a-9d51-a0390ecc1498"} 
[2026-08-22 13:28:35] testing.INFO: settings.institution_favicon_updated {"audit_id":"01m0m6sm991xq75cfn90tgjhhw","actor_id":"01m0m6sm8xtf1c38mdm5ee6736","target":":","request_id":"4ad242a9-78c6-4734-a35d-762f62e33ff4"} 
[2026-08-22 13:28:35] testing.INFO: settings.updated {"audit_id":"01m0m6smdcrx4re759p77aam93","actor_id":"01m0m6smd140yhhcsv0xn05640","target":":","request_id":"7cecafc8-3899-4eae-a362-329088c7a76b"} 
[2026-08-22 13:28:35] testing.INFO: auth.logged_in {"audit_id":"01m0m6smykrwvw3dramvm012ys","actor_id":"01m0m6smy9pz5rrc1ez10enw3n","target":"User:01m0m6smy9pz5rrc1ez10enw3n","request_id":"9fded636-f8e7-454d-837e-9e435ec86cb1"} 
[2026-08-22 13:28:36] testing.INFO: auth.login_blocked_suspended {"audit_id":"01m0m6sn52n05zzy698g3x067t","actor_id":"01m0m6sn4vntz7ed3x6mpbr9z0","target":"User:01m0m6sn4vntz7ed3x6mpbr9z0","request_id":"9342beb3-199c-43d7-b742-84fe774634ee"} 
[2026-08-22 13:28:36] testing.INFO: auth.logged_out {"audit_id":"01m0m6snb9mptv0kyqwhk1d5b9","actor_id":"01m0m6snb2bnz9acck2pk5djxa","target":"User:01m0m6snb2bnz9acck2pk5djxa","request_id":"acd4c428-f92e-4ea6-aa70-f139109d7c53"} 
[2026-08-22 13:28:36] testing.INFO: auth.logged_in {"audit_id":"01m0m6snetee8pk5zw1qy6dtrg","actor_id":"01m0m6snehzcm57s3wxa60jgtc","target":"User:01m0m6snehzcm57s3wxa60jgtc","request_id":"e4a9950a-9f99-4e3d-9cab-2c88ca083175"} 
[2026-08-22 13:28:36] testing.INFO: payment.approved {"audit_id":"01m0m6snrnyhpsmvq5tc8x9z0f","actor_id":"01m0m6snj7zbt3ahbc8e6jfkw9","target":"Payment:01m0m6snj9mk9qavtgp2wnz6am","request_id":"286f0ba5-3a32-478f-926b-f655e518db29"} 
[2026-08-22 13:28:37] testing.INFO: payment.approved {"audit_id":"01m0m6sp22kpdp9phpa8a52den","actor_id":"01m0m6snvxfcc21ewvq1hgxvfa","target":"Payment:01m0m6snvz0w8vn713vh767xyt","request_id":"b2de6336-e1f7-47c3-99ab-3beb9e6b35cb"} 
[2026-08-22 13:28:37] testing.INFO: payment.approved {"audit_id":"01m0m6spf9mb9k0nn5301d1wrj","actor_id":"01m0m6sp9gqqvavr123ja3dkgf","target":"Payment:01m0m6sp9h1qn2xq7jwpc4j31x","request_id":"8821c104-b122-4070-a204-7e675ccae30f"} 
[2026-08-22 13:28:37] testing.INFO: payment.rejected {"audit_id":"01m0m6spk5a2jgnapzs4x8ffb7","actor_id":"01m0m6spjmgzrpxd77prg4972h","target":"Payment:01m0m6spjn3ddscd9g7znn6nkt","request_id":"03e9777f-ceab-40d4-97df-e87a2117383a"} 
[2026-08-22 13:28:37] testing.INFO: refund.recorded {"audit_id":"01m0m6spxv0eyhjf8d0t35j2dv","actor_id":"01m0m6spx6xpk2ber30ep9apgp","target":"Refund:01m0m6spxtff54d5xph59059q5","request_id":"1f41692a-f798-4326-962e-b23abdb60845"} 
[2026-08-22 13:28:37] testing.INFO: refund.processed {"audit_id":"01m0m6spycv65rd993yz3s6wgv","actor_id":"01m0m6spx9e6br38pwg2q9xhsj","target":"Refund:01m0m6spxtff54d5xph59059q5","request_id":"ca639f78-62e5-458f-afeb-295f43ab3359"} 
[2026-08-22 13:28:39] testing.INFO: user.suspend {"audit_id":"01m0m6srpwnvxs1vqcv6qt0yq4","actor_id":"01m0m6srp25vwxhzfb9x8s2mj8","target":"User:01m0m6srp76de4ndt5zfsz5gs2","request_id":"58b457f7-39a4-4538-baaa-b543177128de"} 
[2026-08-22 13:28:39] testing.INFO: user.archived {"audit_id":"01m0m6srvd3tpcemajndw7c73g","actor_id":"01m0m6srtcyzpjqrpe3sm3cm8w","target":"User:01m0m6srtjx6vbdkmcsjbp2t1m","request_id":"7ba12ce4-814e-4899-b80c-06b710f17879"} 
[2026-08-22 13:28:40] testing.INFO: user.archived {"audit_id":"01m0m6srz5wrr1mvbpb2mjnr1n","actor_id":"01m0m6sryysy790wqsa051fgrt","target":"User:01m0m6srymwrb2qc12xyvnd1gy","request_id":"c4ef68a2-ae51-4212-a217-54ef143b83c9"} 
[2026-08-22 13:28:40] testing.INFO: user.updated {"audit_id":"01m0m6ss2pncw3kgen7y5cr08s","actor_id":"01m0m6ss2b8fbwv8f48kqjcwg3","target":"User:01m0m6ss2dxbxgq2qhx6893nsa","request_id":"7c8e0713-e2a5-47b1-961e-eabc2a4e7836"} 
[2026-08-22 13:28:40] testing.INFO: test.published {"audit_id":"01m0m6ssjcryd4tw72byjbj1rx","actor_id":"01m0m6sshgzbcsrsg2m4jj2sec","target":"Test:01m0m6sshks15xsp54mq3pd7ra","request_id":"8c3e7432-25da-4c6c-852b-ca76c16600bb"} 
[2026-08-22 13:28:40] testing.INFO: course.thumbnail_updated {"audit_id":"01m0m6sst7nzaqxyk39px8bg2q","actor_id":"01m0m6sssm8a3gam6j0nn0tpc0","target":"Course:01m0m6ssspe99r1kd969rhjfa6","request_id":"65ba3893-16fd-4c89-ac40-37ee49b3527a"} 
[2026-08-22 13:28:40] testing.INFO: course.updated {"audit_id":"01m0m6ssxt41vmkesyh0rtecde","actor_id":"01m0m6ssxb0w3397ysgne6z68r","target":"Course:01m0m6ssxdasvw0bjxzr3m33f5","request_id":"e9d75d09-91ca-4088-9891-d87a288061fe"} 
[2026-08-22 13:28:41] testing.INFO: settings.payment_method_qr_updated {"audit_id":"01m0m6st2mzxxcm4gnyzctknma","actor_id":"01m0m6st27tq8parswn4pxvzbf","target":"PaymentMethod:01m0m6st23jdg04q16q4t803rp","request_id":"b4192f7c-d56f-4f1e-a418-aa17fc3d1f46"} 
[2026-08-22 13:28:41] testing.INFO: settings.institution_logo_updated {"audit_id":"01m0m6st623fsef7xmx4vhnhby","actor_id":"01m0m6st5j3y7gdr70dndmy8k9","target":":","request_id":"5be62d1c-ae92-4a55-9d3e-95946bbbf34f"} 
[2026-08-22 13:28:42] testing.INFO: payment.submitted {"audit_id":"01m0m6svpbxkrsqgfp3kd1z8ar","actor_id":"01m0m6svnfa53e1stakc912rky","target":"Payment:01m0m6svpaesmf4raagem4zwjk","request_id":"618ebef4-764b-4be9-a8ae-bf81c6dfefff"} 
[2026-08-22 13:28:42] testing.INFO: payment.approved_at_capture {"audit_id":"01m0m6svw3twckqgqpj1741y65","actor_id":"01m0m6svnfa53e1stakc912rky","target":"Payment:01m0m6svpaesmf4raagem4zwjk","request_id":"618ebef4-764b-4be9-a8ae-bf81c6dfefff"} 
[2026-08-22 13:28:43] testing.INFO: payment.submitted {"audit_id":"01m0m6sw0q2te1n50htc5jpzz1","actor_id":"01m0m6svzwd90k3dpraen962t1","target":"Payment:01m0m6sw0ngbngjv8z42j0rpnf","request_id":"0f6193c4-f069-4feb-a95e-0ed40f3f3547"} 
[2026-08-22 13:28:43] testing.INFO: payment.approved {"audit_id":"01m0m6sw6xr3jg587b86h32v24","actor_id":"01m0m6svzyzqqdpdzraa4marf3","target":"Payment:01m0m6sw0ngbngjv8z42j0rpnf","request_id":"43eda8da-6d44-4f28-92d3-69c59ce16a4f"} 
[2026-08-22 13:28:43] testing.INFO: payment.submitted {"audit_id":"01m0m6swba1y8k1ckhaadrjk8x","actor_id":"01m0m6swahfn5xy1za63zmgb0w","target":"Payment:01m0m6swb9b48hd3r7hs21g52g","request_id":"38c7e171-dce1-4ac2-aa7b-7956d11f5cc5"} 
[2026-08-22 13:28:43] testing.INFO: payment.approved_at_capture {"audit_id":"01m0m6swh53ts6xmyvqxx2a836","actor_id":"01m0m6swahfn5xy1za63zmgb0w","target":"Payment:01m0m6swb9b48hd3r7hs21g52g","request_id":"38c7e171-dce1-4ac2-aa7b-7956d11f5cc5"} 
[2026-08-22 13:28:43] testing.INFO: payment.submitted {"audit_id":"01m0m6swhv92yjx84g333ry7v8","actor_id":"01m0m6swahfn5xy1za63zmgb0w","target":"Payment:01m0m6swhtvzekrr0rac6hs6g4","request_id":"9f520848-3bdd-4d45-a533-d9d45408426b"} 
[2026-08-22 13:28:43] testing.INFO: payment.approved {"audit_id":"01m0m6swr5g9mfsxvc3mas5j6n","actor_id":"01m0m6swaj4vprbs442mn608ze","target":"Payment:01m0m6swhtvzekrr0rac6hs6g4","request_id":"d2c1d0af-0110-4100-8fd3-f09677e8525e"} 
[2026-08-22 13:28:44] testing.INFO: course.created {"audit_id":"01m0m6swwjnjw2zrr6txfn5g9s","actor_id":"01m0m6swvh9ykhrna9246vmb90","target":"Course:01m0m6swwhk3ge7ts7hhbarf8q","request_id":"946f3464-b112-40e5-bdb6-bf435ee037fd"} 
[2026-08-22 13:28:44] testing.INFO: category.created {"audit_id":"01m0m6sx00nc2e6bvqqrdnzm2t","actor_id":"01m0m6swzkxajpypm84g1kg0jf","target":"Category:01m0m6swzycxajv12cs2mp68dx","request_id":"cf6d9a66-2f90-4397-9b2f-5ba415b41d7c"} 
[2026-08-22 13:28:44] testing.INFO: syllabus.updated {"audit_id":"01m0m6sx3jcp3nkg8kbhee8a18","actor_id":"01m0m6sx34jzd22jgrssawc1dz","target":"Course:01m0m6sx35k219ck3n8hk2pghg","request_id":"dd876096-de03-4f4c-8c99-b0d40e30b1e1"} 
[2026-08-22 13:28:44] testing.INFO: export.generated {"audit_id":"01m0m6sx73apsbjfs657zv8xhc","actor_id":"01m0m6sx6mnh2cv0yzh5rrygyf","target":":","request_id":"39fb10b4-ffeb-49de-8e8c-613e1622156b"} 
[2026-08-22 13:28:45] testing.INFO: payment.approved {"audit_id":"01m0m6sy5tz1wryq5nkfsm5kef","actor_id":"01m0m6sxzsdz2saxcthtfddaz8","target":"Payment:01m0m6sxzv9nm6bz1bx4bhat9b","request_id":"7ab1f8ea-75a0-48dd-8168-83a9e2b35550"} 
[2026-08-22 13:28:45] testing.INFO: recording.deleted {"audit_id":"01m0m6sys200a14xn91r5kcb0x","actor_id":"01m0m6syrhm076y9c90yj9s2pc","target":"Recording:01m0m6syrj6enh35dhftj3c8bd","request_id":"601fbf3d-836d-4be6-911c-2722f0eb56b9"} 
[2026-08-22 14:33:31] local.INFO: auth.logged_in {"audit_id":"01m0maggzbamzg8esz5tyf9ff3","actor_id":"01m09q7v3xq02bgadbj9an0w3q","target":"User:01m09q7v3xq02bgadbj9an0w3q","request_id":"834c6659-f578-40d1-bcc8-058c4aa49bb9"} 
[2026-08-22 14:34:03] local.INFO: auth.logged_in {"audit_id":"01m0mahgp4rjzrnre58pgqswhp","actor_id":"01m09q7twwana37bsa40edjnt8","target":"User:01m09q7twwana37bsa40edjnt8","request_id":"00bf4997-93b2-4d2d-9cea-e7fa1f038b09"} 
[2026-08-22 14:34:33] local.INFO: auth.logged_in {"audit_id":"01m0majdwcnxf33q7ncbz5awy8","actor_id":"01m09q7tnv5crbr4xt5e70pdcy","target":"User:01m09q7tnv5crbr4xt5e70pdcy","request_id":"edba115e-6202-4633-b6b3-a131242a8f1a"} 
