[2026-08-15 07:29:07] local.INFO: auth.logged_in {"audit_id":"01m01hecxjn4bstbz0nh130yvb","actor_id":"01kzwpg5bwwz65npwwynex5fr9","target":"User:01kzwpg5bwwz65npwwynex5fr9","request_id":"960dfe5d-b148-4766-bd00-d54f75a14844"} 
[2026-08-15 07:30:54] local.INFO: auth.logged_out {"audit_id":"01m01hhnvwdtj10vz6nqg5y1cj","actor_id":"01kzwpg5bwwz65npwwynex5fr9","target":"User:01kzwpg5bwwz65npwwynex5fr9","request_id":"ac56eda9-ce1e-439c-bc60-489e7c7d57db"} 
[2026-08-15 07:31:03] local.INFO: auth.logged_in {"audit_id":"01m01hhypbdf7ytgd7bm6rhw0k","actor_id":"01kzwcmb0pey1djqv1dwen7t6z","target":"User:01kzwcmb0pey1djqv1dwen7t6z","request_id":"cf2a1e9e-b9a3-4d11-8020-759f11d90baa"} 
[2026-08-15 07:31:36] local.INFO: batch.updated {"audit_id":"01m01hjysne819k92npztyn4t6","actor_id":"01kzwcmb0pey1djqv1dwen7t6z","target":"Batch:01kzwp03e257ka4f23ccazvyyx","request_id":"c6d1712c-aa89-4cb0-a380-eaf931c51d06"} 
[2026-08-15 07:32:09] local.INFO: batch.updated {"audit_id":"01m01hkyvd0gyvyjfmarwgspx2","actor_id":"01kzwcmb0pey1djqv1dwen7t6z","target":"Batch:01kzwp03e257ka4f23ccazvyyx","request_id":"a668096b-5e36-4a2e-8408-30859a1dd0a6"} 
[2026-08-15 07:33:23] local.INFO: auth.logged_out {"audit_id":"01m01hp7fcq64emfb7vbezhqqa","actor_id":"01kzwcmb0pey1djqv1dwen7t6z","target":"User:01kzwcmb0pey1djqv1dwen7t6z","request_id":"4a0ca5b1-3d4e-44b4-80cb-3f2393af2077"} 
[2026-08-15 07:33:35] local.INFO: auth.logged_in {"audit_id":"01m01hpjszza03a2aj2wevaqmb","actor_id":"01kzwpg5bwwz65npwwynex5fr9","target":"User:01kzwpg5bwwz65npwwynex5fr9","request_id":"c50defe9-abea-4401-9306-f060602ef0da"} 
[2026-08-15 07:36:01] local.INFO: auth.logged_out {"audit_id":"01m01hv1a9d1dm4m2t35w2bdb5","actor_id":"01kzwpg5bwwz65npwwynex5fr9","target":"User:01kzwpg5bwwz65npwwynex5fr9","request_id":"70ceef3c-3806-42a2-84c4-58889dad2d66"} 
[2026-08-15 07:37:04] local.INFO: auth.logged_in {"audit_id":"01m01hwywy4vyz055da3sd8qfc","actor_id":"01kzwcmb0pey1djqv1dwen7t6z","target":"User:01kzwcmb0pey1djqv1dwen7t6z","request_id":"76917902-29a3-48f1-a0df-d0cb62e86e14"} 
[2026-08-15 07:38:00] local.INFO: user.created {"audit_id":"01m01hyny22fq5qk4msyjzagj5","actor_id":"01kzwcmb0pey1djqv1dwen7t6z","target":"User:01m01hynxqwzyq36z2nergbs80","request_id":"d430e54c-73b6-43b1-98bb-ad5be97309bd"} 
[2026-08-15 07:38:16] local.INFO: batch.updated {"audit_id":"01m01hz4tg04akkrnqgjb7z9xm","actor_id":"01kzwcmb0pey1djqv1dwen7t6z","target":"Batch:01kzwp03e257ka4f23ccazvyyx","request_id":"46f339d0-f6a2-4855-a67f-e62a9cdc11c6"} 
[2026-08-15 07:38:25] local.INFO: auth.logged_out {"audit_id":"01m01hze86cjsmb0awf3te6ezy","actor_id":"01kzwcmb0pey1djqv1dwen7t6z","target":"User:01kzwcmb0pey1djqv1dwen7t6z","request_id":"ad5e76b1-9ec9-4421-8c1a-8240062e659a"} 
[2026-08-15 07:38:40] local.INFO: auth.logged_in {"audit_id":"01m01hzwe4gskkqhv0hbeqb90s","actor_id":"01m01hynxqwzyq36z2nergbs80","target":"User:01m01hynxqwzyq36z2nergbs80","request_id":"f9870462-265b-4552-9895-113e9139dac8"} 
[2026-08-15 07:39:01] local.INFO: auth.password_changed {"audit_id":"01m01j0h991zkhz0y0pf0dwhak","actor_id":"01m01hynxqwzyq36z2nergbs80","target":"User:01m01hynxqwzyq36z2nergbs80","request_id":"e2171eb7-dcea-4607-b873-7c0348e15862"} 
[2026-08-15 07:57:27] local.INFO: auth.logged_out {"audit_id":"01m01k28tm1dq1j75pyhyvx0n2","actor_id":"01m01hynxqwzyq36z2nergbs80","target":"User:01m01hynxqwzyq36z2nergbs80","request_id":"0d19c80c-e6e9-4617-a04c-d98b88de4289"} 
[2026-08-15 07:57:35] local.INFO: auth.logged_in {"audit_id":"01m01k2h4sgwtxbs6nc2bc9rpk","actor_id":"01kzwcmb0pey1djqv1dwen7t6z","target":"User:01kzwcmb0pey1djqv1dwen7t6z","request_id":"3413f792-ddaa-47ff-b707-badd73a7d6a7"} 
[2026-08-15 08:07:14] local.INFO: batch.created {"audit_id":"01m01km6n766n3gg3vdmrfhmwg","actor_id":"01kzwcmb0pey1djqv1dwen7t6z","target":"Batch:01m01km6m13j2xhny35zga1t69","request_id":"3383d90c-a5f6-496a-bb17-c1813d7253b0"} 
[2026-08-15 08:07:32] local.INFO: auth.logged_out {"audit_id":"01m01kmrghkggkw578e5nmqt1t","actor_id":"01kzwcmb0pey1djqv1dwen7t6z","target":"User:01kzwcmb0pey1djqv1dwen7t6z","request_id":"ca31df3e-e7ea-4223-8e70-f478cb850a8a"} 
[2026-08-15 08:07:44] local.INFO: auth.logged_in {"audit_id":"01m01kn3fcn0sj72y79g119nhw","actor_id":"01kzwpg5bwwz65npwwynex5fr9","target":"User:01kzwpg5bwwz65npwwynex5fr9","request_id":"334f7fb5-0ff4-449a-839b-7b8593fd9fe5"} 
[2026-08-15 08:08:32] local.INFO: payment.submitted {"audit_id":"01m01kpk1cfpscwc7pcpxs2tha","actor_id":"01kzwpg5bwwz65npwwynex5fr9","target":"Payment:01m01kpk17nv44zf857828bth8","request_id":"5d402f1b-701f-4523-933e-b5bf4446b9c4"} 
[2026-08-15 08:09:24] local.INFO: auth.logged_out {"audit_id":"01m01kr5dwymq2vmncn6x06a8j","actor_id":"01kzwpg5bwwz65npwwynex5fr9","target":"User:01kzwpg5bwwz65npwwynex5fr9","request_id":"f3898a12-543f-488e-8562-8ef6f09f806d"} 
[2026-08-15 08:11:25] local.INFO: auth.logged_in {"audit_id":"01m01kvvtq724wkwtcgqw3agcn","actor_id":"01kzwcmb0pey1djqv1dwen7t6z","target":"User:01kzwcmb0pey1djqv1dwen7t6z","request_id":"0c34cfe2-21a9-4e14-a6cf-84682ab35c1a"} 
[2026-08-15 09:46:53] local.INFO: user.suspend {"audit_id":"01m01san86paeqhr7mkhym7469","actor_id":"01kzwcmb0pey1djqv1dwen7t6z","target":"User:01kzwpg5bwwz65npwwynex5fr9","request_id":"ca746f09-207c-4977-963f-cc6ba3472cb1"} 
[2026-08-15 09:47:22] local.INFO: user.reactivate {"audit_id":"01m01sbht7zbrz3h5bx5q9txwf","actor_id":"01kzwcmb0pey1djqv1dwen7t6z","target":"User:01kzwpg5bwwz65npwwynex5fr9","request_id":"d49e32aa-a844-4d1f-a2f1-79e6150916cf"} 
[2026-08-15 09:48:04] local.INFO: auth.logged_out {"audit_id":"01m01sctr4makyt3vkxcgarfjw","actor_id":"01kzwcmb0pey1djqv1dwen7t6z","target":"User:01kzwcmb0pey1djqv1dwen7t6z","request_id":"6a5bc65d-5961-4497-bf4d-ab2c7a1f4ce8"} 
[2026-08-15 09:48:13] local.INFO: auth.logged_in {"audit_id":"01m01sd34w5th1q2ds0bn3a7wk","actor_id":"01kzwpg5bwwz65npwwynex5fr9","target":"User:01kzwpg5bwwz65npwwynex5fr9","request_id":"7c8446ae-3914-4b5e-8c47-b4f9e1133d6f"} 
[2026-08-15 09:49:49] local.INFO: auth.logged_out {"audit_id":"01m01sg0pq0wg38kgfh1tk2bd1","actor_id":"01kzwpg5bwwz65npwwynex5fr9","target":"User:01kzwpg5bwwz65npwwynex5fr9","request_id":"201a1265-c4ab-4748-b2a4-3590a03dcb40"} 
[2026-08-15 09:49:58] local.INFO: auth.logged_in {"audit_id":"01m01sga0yr4drw30a7r43mk6z","actor_id":"01kzwcmb0pey1djqv1dwen7t6z","target":"User:01kzwcmb0pey1djqv1dwen7t6z","request_id":"51bc50e3-e92e-4a4e-8c83-8cceeb6df256"} 
