[2026-08-24 08:56:22] local.INFO: auth.logged_in {"audit_id":"01m0rw0ks0yhqwq13er9b6qewb","actor_id":"01m09q7kvqfnm27cyeyww19n7h","target":"User:01m09q7kvqfnm27cyeyww19n7h","request_id":"d6f1f7f0-e46b-42af-b9ed-c929edea72a1"} 
[2026-08-24 15:38:34] testing.INFO: recording.deleted {"audit_id":"01m0sk136qgkhx11az05hrd0ax","actor_id":"01m0sk1362awwtc1txjsfyashh","target":"Recording:01m0sk13630ypak6zzaxjjkm1r","request_id":"bc1267d6-722c-4178-a87f-7d100a506773"} 
[2026-08-24 15:39:04] testing.INFO: recording.deleted {"audit_id":"01m0sk2000802j5vq2bf43kabq","actor_id":"01m0sk1zyv64w9af298r06px63","target":"Recording:01m0sk1zyy24py8w5cvzd1m3p8","request_id":"d388ade7-a9e4-4058-beca-66db8072fea9"} 
[2026-08-24 15:39:04] testing.INFO: recording.resynced {"audit_id":"01m0sk204j4neq8sabgt2pb6r2","actor_id":"01m0sk2045hw7sz8vwvh8e1hys","target":"Recording:01m0sk2047xff4s8bpsv4vdvth","request_id":"7a7cb866-a697-45c5-aa49-740ee7089711"} 
[2026-08-24 15:39:13] testing.INFO: account.password_changed {"audit_id":"01m0sk292xsnsh1cd30nsp6qbb","actor_id":"01m0sk28t03j9tnmtp5nw6b2sh","target":"User:01m0sk28t03j9tnmtp5nw6b2sh","request_id":"bd27c4b4-bba4-4181-aa4f-ca006474aa92"} 
[2026-08-24 15:39:13] testing.INFO: account.password_changed {"audit_id":"01m0sk2976hz5ff2jz0q5cmy59","actor_id":"01m0sk296pymc121d5ygqcj77v","target":"User:01m0sk296pymc121d5ygqcj77v","request_id":"19bbc8ec-88c9-47cf-8d5b-de6add62f700"} 
[2026-08-24 15:39:14] testing.INFO: account.two_factor_enabled {"audit_id":"01m0sk29c2q5h96v7dvr1pdrzd","actor_id":"01m0sk29aagmnvv3ymgrhwpzsa","target":"User:01m0sk29aagmnvv3ymgrhwpzsa","request_id":"6c52fbd3-a810-493b-8585-c8d70c89c534"} 
[2026-08-24 15:39:14] testing.INFO: account.sessions_revoked {"audit_id":"01m0sk29jygdw5mek3hyz9a8t9","actor_id":"01m0sk29jm3epxbhjws80x3v9c","target":"User:01m0sk29jm3epxbhjws80x3v9c","request_id":"4465a631-58cd-4849-a14d-2c06ca72f36c"} 
[2026-08-24 15:39:14] testing.INFO: settings.updated {"audit_id":"01m0sk29z86ztscgbspw1px7fr","actor_id":"01m0sk29nypxxzsvgbhkptswdr","target":":","request_id":"bb85d392-15f0-4172-80af-d762784f4769"} 
[2026-08-24 15:39:14] testing.INFO: settings.updated {"audit_id":"01m0sk2a6cpjmnm9znyfzkg99t","actor_id":"01m0sk2a64s0rwsv8j8ztq4qze","target":":","request_id":"401d2fc6-a7c5-4d17-a770-d8f913c2a656"} 
[2026-08-24 15:39:15] testing.INFO: role.updated {"audit_id":"01m0sk2adeebn41277e9aqd9w9","actor_id":"01m0sk2ad4byezjpjzgh3x62hb","target":"Role:01m0sk2absat0wdfqqf5vtnxbh","request_id":"2d309a92-45dd-4799-9661-d2b40fe4a65d"} 
[2026-08-24 15:39:15] testing.INFO: settings.payment_method_qr_updated {"audit_id":"01m0sk2atxamzkz2fba770p6pz","actor_id":"01m0sk2aggvsgkdq3k5ew9q1yw","target":"PaymentMethod:01m0sk2ag76gays7q71ghhtxx1","request_id":"d20948bc-b695-44db-82ae-416df0ecf918"} 
[2026-08-24 15:39:15] testing.INFO: settings.payment_method_qr_removed {"audit_id":"01m0sk2av80jbxm4nt0afjeq0p","actor_id":"01m0sk2aggvsgkdq3k5ew9q1yw","target":"PaymentMethod:01m0sk2ag76gays7q71ghhtxx1","request_id":"9060fffb-e1b7-4ad6-9937-26cc9d76c55c"} 
[2026-08-24 15:39:15] testing.INFO: settings.updated {"audit_id":"01m0sk2b1qn12jtm74tqrtx2ad","actor_id":"01m0sk2b1dxrmntzdgs5ch8rxc","target":":","request_id":"497ffa77-3065-4456-821b-0667c6f3a29c"} 
[2026-08-24 15:39:15] testing.INFO: faq.created {"audit_id":"01m0sk2b5c1ycqstrmqgy2csz2","actor_id":"01m0sk2b502c7rs120nvpdy0hn","target":"Faq:01m0sk2b5b4xs4mbaagtn7bx62","request_id":"bed15082-ba55-454b-9b87-6aeeb913e1a5"} 
[2026-08-24 15:39:15] testing.INFO: faq.updated {"audit_id":"01m0sk2b5kqbyyv98171fpddnk","actor_id":"01m0sk2b502c7rs120nvpdy0hn","target":"Faq:01m0sk2b5b4xs4mbaagtn7bx62","request_id":"e80ee890-834a-4281-aba4-23581a7f8a4d"} 
[2026-08-24 15:39:15] testing.INFO: faq.deleted {"audit_id":"01m0sk2b5ypj9dndgc4mbrwdzt","actor_id":"01m0sk2b502c7rs120nvpdy0hn","target":"Faq:01m0sk2b5b4xs4mbaagtn7bx62","request_id":"255de966-f676-478e-97fe-1660e99ef351"} 
[2026-08-24 15:39:16] testing.INFO: attempt.started {"audit_id":"01m0sk2bfvgp8mjmd9zbkzr09d","actor_id":"01m0sk2bfb0xx88pgewz42ra2y","target":"TestAttempt:01m0sk2bftbgad261y77aqekss","request_id":"8bdeb8da-47d2-4c35-a196-0c80d94dd00c"} 
[2026-08-24 15:39:16] testing.INFO: attempt.started {"audit_id":"01m0sk2bpe25x9q9ehnjetpa22","actor_id":"01m0sk2bp23qavcz0wws3hse8z","target":"TestAttempt:01m0sk2bpdyfat4353edmwksjs","request_id":"dfcef72d-0b6a-4ec1-b4c2-da5dd223840c"} 
[2026-08-24 15:39:16] testing.INFO: attempt.started {"audit_id":"01m0sk2bppkxqrx0z54980c63q","actor_id":"01m0sk2bp23qavcz0wws3hse8z","target":"TestAttempt:01m0sk2bpdyfat4353edmwksjs","request_id":"e9a5c2bb-1114-45c5-8a7d-5b26ac9eb231"} 
[2026-08-24 15:39:16] testing.INFO: attempt.started {"audit_id":"01m0sk2bt3cw8k099t91df1xgd","actor_id":"01m0sk2bsq1nkk9s39p974fn2d","target":"TestAttempt:01m0sk2bt2a1z6ed82kpseymhm","request_id":"5908a3bc-869e-47ef-91ee-b633dd7e9550"} 
[2026-08-24 15:39:16] testing.INFO: attempt.started {"audit_id":"01m0sk2bz194tetzhyxyc27k4h","actor_id":"01m0sk2byn9mrandmw5dh6xweb","target":"TestAttempt:01m0sk2bz0tqrvgc96fr5hvkzh","request_id":"4eb2da2a-1bd1-41fb-8bc5-78124f64f246"} 
[2026-08-24 15:39:16] testing.INFO: attempt.submitted {"audit_id":"01m0sk2bzk66jzxr0hb8j55vfv","actor_id":"01m0sk2byn9mrandmw5dh6xweb","target":"TestAttempt:01m0sk2bz0tqrvgc96fr5hvkzh","request_id":"cd89ca98-d380-4084-9534-9d2d194cdc17"} 
[2026-08-24 15:39:16] testing.INFO: auth.logged_in {"audit_id":"01m0sk2c6j7c87r0tmjaed21a0","actor_id":"01m0sk2c67wcc5n2bp5wfvnps6","target":"User:01m0sk2c67wcc5n2bp5wfvnps6","request_id":"d9cebd45-6446-4230-aa7f-1dca32c9e4d0"} 
[2026-08-24 15:39:16] testing.INFO: auth.logged_out {"audit_id":"01m0sk2c7cpr1zc16w2j40xnw2","actor_id":"01m0sk2c67wcc5n2bp5wfvnps6","target":"User:01m0sk2c67wcc5n2bp5wfvnps6","request_id":"a3898b18-1878-4956-ada4-129bf84ac485"} 
[2026-08-24 15:39:16] testing.INFO: auth.logged_in {"audit_id":"01m0sk2c7hczwzf21z7w46bgzv","actor_id":"01m0sk2c67wcc5n2bp5wfvnps6","target":"User:01m0sk2c67wcc5n2bp5wfvnps6","request_id":"5d7be4f1-0f37-4ce5-9a82-3a45cedfcaa3"} 
[2026-08-24 15:39:17] testing.INFO: auth.account_locked {"audit_id":"01m0sk2cegrm617dykcgebcsg8","actor_id":"01m0sk2cdrvnetgs6b2bd4by24","target":"User:01m0sk2cdrvnetgs6b2bd4by24","request_id":"55e78eb9-9ecd-4be1-80b4-eb9b2fcfee70"} 
[2026-08-24 15:39:17] testing.INFO: auth.password_changed {"audit_id":"01m0sk2cjc3k8rsqq161t3g0ph","actor_id":"01m0sk2chzz5j6aksa3csqtsqf","target":"User:01m0sk2chzz5j6aksa3csqtsqf","request_id":"06e3fe5a-7566-4233-842d-45aa935a9bac"} 
[2026-08-24 15:39:17] testing.INFO: account.profile_updated {"audit_id":"01m0sk2cntvav7fg6g3ttpxyks","actor_id":"01m0sk2cnjk2pm8byhbg0e8hnk","target":"User:01m0sk2cnjk2pm8byhbg0e8hnk","request_id":"46711f49-99a8-4a12-9778-8b7dc030a878"} 
[2026-08-24 15:39:17] testing.INFO: course.updated {"audit_id":"01m0sk2cyqz0abq71t0a7fbvp2","actor_id":"01m0sk2cy42rww5vdjgejfbxss","target":"Course:01m0sk2cy6xq1y5zxad816nz9y","request_id":"55dfa545-d4b9-4607-9192-1e6ed2f3d5ea"} 
[2026-08-24 15:39:17] testing.INFO: course.updated {"audit_id":"01m0sk2d2n37c4t6bjjsdmdzb9","actor_id":"01m0sk2d2612vh71j9tdxf6ydx","target":"Course:01m0sk2d289h7rmx6gpvbms4pp","request_id":"cfac4c8f-ca06-4023-a1cb-651ef119a18e"} 
[2026-08-24 15:39:17] testing.INFO: course.thumbnail_updated {"audit_id":"01m0sk2d6hnyp0xkptxxdv0y2h","actor_id":"01m0sk2d5s1ar9yer62zcf7x09","target":"Course:01m0sk2d5vpgn4sn5fjjtt5hqf","request_id":"de0ce6b3-9567-4435-83f9-655ee47a4470"} 
[2026-08-24 15:39:17] testing.INFO: course.thumbnail_updated {"audit_id":"01m0sk2d71mncqxdf3bj5zxjeq","actor_id":"01m0sk2d5s1ar9yer62zcf7x09","target":"Course:01m0sk2d5vpgn4sn5fjjtt5hqf","request_id":"6c847ef4-67ee-4f09-b205-6ac5d6749c0b"} 
[2026-08-24 15:39:18] testing.INFO: course.thumbnail_updated {"audit_id":"01m0sk2dagv2mp7x6vq31nfnyt","actor_id":"01m0sk2d9zhf8hnktyyjp5vnwb","target":"Course:01m0sk2da15sbv8669j9m88h6w","request_id":"6dcbaa62-990f-45ca-be35-4555be8cbeb4"} 
[2026-08-24 15:39:18] testing.INFO: course.thumbnail_removed {"audit_id":"01m0sk2dasvkq1hhkqnc7mfevm","actor_id":"01m0sk2d9zhf8hnktyyjp5vnwb","target":"Course:01m0sk2da15sbv8669j9m88h6w","request_id":"0f6d8102-e725-463c-a175-bbdf45419623"} 
[2026-08-24 15:39:18] testing.INFO: course.thumbnail_updated {"audit_id":"01m0sk2det9s7e1tz1fgpy3hz9","actor_id":"01m0sk2de8xkgtqtn403xte4cf","target":"Course:01m0sk2deadwn27zanq4wtpsxe","request_id":"9fc24007-0e9f-4a2a-aee5-a01e1f20b3c6"} 
[2026-08-24 15:39:22] testing.INFO: payment.approved {"audit_id":"01m0sk2h8re10edke7mvxfvvav","actor_id":"01m0sk2dtx11zjg98jjrdcegkg","target":"Payment:01m0sk2dv35t1bkv31y86f8t5s","request_id":"481921d0-39b4-4b4c-a70a-233fbd7f102a"} 
[2026-08-24 15:39:22] testing.INFO: auth.logged_in {"audit_id":"01m0sk2hhg22y057wpw7e9h9zq","actor_id":"01m0sk2hh3mrzm9qnjn2ratmdz","target":"User:01m0sk2hh3mrzm9qnjn2ratmdz","request_id":"58a797c3-77b9-4bda-9569-5e25b344a7d5"} 
[2026-08-24 15:39:22] testing.INFO: auth.logged_out {"audit_id":"01m0sk2hhrvvb27wxfprj1cxtd","actor_id":"01m0sk2hh3mrzm9qnjn2ratmdz","target":"User:01m0sk2hh3mrzm9qnjn2ratmdz","request_id":"25939a78-4f71-4168-a6c0-4d2063e148e9"} 
[2026-08-24 15:39:22] testing.INFO: auth.logged_in {"audit_id":"01m0sk2hj1jnxaa7709s86ynpz","actor_id":"01m0sk2hh3mrzm9qnjn2ratmdz","target":"User:01m0sk2hh3mrzm9qnjn2ratmdz","request_id":"184dee92-783c-4360-90d1-8ad7511867d2"} 
[2026-08-24 15:39:22] testing.INFO: auth.logged_in {"audit_id":"01m0sk2hpfsvcx2q6ddzkj3438","actor_id":"01m0sk2hp4ayy5q9186wpdmjxe","target":"User:01m0sk2hp4ayy5q9186wpdmjxe","request_id":"c7bc85a5-489c-4e67-a617-f3e99e495886"} 
[2026-08-24 15:39:22] testing.INFO: user.devices_reset {"audit_id":"01m0sk2hvb1hm7jb5y65e8xxkm","actor_id":"01m0sk2htmda3x6rmg4xwffsxk","target":"User:01m0sk2htq9ygyd5c8kh31xgkh","request_id":"0e1d3cd6-d33d-44a5-8344-b22e293f0353"} 
[2026-08-24 15:39:23] testing.INFO: settings.updated {"audit_id":"01m0sk2j7yswn4rp7z4e2ec7bt","actor_id":"01m0sk2j7n8141hqqgc0t7s9c7","target":":","request_id":"ac5ee5f1-533f-41fe-a002-beb4301e2e41"} 
[2026-08-24 15:39:23] testing.INFO: settings.updated {"audit_id":"01m0sk2jba9fprmfh362z67eff","actor_id":"01m0sk2jb1h3jnrvf3yxdj6fsn","target":":","request_id":"66a92cdf-043f-43c3-928e-a7fa4b9836b5"} 
[2026-08-24 15:39:23] testing.INFO: settings.updated {"audit_id":"01m0sk2jbjsdxa9jqrfefw7wnh","actor_id":"01m0sk2jb1h3jnrvf3yxdj6fsn","target":":","request_id":"c25342c9-37b4-402a-a1fd-638f3829a4fe"} 
[2026-08-24 15:39:23] testing.INFO: settings.institution_logo_updated {"audit_id":"01m0sk2jjcqamaffxwfnn5zq2m","actor_id":"01m0sk2jhxd9tv49ryyp5c9nsf","target":":","request_id":"edfa7946-a931-4e5e-bce3-93cd5306a6d8"} 
[2026-08-24 15:39:23] testing.INFO: settings.institution_logo_updated {"audit_id":"01m0sk2jjvbcf4z7xfww7sabeg","actor_id":"01m0sk2jhxd9tv49ryyp5c9nsf","target":":","request_id":"8fccb4b2-bcbb-4daa-bae9-cdbf81c770ff"} 
[2026-08-24 15:39:23] testing.INFO: settings.institution_logo_removed {"audit_id":"01m0sk2jk2yd7942dxg68kmh14","actor_id":"01m0sk2jhxd9tv49ryyp5c9nsf","target":":","request_id":"9a7d1b65-bd0c-461d-aa99-1434095e4835"} 
[2026-08-24 15:39:23] testing.INFO: settings.institution_favicon_updated {"audit_id":"01m0sk2jpp9b8td6tpyg062a8b","actor_id":"01m0sk2jp8ebhswfs0xc04rcdq","target":":","request_id":"83bac3f9-f96f-42c9-8cc3-88e9b5fa1c9f"} 
[2026-08-24 15:39:23] testing.INFO: settings.updated {"audit_id":"01m0sk2jtdq1gj1bfyy97mfrvv","actor_id":"01m0sk2jt4w7d7cfg3jfd48h6n","target":":","request_id":"4a936038-cf72-4638-8a0b-d3bf302e99b6"} 
[2026-08-24 15:39:24] testing.INFO: auth.logged_in {"audit_id":"01m0sk2kb3k0cjkymn2b46w9c9","actor_id":"01m0sk2kar4j9acga2mexdewdn","target":"User:01m0sk2kar4j9acga2mexdewdn","request_id":"cac08b4b-9b02-4914-ab77-5db869afb0ba"} 
[2026-08-24 15:39:24] testing.INFO: auth.login_blocked_suspended {"audit_id":"01m0sk2khbnf0ab62s8pg0xxqs","actor_id":"01m0sk2kh5c3ztr2v7209rptxe","target":"User:01m0sk2kh5c3ztr2v7209rptxe","request_id":"3261f65b-a5fd-4e92-928c-6059d2ee5aed"} 
[2026-08-24 15:39:24] testing.INFO: auth.logged_out {"audit_id":"01m0sk2kqed3xpdn7283gkxdg5","actor_id":"01m0sk2kq7w2xj4j73v1nbhb7t","target":"User:01m0sk2kq7w2xj4j73v1nbhb7t","request_id":"00f52c6e-4c4c-4b5c-b8b2-c720b5e959f3"} 
[2026-08-24 15:39:24] testing.INFO: auth.logged_in {"audit_id":"01m0sk2kv9c7vbmz3p35smnqpc","actor_id":"01m0sk2kv201pwq55v7wz2p3z5","target":"User:01m0sk2kv201pwq55v7wz2p3z5","request_id":"e3b2dc87-2fc4-4135-b3a2-065b2c8fd626"} 
[2026-08-24 15:39:25] testing.INFO: payment.approved {"audit_id":"01m0sk2m5mt4ny2mjhdf1zezj9","actor_id":"01m0sk2kzdztnn7pa7et99r3kg","target":"Payment:01m0sk2kzezp338wtvxx3x1tz6","request_id":"203e708a-768c-4023-9568-a2cd7e4e4717"} 
[2026-08-24 15:39:25] testing.INFO: payment.approved {"audit_id":"01m0sk2memcvj9tfpx3nabraq4","actor_id":"01m0sk2m8pvxk79yg9wb37jnjw","target":"Payment:01m0sk2m8q8fx74rykge9gvr2x","request_id":"7c82e9bc-cf3f-4c53-a80b-771143a79cf5"} 
[2026-08-24 15:39:25] testing.INFO: payment.approved {"audit_id":"01m0sk2mywrd8yv1js8n1t6tcc","actor_id":"01m0sk2ms32mvvrgyp881p68r9","target":"Payment:01m0sk2ms5a9vcpn4h1mcr2ex2","request_id":"d74e4f44-b730-49e6-8c20-8053f82d691b"} 
[2026-08-24 15:39:26] testing.INFO: payment.rejected {"audit_id":"01m0sk2n5rky6ypbs5p3bhqjgr","actor_id":"01m0sk2n5cc0qcpr8t6tzf6q1e","target":"Payment:01m0sk2n5d7tqt1m76m7syez1a","request_id":"7b139f53-c2fe-4b96-a4ca-2272c7dad29a"} 
[2026-08-24 15:39:26] testing.INFO: refund.recorded {"audit_id":"01m0sk2ng26h2x7ft0pr0pj6dv","actor_id":"01m0sk2nffxhrt67p365vwyz6r","target":"Refund:01m0sk2ng1zhfq2jcazx4mmczd","request_id":"6b8d9111-1503-4b90-a3e3-d387b2346578"} 
[2026-08-24 15:39:26] testing.INFO: refund.processed {"audit_id":"01m0sk2ngm2y0wrq3z8xajh7gk","actor_id":"01m0sk2nfh33bjx36ed6zdky91","target":"Refund:01m0sk2ng1zhfq2jcazx4mmczd","request_id":"50ab5993-191c-4068-9925-d9ab8ee884b2"} 
[2026-08-24 15:39:28] testing.INFO: user.suspend {"audit_id":"01m0sk2q6r5z386g7karb0x0gt","actor_id":"01m0sk2q5yj5b4pjdkpqmbt67y","target":"User:01m0sk2q62t618svz4pyvfyj8q","request_id":"15bc77dd-bd32-44a0-9394-3747a51f4f45"} 
[2026-08-24 15:39:28] testing.INFO: user.archived {"audit_id":"01m0sk2qcz73gv07ww8rmavz8b","actor_id":"01m0sk2qbww19gpg63fe41t6ej","target":"User:01m0sk2qc3ddta5ssjpes4gv8k","request_id":"dc375b06-7cc1-4845-9951-0ace9eb209ca"} 
[2026-08-24 15:39:28] testing.INFO: user.archived {"audit_id":"01m0sk2qh6w3mkdaqt0hy76ezm","actor_id":"01m0sk2qgzbja0gpyjbft3redc","target":"User:01m0sk2qgk9dsha85rk4vk0eb5","request_id":"5c184b99-4b31-4349-943e-f8f2f164c872"} 
[2026-08-24 15:39:28] testing.INFO: user.updated {"audit_id":"01m0sk2qmfx8aas1wkv2vgkyad","actor_id":"01m0sk2qm4ewv4w9tz5b66b7rz","target":"User:01m0sk2qm6btsgkqdjw9kn5y1h","request_id":"83437e6f-b43e-4fcc-b81d-5bd6e3d552f2"} 
[2026-08-24 15:39:29] testing.INFO: test.published {"audit_id":"01m0sk2r31yjehypsz19h2qshr","actor_id":"01m0sk2r250t2024c6a49v7yvn","target":"Test:01m0sk2r28vs9xv9a2rcwd23tb","request_id":"4a6b2125-283f-4eab-bf08-97867522aa24"} 
[2026-08-24 15:39:29] testing.INFO: course.thumbnail_updated {"audit_id":"01m0sk2rbfnasmzf7v581f7jaj","actor_id":"01m0sk2rawrrwscv3qkdqxvt09","target":"Course:01m0sk2rax9pa4dx3mjm6jstfb","request_id":"5fe8b6cc-d58d-47f5-8662-e62f33337595"} 
[2026-08-24 15:39:29] testing.INFO: course.updated {"audit_id":"01m0sk2rfmzjcrhb8qdj98vbd9","actor_id":"01m0sk2rf6byh1gx9nscj4t1x8","target":"Course:01m0sk2rf8tqn41c1rvxqqvmf1","request_id":"38ca722e-f2ba-479c-927a-2186597154ad"} 
[2026-08-24 15:39:29] testing.INFO: settings.payment_method_qr_updated {"audit_id":"01m0sk2rk2zymazy27fnab0d02","actor_id":"01m0sk2rjmyvrgbs7s7mj2xs83","target":"PaymentMethod:01m0sk2rjhf17pvh1tbtrygha8","request_id":"5f77f40c-083c-45a6-a1dc-769ef6f5240b"} 
[2026-08-24 15:39:29] testing.INFO: settings.institution_logo_updated {"audit_id":"01m0sk2rpfaf7kjfq4w7fav51y","actor_id":"01m0sk2rp0xwj6mew11fswv0tf","target":":","request_id":"db9c9b8e-0677-4454-81c0-d4b6760cdcd3"} 
[2026-08-24 15:39:32] testing.INFO: payment.submitted {"audit_id":"01m0sk2vh0cvqskd6jdx13e2r7","actor_id":"01m0sk2vg5p69x0x09twdrassf","target":"Payment:01m0sk2vgzsxw54ddm27r4n52c","request_id":"8c95c1c7-edf8-4944-a0ed-886684d46985"} 
[2026-08-24 15:39:32] testing.INFO: payment.approved_at_capture {"audit_id":"01m0sk2vpq0ne3s3p014e5vk9s","actor_id":"01m0sk2vg5p69x0x09twdrassf","target":"Payment:01m0sk2vgzsxw54ddm27r4n52c","request_id":"8c95c1c7-edf8-4944-a0ed-886684d46985"} 
[2026-08-24 15:39:32] testing.INFO: payment.submitted {"audit_id":"01m0sk2vve323kjmb2b6gqrxb1","actor_id":"01m0sk2vtd90v74t9qt7m0j76t","target":"Payment:01m0sk2vvb4zs9wzqgechtpfh7","request_id":"ebe6e4a0-7238-4a22-9824-18e9b77f2954"} 
[2026-08-24 15:39:33] testing.INFO: payment.approved {"audit_id":"01m0sk2w27ryxrnx1yjtqggbb9","actor_id":"01m0sk2vtgcf2y0swbk8jbj0tw","target":"Payment:01m0sk2vvb4zs9wzqgechtpfh7","request_id":"564a8dea-0e29-458e-93b7-519b01794e8a"} 
[2026-08-24 15:39:33] testing.INFO: payment.submitted {"audit_id":"01m0sk2w6txd58ws2yjxfzq0g6","actor_id":"01m0sk2w5pmjnq6psy2e26nk8c","target":"Payment:01m0sk2w6s0exdzrq9dz9hzrbk","request_id":"71c5e361-5aa4-4015-858d-f57278471a08"} 
[2026-08-24 15:39:33] testing.INFO: payment.approved_at_capture {"audit_id":"01m0sk2wd7sr16yjqr99678qkc","actor_id":"01m0sk2w5pmjnq6psy2e26nk8c","target":"Payment:01m0sk2w6s0exdzrq9dz9hzrbk","request_id":"71c5e361-5aa4-4015-858d-f57278471a08"} 
[2026-08-24 15:39:33] testing.INFO: payment.submitted {"audit_id":"01m0sk2we92dns5j3p641yzyzw","actor_id":"01m0sk2w5pmjnq6psy2e26nk8c","target":"Payment:01m0sk2we7vwgq29a4jhyks9yr","request_id":"a801cac2-ad28-4e46-a5cc-ef3a94571c6d"} 
[2026-08-24 15:39:33] testing.INFO: payment.approved {"audit_id":"01m0sk2wnsdgwe1sr4qp4pn1mx","actor_id":"01m0sk2w5syhg5d4qnva8hqnx5","target":"Payment:01m0sk2we7vwgq29a4jhyks9yr","request_id":"378907b8-e141-4337-b3d3-1385eaeb2a22"} 
[2026-08-24 15:39:33] testing.INFO: course.created {"audit_id":"01m0sk2wt9qk0cr41nxva0640d","actor_id":"01m0sk2wsa0w7565per31bd923","target":"Course:01m0sk2wt82ksny10wrqqq5k1d","request_id":"c6010596-651f-4f97-bd38-e74986b8bad8"} 
[2026-08-24 15:39:34] testing.INFO: category.created {"audit_id":"01m0sk2wxj9kkd59rxrq0gkar2","actor_id":"01m0sk2wx6qarmmstp3s1kz88m","target":"Category:01m0sk2wxg3h90796sneqx5f88","request_id":"911ccfed-1df8-4c07-aae6-7809d86191fb"} 
[2026-08-24 15:39:34] testing.INFO: syllabus.updated {"audit_id":"01m0sk2x0vbahwa5mwsje0jqgd","actor_id":"01m0sk2x0dpcqfpt01ky76vyz2","target":"Course:01m0sk2x0f4m4ny4r9g98q1kn0","request_id":"fc33db22-de67-4715-b9bf-32648f9573ef"} 
[2026-08-24 15:39:34] testing.INFO: export.generated {"audit_id":"01m0sk2x49hpfn8dpv044s1qe8","actor_id":"01m0sk2x3t38ce8r92yp4ea8px","target":":","request_id":"f80ad850-e91d-47c1-b06f-e86dd0b2278a"} 
[2026-08-24 15:39:35] testing.INFO: payment.approved {"audit_id":"01m0sk2y3c3712xnhv7296d2w4","actor_id":"01m0sk2xxbjjkq5qndg3rsmfh9","target":"Payment:01m0sk2xxdsqr4vejkcrbfm6av","request_id":"efb85307-570f-4314-b003-bc47611ff966"} 
[2026-08-24 15:39:35] testing.INFO: recording.deleted {"audit_id":"01m0sk2ypb2dvfaa56jmp4g819","actor_id":"01m0sk2ynwtsbyt8s5z3ceygmh","target":"Recording:01m0sk2ynxw91v53c13xdxaztz","request_id":"40011670-4e1e-4908-8632-3995f2bd0d15"} 
[2026-08-24 15:39:35] testing.INFO: recording.resynced {"audit_id":"01m0sk2ysv9davswzj63wbxfzy","actor_id":"01m0sk2ysfhw86dhxsx99znqz6","target":"Recording:01m0sk2ysh7ebswq40jgt9a2js","request_id":"a050c36c-6b63-42c8-a624-17c449aefc70"} 
[2026-08-24 19:54:34] local.INFO: auth.registered {"audit_id":"01m0t1nt0qj0hv4b2mcm2cp95f","actor_id":"01m0t1nssm9y0c7wn5jdsdb5bz","target":"User:01m0t1nssm9y0c7wn5jdsdb5bz","request_id":"2a3644be-bf71-4be5-9334-e383919dcbd3"} 
[2026-08-24 19:57:44] testing.INFO: auth.registered {"audit_id":"01m0t1vkgqnn33yvq4nc91xph7","actor_id":"01m0t1vkg236p8kevs95jhqsqh","target":"User:01m0t1vkg236p8kevs95jhqsqh","request_id":"77deea4d-e7b3-45ec-b013-41d6bd21d232"} 
[2026-08-24 19:58:30] testing.INFO: auth.registered {"audit_id":"01m0t1x163mf63asjhc3rajcwy","actor_id":"01m0t1x161d14tv770ashz3406","target":"User:01m0t1x161d14tv770ashz3406","request_id":"e15a885e-2759-46bf-80a2-b7ee71d37b36"} 
[2026-08-24 19:58:43] testing.INFO: auth.registered {"audit_id":"01m0t1xe0mdftm6jae8bcwdd1c","actor_id":"01m0t1xe0hs5fwtkh4kszm084c","target":"User:01m0t1xe0hs5fwtkh4kszm084c","request_id":"adf98ce5-b672-4f05-b5f6-ed83a47a216a"} 
[2026-08-24 19:59:11] testing.INFO: account.password_changed {"audit_id":"01m0t1y8ss3a0738q2312a8jv1","actor_id":"01m0t1y8f9b8p6k5r4ca304zbr","target":"User:01m0t1y8f9b8p6k5r4ca304zbr","request_id":"daf36ddc-1c2f-4d43-8ed2-c0eff29916dd"} 
[2026-08-24 19:59:11] testing.INFO: account.password_changed {"audit_id":"01m0t1y8y1pz5m8m0m0p2gxxx7","actor_id":"01m0t1y8xnkcyksabgmzt8hx1r","target":"User:01m0t1y8xnkcyksabgmzt8hx1r","request_id":"c16e5b2a-7f46-4734-a88d-71b471d020be"} 
[2026-08-24 19:59:11] testing.INFO: account.two_factor_enabled {"audit_id":"01m0t1y94c4z3mcn1r8txwhrmz","actor_id":"01m0t1y9144d270w19w99nfb2x","target":"User:01m0t1y9144d270w19w99nfb2x","request_id":"4aa713e7-7792-4e75-ae4e-33811b2a430c"} 
[2026-08-24 19:59:11] testing.INFO: account.sessions_revoked {"audit_id":"01m0t1y9emvtjrygwphy4wzbq9","actor_id":"01m0t1y9dfkpaaa5qj8a0dmxtv","target":"User:01m0t1y9dfkpaaa5qj8a0dmxtv","request_id":"5adb6574-a499-48d1-b7d7-18095767b0c5"} 
[2026-08-24 19:59:11] testing.INFO: settings.updated {"audit_id":"01m0t1y9p30bjrtv0m4wm4b5sb","actor_id":"01m0t1y9hzgcpss5dpz22wdfr6","target":":","request_id":"77f9642f-9bb5-4522-8153-2eff63213294"} 
[2026-08-24 19:59:12] testing.INFO: settings.updated {"audit_id":"01m0t1yae62pc57k2517qdwtj1","actor_id":"01m0t1yadxynvkqsj0x81jefrd","target":":","request_id":"baef71e5-05e5-4b3f-ba13-7968210756ae"} 
[2026-08-24 19:59:12] testing.INFO: role.updated {"audit_id":"01m0t1yaqq0986z3m6v5whrpg3","actor_id":"01m0t1yaqdjdrs26zys6j7q0p7","target":"Role:01m0t1yanravvghhtycm91esqy","request_id":"7880ce80-9c4d-4c2c-a473-4d0a97a557fd"} 
[2026-08-24 19:59:13] testing.INFO: settings.payment_method_qr_updated {"audit_id":"01m0t1yb5y4df56gsgts279166","actor_id":"01m0t1yav49n0vj23f9fjyj0zp","target":"PaymentMethod:01m0t1yatzadpy0g23wj1cp7wg","request_id":"f060b037-2a21-4dfe-b263-fda3a928e1f2"} 
[2026-08-24 19:59:13] testing.INFO: settings.payment_method_qr_removed {"audit_id":"01m0t1yb671wa1ww7ny3vrc3a0","actor_id":"01m0t1yav49n0vj23f9fjyj0zp","target":"PaymentMethod:01m0t1yatzadpy0g23wj1cp7wg","request_id":"71c2d2a2-9dba-429d-83b0-7879e8f1cf1b"} 
[2026-08-24 19:59:13] testing.INFO: settings.updated {"audit_id":"01m0t1ybdb81p1e69gtvgrgm8q","actor_id":"01m0t1ybce7ht717z4d6vpnpan","target":":","request_id":"2140bfd5-3e5c-4c1b-80de-f74563d0f0d3"} 
[2026-08-24 19:59:13] testing.INFO: faq.created {"audit_id":"01m0t1ybjrwvpdadyqw3aj5g7e","actor_id":"01m0t1ybgvmjwejvm6gchgspmy","target":"Faq:01m0t1ybjq8ejgmve01bx05yh2","request_id":"6d3c331f-e317-4a82-96ec-c39998aa3e4b"} 
[2026-08-24 19:59:13] testing.INFO: faq.updated {"audit_id":"01m0t1ybjz01y2qx9y5sm1rn0q","actor_id":"01m0t1ybgvmjwejvm6gchgspmy","target":"Faq:01m0t1ybjq8ejgmve01bx05yh2","request_id":"2187e056-15a7-4cad-8149-e3b5c65ae386"} 
[2026-08-24 19:59:13] testing.INFO: faq.deleted {"audit_id":"01m0t1ybpnfd8d9g08mzshsta8","actor_id":"01m0t1ybgvmjwejvm6gchgspmy","target":"Faq:01m0t1ybjq8ejgmve01bx05yh2","request_id":"2d5fd105-710e-453e-8a2e-2fc3106db3e0"} 
[2026-08-24 19:59:14] testing.INFO: attempt.started {"audit_id":"01m0t1yc5whghs8aqw69ddmn6y","actor_id":"01m0t1yc02y8bejb4awth8st13","target":"TestAttempt:01m0t1yc5tp8m9ht22j6fawzsj","request_id":"1edf9662-4811-4217-a8ac-379ccc56988c"} 
[2026-08-24 19:59:14] testing.INFO: attempt.started {"audit_id":"01m0t1ycfpy0cst78gk2wg36kw","actor_id":"01m0t1ycfart64rgewt5c8apv3","target":"TestAttempt:01m0t1ycfna8c989n1ccsnf90w","request_id":"cc7a8462-8bb0-45e4-8791-eafae04f9d52"} 
[2026-08-24 19:59:14] testing.INFO: attempt.started {"audit_id":"01m0t1ycfzvt7xst9y0v4rf14m","actor_id":"01m0t1ycfart64rgewt5c8apv3","target":"TestAttempt:01m0t1ycfna8c989n1ccsnf90w","request_id":"54ea9ddb-d5b0-4c9e-8bfb-34e00396cf2e"} 
[2026-08-24 19:59:14] testing.INFO: attempt.started {"audit_id":"01m0t1yckjjgr2ep5csgv6sfnv","actor_id":"01m0t1yck4t992w2me79cp3vcc","target":"TestAttempt:01m0t1yckhb7s19g22w9dbcp3p","request_id":"09ebce86-c950-4828-9a72-54a81e20e55f"} 
[2026-08-24 19:59:15] testing.INFO: attempt.started {"audit_id":"01m0t1ycrgr0253n8xfzw7h79j","actor_id":"01m0t1ycr28wwbk293vfcsbx4n","target":"TestAttempt:01m0t1ycrfxjhscb3p7b9d5x9b","request_id":"6b22708f-1e51-4d50-856e-69fe6bbecec8"} 
[2026-08-24 19:59:15] testing.INFO: attempt.submitted {"audit_id":"01m0t1ycv7qcqchr2adbe4vt6p","actor_id":"01m0t1ycr28wwbk293vfcsbx4n","target":"TestAttempt:01m0t1ycrfxjhscb3p7b9d5x9b","request_id":"9269589f-d92d-463c-81c3-52bf6b32f6a4"} 
[2026-08-24 19:59:15] testing.INFO: auth.registered {"audit_id":"01m0t1yd4d365vw0cnbdsq90t7","actor_id":"01m0t1yd4bxm4sh1bnyessf39s","target":"User:01m0t1yd4bxm4sh1bnyessf39s","request_id":"1bca85b2-9f7d-4b7b-b990-7298abbf1274"} 
[2026-08-24 19:59:15] testing.INFO: auth.logged_in {"audit_id":"01m0t1ydaevb95phte1hnd7gjf","actor_id":"01m0t1yd874r3w1t41r7twvzr2","target":"User:01m0t1yd874r3w1t41r7twvzr2","request_id":"4cb08baf-7740-4a6b-a3cd-6b5cbb555ac2"} 
[2026-08-24 19:59:15] testing.INFO: auth.logged_out {"audit_id":"01m0t1ydc3jz8bp4pjvrrpnpdm","actor_id":"01m0t1yd874r3w1t41r7twvzr2","target":"User:01m0t1yd874r3w1t41r7twvzr2","request_id":"4a612f95-f338-47ca-b974-8653bd34249e"} 
[2026-08-24 19:59:15] testing.INFO: auth.logged_in {"audit_id":"01m0t1ydc9gp1cjss0075jprbj","actor_id":"01m0t1yd874r3w1t41r7twvzr2","target":"User:01m0t1yd874r3w1t41r7twvzr2","request_id":"5f8f02ec-4233-4cbd-b5ab-d84059a8aa32"} 
[2026-08-24 19:59:15] testing.INFO: auth.account_locked {"audit_id":"01m0t1ydn5awjrpt7nqjgh69rk","actor_id":"01m0t1ydme4tbmeyke5cew8cy0","target":"User:01m0t1ydme4tbmeyke5cew8cy0","request_id":"ed4970f5-2cb2-40fa-b0b0-c24105a35ada"} 
[2026-08-24 19:59:16] testing.INFO: auth.password_changed {"audit_id":"01m0t1ydt4950na4btarm9cp44","actor_id":"01m0t1ydsnwx59mz29gf3dcy0z","target":"User:01m0t1ydsnwx59mz29gf3dcy0z","request_id":"f1f5eab6-1e9b-465a-a237-a56334da510f"} 
[2026-08-24 19:59:16] testing.INFO: account.profile_updated {"audit_id":"01m0t1ydxk55044ptdfsyk6mj9","actor_id":"01m0t1ydxb5ct7w55pntsb4t6t","target":"User:01m0t1ydxb5ct7w55pntsb4t6t","request_id":"4ef3af5d-00ec-4252-af3a-e69b8f826250"} 
[2026-08-24 19:59:16] testing.INFO: course.updated {"audit_id":"01m0t1ye6n9njs0d372ekb0rqx","actor_id":"01m0t1ye48r84gxp4eycfva7kb","target":"Course:01m0t1ye4afxee1ng3bhpyhkqx","request_id":"42608049-7b38-4d64-b86e-bafb7ab7171e"} 
[2026-08-24 19:59:16] testing.INFO: course.updated {"audit_id":"01m0t1yeeq42vyzmjjgatyhac7","actor_id":"01m0t1yed7fgzdbepytt5wydc2","target":"Course:01m0t1yed86rw4w8dawmv4eddh","request_id":"19dbf0ef-6169-4322-9803-24702f421735"} 
[2026-08-24 19:59:16] testing.INFO: course.thumbnail_updated {"audit_id":"01m0t1yek14fb8k3j1cg0qtnwz","actor_id":"01m0t1yej56epehqdxzc9e8w2a","target":"Course:01m0t1yej7zyr00syztne80mjb","request_id":"e3e03a84-62fa-4bf5-9936-b4943df54837"} 
[2026-08-24 19:59:16] testing.INFO: course.thumbnail_updated {"audit_id":"01m0t1yekhwxs00brx1gvzh4hx","actor_id":"01m0t1yej56epehqdxzc9e8w2a","target":"Course:01m0t1yej7zyr00syztne80mjb","request_id":"1fb93ef5-2942-4ed3-a41a-d590388646f5"} 
[2026-08-24 19:59:17] testing.INFO: course.thumbnail_updated {"audit_id":"01m0t1yeqqh5rss3dt7chprsdj","actor_id":"01m0t1yeq6h3d6x3r7bzmcknjb","target":"Course:01m0t1yeq7byrv357etjg7wbjg","request_id":"0609f41e-6ed6-45b8-a266-60dcfbcf8d95"} 
[2026-08-24 19:59:17] testing.INFO: course.thumbnail_removed {"audit_id":"01m0t1yer07ppekv8qq41mr30g","actor_id":"01m0t1yeq6h3d6x3r7bzmcknjb","target":"Course:01m0t1yeq7byrv357etjg7wbjg","request_id":"1eae40e6-f748-4059-9a44-93b499d1f8d4"} 
[2026-08-24 19:59:17] testing.INFO: course.thumbnail_updated {"audit_id":"01m0t1yevyczgkvphfvdpe53dw","actor_id":"01m0t1yevc5521fn1wkm568gf3","target":"Course:01m0t1yevdskcrrgct3s8b5y4f","request_id":"e7f84817-d5f5-43fd-9560-78f0db36a450"} 
[2026-08-24 19:59:22] testing.INFO: payment.approved {"audit_id":"01m0t1ykx45nfyx27qh2hjqdd1","actor_id":"01m0t1yfan3php1tajss0263vr","target":"Payment:01m0t1yfavb1c461x2ms4stwhk","request_id":"ca224c42-d87e-4837-b8e3-bc5746390cde"} 
[2026-08-24 19:59:22] testing.INFO: auth.logged_in {"audit_id":"01m0t1ym64ygpfkr872eetzyk1","actor_id":"01m0t1ym5svmbxfwp4ezhwjbk0","target":"User:01m0t1ym5svmbxfwp4ezhwjbk0","request_id":"ebaaf3ee-452c-4294-9880-30625be82892"} 
[2026-08-24 19:59:22] testing.INFO: auth.logged_out {"audit_id":"01m0t1ym6c8e23e8g7ctpgz2fb","actor_id":"01m0t1ym5svmbxfwp4ezhwjbk0","target":"User:01m0t1ym5svmbxfwp4ezhwjbk0","request_id":"7e5640ba-e2a9-4af2-bfe0-b7c2dfc82a0b"} 
[2026-08-24 19:59:22] testing.INFO: auth.logged_in {"audit_id":"01m0t1ym6mx2byyx6rc01q479b","actor_id":"01m0t1ym5svmbxfwp4ezhwjbk0","target":"User:01m0t1ym5svmbxfwp4ezhwjbk0","request_id":"ad439462-cbcd-46f7-a46b-cf1a7ac53323"} 
[2026-08-24 19:59:22] testing.INFO: auth.logged_in {"audit_id":"01m0t1ymacnvnf0b516wd2k1xr","actor_id":"01m0t1yma400s2g89rjqfbc10c","target":"User:01m0t1yma400s2g89rjqfbc10c","request_id":"0c561688-b7db-4106-976b-491ff5091536"} 
[2026-08-24 19:59:23] testing.INFO: user.devices_reset {"audit_id":"01m0t1ymkwdjbyq2m9he74xdy4","actor_id":"01m0t1ymebwa37xc0qenew0xxn","target":"User:01m0t1ymef7fxvj9407bbk9w4d","request_id":"f116fb12-2b50-4610-b06e-36cff86cf017"} 
[2026-08-24 19:59:23] testing.INFO: settings.updated {"audit_id":"01m0t1yn2ca6jg1an9p28eaw8a","actor_id":"01m0t1yn217t8tm1q9v54vwpe1","target":":","request_id":"cdeb4c66-4dc0-4809-8f29-4bf5d19737f5"} 
[2026-08-24 19:59:23] testing.INFO: settings.updated {"audit_id":"01m0t1yn63kz2byes3ws63m4q4","actor_id":"01m0t1yn5rcp32j0v6j10pe2se","target":":","request_id":"2489f45d-2bed-4fdf-88f3-266ca8f9bd11"} 
[2026-08-24 19:59:23] testing.INFO: settings.updated {"audit_id":"01m0t1yn6dnfjaew7zeppg1vb4","actor_id":"01m0t1yn5rcp32j0v6j10pe2se","target":":","request_id":"bd4ac5a9-7eee-4754-84ed-a581cc4d9313"} 
[2026-08-24 19:59:23] testing.INFO: settings.institution_logo_updated {"audit_id":"01m0t1ynednhzevmp2hkfkbv0d","actor_id":"01m0t1yndd7f182bvhexp85dcm","target":":","request_id":"34c5ad0d-8e35-4dc7-8287-cb2a584f4c7c"} 
[2026-08-24 19:59:23] testing.INFO: settings.institution_logo_updated {"audit_id":"01m0t1yney2cbe2kprpfcsjxe0","actor_id":"01m0t1yndd7f182bvhexp85dcm","target":":","request_id":"3c945929-6457-4fc0-ae93-d719e464fbf4"} 
[2026-08-24 19:59:23] testing.INFO: settings.institution_logo_removed {"audit_id":"01m0t1ynf6nkb79ezkm7t0t6pp","actor_id":"01m0t1yndd7f182bvhexp85dcm","target":":","request_id":"9397df6d-ce3c-410b-99b1-f8142f093a9c"} 
[2026-08-24 19:59:24] testing.INFO: settings.institution_favicon_updated {"audit_id":"01m0t1ynjywscepft3afcb98vd","actor_id":"01m0t1ynjhbz0bfp6xcd8rw8wm","target":":","request_id":"b69cecf0-8f37-421a-af03-06e86a65ed69"} 
[2026-08-24 19:59:24] testing.INFO: settings.updated {"audit_id":"01m0t1ynqtzbmrhffe59c1jnqs","actor_id":"01m0t1ynqf8sxaqgafjbhtrc6n","target":":","request_id":"81e57417-b1a5-4bcb-b125-1950b15b65d6"} 
[2026-08-24 19:59:24] testing.INFO: auth.logged_in {"audit_id":"01m0t1ypdx9956b0m5p99zg1cw","actor_id":"01m0t1ypckxv1ar7kcrbrjjd30","target":"User:01m0t1ypckxv1ar7kcrbrjjd30","request_id":"84dd44aa-a38d-4474-94c6-6477feb46582"} 
[2026-08-24 19:59:25] testing.INFO: auth.login_blocked_suspended {"audit_id":"01m0t1ypm90skz4gjmye6vxfm1","actor_id":"01m0t1ypm2v8665n04pwyayr6x","target":"User:01m0t1ypm2v8665n04pwyayr6x","request_id":"e9625d86-b907-4fa7-ab97-fb46d1ed160e"} 
[2026-08-24 19:59:25] testing.INFO: auth.logged_out {"audit_id":"01m0t1yptk7yrg1dsj566debwm","actor_id":"01m0t1yptbm4nwwxy8xdrakeb3","target":"User:01m0t1yptbm4nwwxy8xdrakeb3","request_id":"b1073022-36bc-4a79-b1c2-9cc15b05b415"} 
[2026-08-24 19:59:25] testing.INFO: auth.logged_in {"audit_id":"01m0t1ypym529bmae1y639a7wt","actor_id":"01m0t1ypyd3vv9p5p7eqj6zn3g","target":"User:01m0t1ypyd3vv9p5p7eqj6zn3g","request_id":"cbb71913-1c35-4d21-a054-12be72d6bee1"} 
[2026-08-24 19:59:25] testing.INFO: payment.approved {"audit_id":"01m0t1yq9arfyxjct4jvhsrd23","actor_id":"01m0t1yq343rp7jpx1mnaf0dtn","target":"Payment:01m0t1yq35j148nkwww5hh4z2f","request_id":"fa36c70a-cae4-499b-8ca9-c23ced65b426"} 
[2026-08-24 19:59:26] testing.INFO: payment.approved {"audit_id":"01m0t1yqjyqcgjmgqjm2jvxrke","actor_id":"01m0t1yqcvvm6dm8frbzmfpevw","target":"Payment:01m0t1yqcxh0yn27838zc3qj0t","request_id":"eb15b805-641e-44c9-870f-6f33bc9ac15d"} 
[2026-08-24 19:59:26] testing.INFO: payment.approved {"audit_id":"01m0t1yra36xncpg91kkvmv5r4","actor_id":"01m0t1yr3vb1v7fhjd31bs0psb","target":"Payment:01m0t1yr3xbysfsrfxjvmngsv1","request_id":"809ff48f-342e-42b8-b313-1743669dc50d"} 
[2026-08-24 19:59:27] testing.INFO: payment.rejected {"audit_id":"01m0t1yrg8s714axp4ndtyyw6a","actor_id":"01m0t1yrftesv0yzh7aqvyz9tt","target":"Payment:01m0t1yrfwqb3q5sn0es36bckr","request_id":"25ffd370-3238-4017-b5e2-1351609cc03f"} 
[2026-08-24 19:59:27] testing.INFO: refund.recorded {"audit_id":"01m0t1yrx0fxxfna7vver0kre9","actor_id":"01m0t1yrtvftqthgd0sqqmd6xd","target":"Refund:01m0t1yrwzab647pw4tgb2gajd","request_id":"57ea018b-0fd2-49be-ada2-a79f397d7fe5"} 
[2026-08-24 19:59:27] testing.INFO: refund.processed {"audit_id":"01m0t1yrxg26hxyyd1dsgymhvw","actor_id":"01m0t1yrtxa56ekaz6fedrgw2j","target":"Refund:01m0t1yrwzab647pw4tgb2gajd","request_id":"6d8403b5-e47e-4c7d-9218-1021d3c93872"} 
[2026-08-24 19:59:29] testing.INFO: user.suspend {"audit_id":"01m0t1ytxg65bxr1z5tewtkxvq","actor_id":"01m0t1ytwpz6mbj5dahktten52","target":"User:01m0t1ytwv2b766feywk0ep832","request_id":"94324caf-e4f0-462c-b915-569580297102"} 
[2026-08-24 19:59:29] testing.INFO: user.archived {"audit_id":"01m0t1yv21h1hk48ydcerjppq1","actor_id":"01m0t1yv13hnf4e4h5h7sc7r66","target":"User:01m0t1yv19agwyq45ybn7jfsn0","request_id":"f8fd070e-66fc-4c15-998e-51f30397fdc3"} 
[2026-08-24 19:59:29] testing.INFO: user.archived {"audit_id":"01m0t1yv5jxbkspv95wspp1cn0","actor_id":"01m0t1yv5b9yzzg065sc0qyrfs","target":"User:01m0t1yv4zfmearyk6qgd5wc8e","request_id":"f8a58e8b-b9d2-4ada-bd24-8651dd36a1d8"} 
[2026-08-24 19:59:29] testing.INFO: user.updated {"audit_id":"01m0t1yv96sfawr5v7rf7k83y0","actor_id":"01m0t1yv8xpjar1wnkmyaetfvx","target":"User:01m0t1yv8z7x1tyfsgknpkmh8m","request_id":"e3493158-46c3-4398-bc29-492332789eef"} 
[2026-08-24 19:59:30] testing.INFO: test.published {"audit_id":"01m0t1yvz3wbf53hrczsxtyt3v","actor_id":"01m0t1yvy6qehjqey2fazge382","target":"Test:01m0t1yvyae7nvspvxt5c755pg","request_id":"cc380e4d-031f-4a30-b76a-465e5166f40d"} 
[2026-08-24 19:59:30] testing.INFO: course.thumbnail_updated {"audit_id":"01m0t1yw98bh2a1ryyemf3tvs9","actor_id":"01m0t1yw8nx51ht5jg556tw1a2","target":"Course:01m0t1yw8p2xndvvwkk4w74b63","request_id":"7de6a257-cc06-4953-9767-e673f60df5b4"} 
[2026-08-24 19:59:31] testing.INFO: course.updated {"audit_id":"01m0t1ywdpdcj57pvvrtgpwfhp","actor_id":"01m0t1ywdases29be7nsw9xsnq","target":"Course:01m0t1ywdbcy7f9kp61ted6h6b","request_id":"895b08e5-a5fb-476c-9049-a7fdedd56309"} 
[2026-08-24 19:59:31] testing.INFO: settings.payment_method_qr_updated {"audit_id":"01m0t1ywhkj2715yp210ycw3xg","actor_id":"01m0t1ywh6m05d5q6jkahmmd6e","target":"PaymentMethod:01m0t1ywh36cs33kw71x1wc4rq","request_id":"34018b0b-11a1-4441-a453-df6e6e1730a1"} 
[2026-08-24 19:59:31] testing.INFO: settings.institution_logo_updated {"audit_id":"01m0t1ywn41wj2cf1grasbz1mx","actor_id":"01m0t1ywmpbyhnc7sjtdq2s80e","target":":","request_id":"ccb043e3-7d2b-404f-abd7-7467770a9e77"} 
[2026-08-24 19:59:35] testing.INFO: payment.submitted {"audit_id":"01m0t1z0gn42sk200dkh2afn70","actor_id":"01m0t1z0cjnreqc7gxa17a0gdt","target":"Payment:01m0t1z0gkb6tmarftysv50fkw","request_id":"58cd0421-fa07-4b75-80b7-fbc0c4777ccf"} 
[2026-08-24 19:59:35] testing.INFO: payment.approved_at_capture {"audit_id":"01m0t1z0pm6pvk3yt2kdyvj716","actor_id":"01m0t1z0cjnreqc7gxa17a0gdt","target":"Payment:01m0t1z0gkb6tmarftysv50fkw","request_id":"58cd0421-fa07-4b75-80b7-fbc0c4777ccf"} 
[2026-08-24 19:59:35] testing.INFO: payment.submitted {"audit_id":"01m0t1z0v08ybkgseyry3rbs9t","actor_id":"01m0t1z0t6fcftvemdnxnqw3yc","target":"Payment:01m0t1z0tzdsyd56yd2c8y7wpw","request_id":"4f412449-2852-4333-bb02-ec31d1e4995c"} 
[2026-08-24 19:59:35] testing.INFO: payment.approved {"audit_id":"01m0t1z119bn2q1v6p2ve33y58","actor_id":"01m0t1z0t8f9kbxfqmztgqjtz7","target":"Payment:01m0t1z0tzdsyd56yd2c8y7wpw","request_id":"3840609a-3a78-40fe-8159-a3144e60f267"} 
[2026-08-24 19:59:35] testing.INFO: payment.submitted {"audit_id":"01m0t1z16dzdaqcdz84merhw8m","actor_id":"01m0t1z15j04t11pm9cys7avn6","target":"Payment:01m0t1z16ckwgc59n1k9y5pddj","request_id":"02fab3bc-2e56-4cff-a90f-474994bc1c1b"} 
[2026-08-24 19:59:36] testing.INFO: payment.approved_at_capture {"audit_id":"01m0t1z1cp1q59zerazrzqqdj7","actor_id":"01m0t1z15j04t11pm9cys7avn6","target":"Payment:01m0t1z16ckwgc59n1k9y5pddj","request_id":"02fab3bc-2e56-4cff-a90f-474994bc1c1b"} 
[2026-08-24 19:59:36] testing.INFO: payment.submitted {"audit_id":"01m0t1z1dca616qnhj6fc8xj7t","actor_id":"01m0t1z15j04t11pm9cys7avn6","target":"Payment:01m0t1z1dbt3wdtvhwhy9scwe4","request_id":"cc7214b9-defe-4649-be4c-ccae98c86aa6"} 
[2026-08-24 19:59:36] testing.INFO: payment.approved {"audit_id":"01m0t1z1knr8jq8pcawq37c105","actor_id":"01m0t1z15mywnsnjv3zycnmq12","target":"Payment:01m0t1z1dbt3wdtvhwhy9scwe4","request_id":"f716ef85-0984-42ee-95ea-a1eb1735f08d"} 
[2026-08-24 19:59:36] testing.INFO: course.created {"audit_id":"01m0t1z1rd2mp70hx2k22gfphh","actor_id":"01m0t1z1qt88b4ma0cmt82jh7y","target":"Course:01m0t1z1rbx9h0z441qcemvb9x","request_id":"c104041c-2d14-404f-85c7-7f4ef3e8b226"} 
[2026-08-24 19:59:36] testing.INFO: category.created {"audit_id":"01m0t1z1xvt8rh4embrkne0zj3","actor_id":"01m0t1z1w6zf20ttwa9vzftgvf","target":"Category:01m0t1z1xt8bxd949mnacn8rpf","request_id":"e37524cb-a579-48de-869c-99759ecb915d"} 
[2026-08-24 19:59:36] testing.INFO: syllabus.updated {"audit_id":"01m0t1z232c1qz7y5tp9g6wv58","actor_id":"01m0t1z219jekx4dff6704xs6z","target":"Course:01m0t1z21b229yqnvrk3v3nzxc","request_id":"f5099d14-0247-4bd1-b592-d5177efbaa08"} 
[2026-08-24 19:59:37] testing.INFO: export.generated {"audit_id":"01m0t1z288q4b67r03sea89fy7","actor_id":"01m0t1z26nrgqemam7rmhjgdma","target":":","request_id":"63eb5e76-6ad3-4080-b5ac-ba917eab505e"} 
[2026-08-24 19:59:38] testing.INFO: payment.approved {"audit_id":"01m0t1z3f5a7gh947nb3ebpdwj","actor_id":"01m0t1z38zd6yfrqdgs7me5p0c","target":"Payment:01m0t1z3916msfh3571shkdz7x","request_id":"9911a185-1154-4cd3-8d1f-540caeb15406"} 
[2026-08-24 19:59:39] testing.INFO: recording.deleted {"audit_id":"01m0t1z4ajqdwtdst9tgnwc2ey","actor_id":"01m0t1z4868t1xny9q3b62dzxv","target":"Recording:01m0t1z4885bmf0ec6epsxrp0m","request_id":"9406ac70-165a-4baf-a692-da5d8c866e8b"} 
[2026-08-24 19:59:39] testing.INFO: recording.resynced {"audit_id":"01m0t1z4ghjgetsccrmtn81zfs","actor_id":"01m0t1z4fyatd6541pvd1kn38r","target":"Recording:01m0t1z4g3xfbwhpwq4qgqamdr","request_id":"0add979a-0d6a-4fe7-942b-ff9573f3b6c9"} 
